?   	virmill.local/core/cmd/virmill	[no test files]
?   	virmill.local/core/cmd/virmill-dev	[no test files]
?   	virmill.local/core/cmd/virmill-host-helper	[no test files]
?   	virmill.local/core/cmd/virmilld	[no test files]
?   	virmill.local/core/contracts	[no test files]
ok  	virmill.local/core/internal/app	1.555s
ok  	virmill.local/core/internal/app/devices	1.012s
ok  	virmill.local/core/internal/app/importer	1.067s
?   	virmill.local/core/internal/app/lab	[no test files]
ok  	virmill.local/core/internal/app/network	1.014s
ok  	virmill.local/core/internal/app/protection	1.015s
ok  	virmill.local/core/internal/app/provision	1.148s
ok  	virmill.local/core/internal/app/storage	1.012s
ok  	virmill.local/core/internal/backend/fileidentity	1.018s
ok  	virmill.local/core/internal/backend/image	1.015s
ok  	virmill.local/core/internal/backend/libvirt	1.875s
ok  	virmill.local/core/internal/backend/seed	1.032s
ok  	virmill.local/core/internal/backend/xmlpatch	1.581s
?   	virmill.local/core/internal/buildinfo	[no test files]
ok  	virmill.local/core/internal/creating	12.574s
?   	virmill.local/core/internal/domain	[no test files]
ok  	virmill.local/core/internal/helper	1.018s
ok  	virmill.local/core/internal/importing	2.047s
ok  	virmill.local/core/internal/operations	1.170s
ok  	virmill.local/core/internal/platform/linux	1.021s
ok  	virmill.local/core/internal/plugins	2.974s
ok  	virmill.local/core/internal/store	1.038s
ok  	virmill.local/core/internal/transport/local	1.050s
ok  	virmill.local/core/internal/ui	1.043s
ok  	virmill.local/core/internal/ui/cli	1.067s
ok  	virmill.local/core/internal/ui/tui	1.053s
ok  	virmill.local/core/internal/validation	1.110s
ok  	virmill.local/core/internal/wire	1.012s
?   	virmill.local/core/schemas	[no test files]
