?   	virmill.local/core/cmd/virmill	[no test files]
?   	virmill.local/core/cmd/virmill-dev	[no test files]
?   	virmill.local/core/cmd/virmill-host-helper	[no test files]
?   	virmill.local/core/cmd/virmilld	[no test files]
?   	virmill.local/core/contracts	[no test files]
ok  	virmill.local/core/internal/app	1.456s
ok  	virmill.local/core/internal/app/devices	1.014s
ok  	virmill.local/core/internal/app/importer	1.056s
?   	virmill.local/core/internal/app/lab	[no test files]
ok  	virmill.local/core/internal/app/network	1.014s
ok  	virmill.local/core/internal/app/protection	1.012s
ok  	virmill.local/core/internal/app/provision	1.147s
ok  	virmill.local/core/internal/app/storage	1.014s
ok  	virmill.local/core/internal/backend/fileidentity	1.012s
ok  	virmill.local/core/internal/backend/image	1.018s
ok  	virmill.local/core/internal/backend/libvirt	1.674s
ok  	virmill.local/core/internal/backend/seed	1.030s
ok  	virmill.local/core/internal/backend/xmlpatch	1.553s
?   	virmill.local/core/internal/buildinfo	[no test files]
ok  	virmill.local/core/internal/creating	6.133s
?   	virmill.local/core/internal/domain	[no test files]
ok  	virmill.local/core/internal/helper	1.023s
ok  	virmill.local/core/internal/importing	1.996s
ok  	virmill.local/core/internal/operations	1.163s
ok  	virmill.local/core/internal/platform/linux	1.017s
ok  	virmill.local/core/internal/plugins	2.844s
ok  	virmill.local/core/internal/store	1.057s
ok  	virmill.local/core/internal/transport/local	1.038s
ok  	virmill.local/core/internal/ui	1.035s
ok  	virmill.local/core/internal/ui/cli	1.055s
ok  	virmill.local/core/internal/ui/tui	1.049s
ok  	virmill.local/core/internal/validation	1.111s
ok  	virmill.local/core/internal/wire	1.012s
?   	virmill.local/core/schemas	[no test files]
