?   	virmill.local/core/cmd/virmill	[no test files]
?   	virmill.local/core/cmd/virmill-dev	[no test files]
?   	virmill.local/core/cmd/virmill-host-helper	[no test files]
?   	virmill.local/core/cmd/virmilld	[no test files]
?   	virmill.local/core/contracts	[no test files]
ok  	virmill.local/core/internal/app	1.728s
ok  	virmill.local/core/internal/app/devices	1.014s
ok  	virmill.local/core/internal/app/importer	1.076s
?   	virmill.local/core/internal/app/lab	[no test files]
ok  	virmill.local/core/internal/app/network	1.410s
ok  	virmill.local/core/internal/app/protection	3.077s
ok  	virmill.local/core/internal/app/provision	1.367s
ok  	virmill.local/core/internal/app/storage	1.014s
ok  	virmill.local/core/internal/backend/fileaccess	1.036s
ok  	virmill.local/core/internal/backend/fileidentity	1.016s
ok  	virmill.local/core/internal/backend/image	1.018s
ok  	virmill.local/core/internal/backend/libvirt	5.644s
ok  	virmill.local/core/internal/backend/seed	1.032s
ok  	virmill.local/core/internal/backend/xmlpatch	1.649s
?   	virmill.local/core/internal/buildinfo	[no test files]
ok  	virmill.local/core/internal/creating	15.398s
?   	virmill.local/core/internal/domain	[no test files]
ok  	virmill.local/core/internal/helper	1.055s
ok  	virmill.local/core/internal/importing	2.101s
ok  	virmill.local/core/internal/operations	1.200s
ok  	virmill.local/core/internal/platform/linux	1.114s
ok  	virmill.local/core/internal/plugins	7.151s
ok  	virmill.local/core/internal/storageaccess	1.224s
ok  	virmill.local/core/internal/store	1.052s
ok  	virmill.local/core/internal/transport/local	1.045s
ok  	virmill.local/core/internal/ui	1.040s
ok  	virmill.local/core/internal/ui/cli	1.091s
ok  	virmill.local/core/internal/ui/tui	1.075s
ok  	virmill.local/core/internal/validation	1.142s
ok  	virmill.local/core/internal/wire	1.018s
?   	virmill.local/core/schemas	[no test files]
