?   	virmill.local/core/cmd/virmill	[no test files]
?   	virmill.local/core/cmd/virmill-dev	[no test files]
?   	virmill.local/core/cmd/virmill-host-helper	[no test files]
?   	virmill.local/core/cmd/virmilld	[no test files]
?   	virmill.local/core/contracts	[no test files]
ok  	virmill.local/core/internal/app	1.802s
ok  	virmill.local/core/internal/app/devices	1.023s
ok  	virmill.local/core/internal/app/importer	1.089s
?   	virmill.local/core/internal/app/lab	[no test files]
ok  	virmill.local/core/internal/app/network	1.472s
ok  	virmill.local/core/internal/app/protection	3.924s
ok  	virmill.local/core/internal/app/provision	1.272s
ok  	virmill.local/core/internal/app/storage	1.015s
ok  	virmill.local/core/internal/backend/coldfiles	1.127s
ok  	virmill.local/core/internal/backend/fileaccess	1.045s
ok  	virmill.local/core/internal/backend/fileidentity	1.019s
ok  	virmill.local/core/internal/backend/image	2.144s
ok  	virmill.local/core/internal/backend/libvirt	6.532s
ok  	virmill.local/core/internal/backend/seed	1.281s
ok  	virmill.local/core/internal/backend/xmlpatch	1.601s
?   	virmill.local/core/internal/buildinfo	[no test files]
ok  	virmill.local/core/internal/creating	14.561s
?   	virmill.local/core/internal/domain	[no test files]
ok  	virmill.local/core/internal/helper	1.106s
ok  	virmill.local/core/internal/importing	3.107s
ok  	virmill.local/core/internal/operations	1.205s
ok  	virmill.local/core/internal/platform/linux	1.146s
ok  	virmill.local/core/internal/plugins	10.445s
ok  	virmill.local/core/internal/storageaccess	1.232s
ok  	virmill.local/core/internal/store	1.046s
ok  	virmill.local/core/internal/transport/local	1.059s
ok  	virmill.local/core/internal/ui	1.045s
ok  	virmill.local/core/internal/ui/cli	1.442s
ok  	virmill.local/core/internal/ui/tui	1.342s
ok  	virmill.local/core/internal/validation	1.215s
ok  	virmill.local/core/internal/wire	1.018s
?   	virmill.local/core/schemas	[no test files]
