?   	virmill.local/core/cmd/virmill	[no test files]
?   	virmill.local/core/cmd/virmill-dev	[no test files]
?   	virmill.local/core/cmd/virmill-host-helper	[no test files]
?   	virmill.local/core/cmd/virmilld	[no test files]
?   	virmill.local/core/contracts	[no test files]
ok  	virmill.local/core/internal/app	1.790s
ok  	virmill.local/core/internal/app/devices	1.018s
ok  	virmill.local/core/internal/app/importer	1.086s
?   	virmill.local/core/internal/app/lab	[no test files]
ok  	virmill.local/core/internal/app/network	1.476s
ok  	virmill.local/core/internal/app/protection	3.890s
ok  	virmill.local/core/internal/app/provision	1.364s
ok  	virmill.local/core/internal/app/storage	1.021s
ok  	virmill.local/core/internal/backend/coldfiles	1.043s
ok  	virmill.local/core/internal/backend/fileaccess	1.034s
ok  	virmill.local/core/internal/backend/fileidentity	1.015s
ok  	virmill.local/core/internal/backend/image	1.019s
ok  	virmill.local/core/internal/backend/libvirt	6.368s
ok  	virmill.local/core/internal/backend/seed	1.033s
ok  	virmill.local/core/internal/backend/xmlpatch	1.595s
?   	virmill.local/core/internal/buildinfo	[no test files]
ok  	virmill.local/core/internal/creating	14.421s
?   	virmill.local/core/internal/domain	[no test files]
ok  	virmill.local/core/internal/helper	1.115s
ok  	virmill.local/core/internal/importing	2.144s
ok  	virmill.local/core/internal/operations	1.231s
ok  	virmill.local/core/internal/platform/linux	1.121s
ok  	virmill.local/core/internal/plugins	11.355s
ok  	virmill.local/core/internal/storageaccess	1.256s
ok  	virmill.local/core/internal/store	1.050s
ok  	virmill.local/core/internal/transport/local	1.053s
ok  	virmill.local/core/internal/ui	1.048s
ok  	virmill.local/core/internal/ui/cli	1.208s
ok  	virmill.local/core/internal/ui/tui	1.194s
ok  	virmill.local/core/internal/validation	1.216s
ok  	virmill.local/core/internal/wire	1.016s
?   	virmill.local/core/schemas	[no test files]
