?   	virmill.local/core/cmd/virmill	[no test files]
?   	virmill.local/core/cmd/virmill-dev	[no test files]
?   	virmill.local/core/cmd/virmill-host-helper	[no test files]
?   	virmill.local/core/cmd/virmilld	[no test files]
?   	virmill.local/core/contracts	[no test files]
ok  	virmill.local/core/internal/app	1.766s
ok  	virmill.local/core/internal/app/devices	1.023s
ok  	virmill.local/core/internal/app/importer	1.102s
?   	virmill.local/core/internal/app/lab	[no test files]
ok  	virmill.local/core/internal/app/network	1.457s
ok  	virmill.local/core/internal/app/protection	3.867s
ok  	virmill.local/core/internal/app/provision	1.210s
ok  	virmill.local/core/internal/app/storage	1.024s
ok  	virmill.local/core/internal/backend/coldfiles	1.153s
ok  	virmill.local/core/internal/backend/fileaccess	1.041s
ok  	virmill.local/core/internal/backend/fileidentity	1.028s
ok  	virmill.local/core/internal/backend/image	2.106s
ok  	virmill.local/core/internal/backend/libvirt	6.628s
ok  	virmill.local/core/internal/backend/seed	1.283s
ok  	virmill.local/core/internal/backend/xmlpatch	1.569s
?   	virmill.local/core/internal/buildinfo	[no test files]
ok  	virmill.local/core/internal/creating	13.845s
?   	virmill.local/core/internal/domain	[no test files]
ok  	virmill.local/core/internal/helper	1.095s
ok  	virmill.local/core/internal/importing	3.039s
ok  	virmill.local/core/internal/operations	1.197s
ok  	virmill.local/core/internal/platform/linux	1.144s
ok  	virmill.local/core/internal/plugins	10.387s
ok  	virmill.local/core/internal/storageaccess	1.233s
ok  	virmill.local/core/internal/store	1.048s
ok  	virmill.local/core/internal/transport/local	1.051s
ok  	virmill.local/core/internal/ui	1.044s
ok  	virmill.local/core/internal/ui/cli	1.425s
ok  	virmill.local/core/internal/ui/tui	1.335s
ok  	virmill.local/core/internal/validation	1.192s
ok  	virmill.local/core/internal/wire	1.014s
?   	virmill.local/core/schemas	[no test files]
