?   	virmill.local/core/cmd/virmill	[no test files]
?   	virmill.local/core/cmd/virmill-dev	[no test files]
?   	virmill.local/core/cmd/virmill-host-helper	[no test files]
?   	virmill.local/core/cmd/virmilld	[no test files]
?   	virmill.local/core/contracts	[no test files]
=== RUN   TestResourcePlanRefusesLiveSavedAdvancedAndSensitiveInputsBeforeJournal
=== RUN   TestResourcePlanRefusesLiveSavedAdvancedAndSensitiveInputsBeforeJournal/running
=== RUN   TestResourcePlanRefusesLiveSavedAdvancedAndSensitiveInputsBeforeJournal/saved
=== RUN   TestResourcePlanRefusesLiveSavedAdvancedAndSensitiveInputsBeforeJournal/transient
=== RUN   TestResourcePlanRefusesLiveSavedAdvancedAndSensitiveInputsBeforeJournal/topology
=== RUN   TestResourcePlanRefusesLiveSavedAdvancedAndSensitiveInputsBeforeJournal/preflight
=== RUN   TestResourcePlanRefusesLiveSavedAdvancedAndSensitiveInputsBeforeJournal/now
=== RUN   TestResourcePlanRefusesLiveSavedAdvancedAndSensitiveInputsBeforeJournal/secret
=== RUN   TestResourcePlanRefusesLiveSavedAdvancedAndSensitiveInputsBeforeJournal/fraction
=== RUN   TestResourcePlanRefusesLiveSavedAdvancedAndSensitiveInputsBeforeJournal/empty
--- PASS: TestResourcePlanRefusesLiveSavedAdvancedAndSensitiveInputsBeforeJournal (0.07s)
    --- PASS: TestResourcePlanRefusesLiveSavedAdvancedAndSensitiveInputsBeforeJournal/running (0.05s)
    --- PASS: TestResourcePlanRefusesLiveSavedAdvancedAndSensitiveInputsBeforeJournal/saved (0.00s)
    --- PASS: TestResourcePlanRefusesLiveSavedAdvancedAndSensitiveInputsBeforeJournal/transient (0.00s)
    --- PASS: TestResourcePlanRefusesLiveSavedAdvancedAndSensitiveInputsBeforeJournal/topology (0.00s)
    --- PASS: TestResourcePlanRefusesLiveSavedAdvancedAndSensitiveInputsBeforeJournal/preflight (0.00s)
    --- PASS: TestResourcePlanRefusesLiveSavedAdvancedAndSensitiveInputsBeforeJournal/now (0.00s)
    --- PASS: TestResourcePlanRefusesLiveSavedAdvancedAndSensitiveInputsBeforeJournal/secret (0.00s)
    --- PASS: TestResourcePlanRefusesLiveSavedAdvancedAndSensitiveInputsBeforeJournal/fraction (0.00s)
    --- PASS: TestResourcePlanRefusesLiveSavedAdvancedAndSensitiveInputsBeforeJournal/empty (0.00s)
=== RUN   TestResourcePlanApplyRechecksDriftAndPreservesOpaqueConfiguration
--- PASS: TestResourcePlanApplyRechecksDriftAndPreservesOpaqueConfiguration (0.02s)
=== RUN   TestResourceLostAcknowledgementRecoversAfterJournalReopenWithoutReplay
    resource_edit_test.go:229: synthetic configuration backend and real SQLite reopen only; no native guest evidence
--- PASS: TestResourceLostAcknowledgementRecoversAfterJournalReopenWithoutReplay (0.02s)
=== RUN   TestResourceFailureKeepsUncertaintyAndCancellationDoesNotUndoACompletedDefine
=== RUN   TestResourceFailureKeepsUncertaintyAndCancellationDoesNotUndoACompletedDefine/failure
=== RUN   TestResourceFailureKeepsUncertaintyAndCancellationDoesNotUndoACompletedDefine/cancel-in-flight
--- PASS: TestResourceFailureKeepsUncertaintyAndCancellationDoesNotUndoACompletedDefine (0.04s)
    --- PASS: TestResourceFailureKeepsUncertaintyAndCancellationDoesNotUndoACompletedDefine/failure (0.02s)
    --- PASS: TestResourceFailureKeepsUncertaintyAndCancellationDoesNotUndoACompletedDefine/cancel-in-flight (0.02s)
=== RUN   TestResourceOperationCompatibilityFailsClosed
--- PASS: TestResourceOperationCompatibilityFailsClosed (0.01s)
=== RUN   TestResourcePlanStoresHashesWithoutOpaqueXMLValues
--- PASS: TestResourcePlanStoresHashesWithoutOpaqueXMLValues (0.02s)
=== RUN   TestMissingManagedSaveAndUnknownInputFailBeforeEffect
--- PASS: TestMissingManagedSaveAndUnknownInputFailBeforeEffect (0.00s)
=== RUN   TestResourceInventoryDoesNotPlanAdoptOrMutate
--- PASS: TestResourceInventoryDoesNotPlanAdoptOrMutate (0.00s)
PASS
ok  	virmill.local/core/internal/app	1.230s
=== RUN   TestUSBReconnectionAmbiguityAndHostUse
--- PASS: TestUSBReconnectionAmbiguityAndHostUse (0.00s)
PASS
ok  	virmill.local/core/internal/app/devices	1.016s
=== RUN   TestMultiDiskMultiSystemInspection
--- PASS: TestMultiDiskMultiSystemInspection (0.00s)
=== RUN   TestArchiveAttacks
--- PASS: TestArchiveAttacks (0.01s)
=== RUN   FuzzArchive
=== RUN   FuzzArchive/seed#0
--- PASS: FuzzArchive (0.00s)
    --- PASS: FuzzArchive/seed#0 (0.00s)
PASS
ok  	virmill.local/core/internal/app/importer	1.028s
?   	virmill.local/core/internal/app/lab	[no test files]
=== RUN   TestRouteOverlapAndDefaultRoute
--- PASS: TestRouteOverlapAndDefaultRoute (0.00s)
=== RUN   TestLabDHCPAndGuestOnly
--- PASS: TestLabDHCPAndGuestOnly (0.00s)
PASS
ok  	virmill.local/core/internal/app/network	1.018s
=== RUN   TestFirmwareTPMCompletenessAndIndependentArtifactChecks
--- PASS: TestFirmwareTPMCompletenessAndIndependentArtifactChecks (0.00s)
PASS
ok  	virmill.local/core/internal/app/protection	1.017s
=== RUN   TestNoCloudIdentityAndRoutesAreExplicit
--- PASS: TestNoCloudIdentityAndRoutesAreExplicit (0.00s)
=== RUN   TestProtectedDHCPDoesNotSupplyRoutesOrDNS
--- PASS: TestProtectedDHCPDoesNotSupplyRoutesOrDNS (0.00s)
=== RUN   TestNoCloudRefusesAmbiguousUnsafeOrUnsupportedIntent
--- PASS: TestNoCloudRefusesAmbiguousUnsafeOrUnsupportedIntent (0.00s)
=== RUN   TestPublicKeyWireValidationRejectsPrivateOptionsAndMalformedKeys
--- PASS: TestPublicKeyWireValidationRejectsPrivateOptionsAndMalformedKeys (0.00s)
=== RUN   TestRSAAndECDSAPublicKeysRequireValidWireStructure
--- PASS: TestRSAAndECDSAPublicKeysRequireValidWireStructure (0.13s)
=== RUN   FuzzPublicKey
=== RUN   FuzzPublicKey/seed#0
=== RUN   FuzzPublicKey/seed#1
=== RUN   FuzzPublicKey/seed#2
--- PASS: FuzzPublicKey (0.00s)
    --- PASS: FuzzPublicKey/seed#0 (0.00s)
    --- PASS: FuzzPublicKey/seed#1 (0.00s)
    --- PASS: FuzzPublicKey/seed#2 (0.00s)
PASS
ok  	virmill.local/core/internal/app/provision	1.164s
=== RUN   TestGraphRefusesReferencedUncertainAndCyclicBases
--- PASS: TestGraphRefusesReferencedUncertainAndCyclicBases (0.00s)
PASS
ok  	virmill.local/core/internal/app/storage	1.015s
=== RUN   TestIdentityDetectsPathReplacementAndPreservesOpenObject
--- PASS: TestIdentityDetectsPathReplacementAndPreservesOpenObject (0.00s)
=== RUN   TestIdentityRefusesSymlinkComponentsAndSpecialFiles
--- PASS: TestIdentityRefusesSymlinkComponentsAndSpecialFiles (0.00s)
PASS
ok  	virmill.local/core/internal/backend/fileidentity	1.017s
=== RUN   TestBlankDiskRequiresCompletePositiveZeroMap
--- PASS: TestBlankDiskRequiresCompletePositiveZeroMap (0.00s)
=== RUN   TestRealConfinedEmptyDiskCreation
    empty_linux_test.go:25: enable actual generated image fixture execution explicitly
--- SKIP: TestRealConfinedEmptyDiskCreation (0.00s)
=== RUN   TestRealSelectedFileSetReadsSplitExtentsAndContainedBacking
    files_linux_test.go:32: explicit generated-file namespace test required
--- SKIP: TestRealSelectedFileSetReadsSplitExtentsAndContainedBacking (0.00s)
=== RUN   TestRealSelectedFilesRefuseQEMUWriterLocks
    files_linux_test.go:72: explicit generated QEMU file-lock fixture required
--- SKIP: TestRealSelectedFilesRefuseQEMUWriterLocks (0.00s)
=== RUN   TestRealSourceGuardPreventsNewWriterUntilClosed
    files_linux_test.go:134: explicit generated-file QEMU lock fixture required
--- SKIP: TestRealSourceGuardPreventsNewWriterUntilClosed (0.00s)
=== RUN   TestRealSingleFileMetadataDoesNotFollowBackingAndPinsOpenFile
    metadata_linux_test.go:15: explicit generated-file confined metadata test required
--- SKIP: TestRealSingleFileMetadataDoesNotFollowBackingAndPinsOpenFile (0.00s)
=== RUN   TestSingleFileMetadataRejectsUnsafeInfo
--- PASS: TestSingleFileMetadataRejectsUnsafeInfo (0.00s)
=== RUN   TestBackingGraphRejectsUnapprovedDependencies
--- PASS: TestBackingGraphRejectsUnapprovedDependencies (0.00s)
=== RUN   TestContainedBackingNamesNormalizeWithoutEscapeOrCycles
--- PASS: TestContainedBackingNamesNormalizeWithoutEscapeOrCycles (0.00s)
=== RUN   TestRealConfinedFormatConversions
    tool_linux_test.go:82: explicit disk-tool fixture run required; this is file conversion, not VM boot
--- SKIP: TestRealConfinedFormatConversions (0.00s)
=== RUN   TestRealMissingAndEscapingVMDKExtents
    tool_linux_test.go:131: explicit confined image fixture execution required
--- SKIP: TestRealMissingAndEscapingVMDKExtents (0.00s)
=== RUN   TestRealContainedBackingChainFlattensAndMissingBaseFails
    tool_linux_test.go:173: explicit isolated disk-tool fixture execution required
--- SKIP: TestRealContainedBackingChainFlattensAndMissingBaseFails (0.00s)
PASS
ok  	virmill.local/core/internal/backend/image	1.026s
=== RUN   TestNativeSimulatedConfigurationPreservesOpaqueXMLAndReadback
    configuration_linux_test.go:63: official libvirt in-memory driver: fixed CPU/RAM redefine, opaque metadata preservation and secure readback only; no host domain or guest execution
--- PASS: TestNativeSimulatedConfigurationPreservesOpaqueXMLAndReadback (0.05s)
=== RUN   TestNativeSimulatedSecureDifferenceRefusesBeforeRedefinition
    configuration_linux_test.go:88: in-memory driver redacts a synthetic display password; preservation preflight refuses without echoing it or redefining the domain
--- PASS: TestNativeSimulatedSecureDifferenceRefusesBeforeRedefinition (0.02s)
=== RUN   TestSecureConfigurationErrorNeverContainsValues
--- PASS: TestSecureConfigurationErrorNeverContainsValues (0.00s)
=== RUN   TestCleanupXMLProtectsAllReferencedStorage
--- PASS: TestCleanupXMLProtectsAllReferencedStorage (0.00s)
=== RUN   TestRealFileCleanupGraphWithNativeSimulatedInventory
    creation_cleanup_linux_test.go:58: explicit generated files, native test-driver inventory and confined QEMU metadata required
--- SKIP: TestRealFileCleanupGraphWithNativeSimulatedInventory (0.00s)
=== RUN   TestCreationXMLNativeSimulatedRoundTrip
=== RUN   TestCreationXMLNativeSimulatedRoundTrip/bios
    creation_linux_test.go:64: native libvirt test driver XML parser/validator only; no QEMU VM, disk upload, firmware, TPM, network, or guest behavior exercised
=== RUN   TestCreationXMLNativeSimulatedRoundTrip/uefi
    creation_linux_test.go:64: native libvirt test driver XML parser/validator only; no QEMU VM, disk upload, firmware, TPM, network, or guest behavior exercised
--- PASS: TestCreationXMLNativeSimulatedRoundTrip (0.04s)
    --- PASS: TestCreationXMLNativeSimulatedRoundTrip/bios (0.02s)
    --- PASS: TestCreationXMLNativeSimulatedRoundTrip/uefi (0.02s)
=== RUN   TestCreationXMLRejectsMappingChanges
=== RUN   TestCreationXMLRejectsMappingChanges/unreviewed_source_attribute
=== RUN   TestCreationXMLRejectsMappingChanges/extra_metadata
=== RUN   TestCreationXMLRejectsMappingChanges/identity_binding
=== RUN   TestCreationXMLRejectsMappingChanges/memory
=== RUN   TestCreationXMLRejectsMappingChanges/NIC_link
=== RUN   TestCreationXMLRejectsMappingChanges/disk_bus
=== RUN   TestCreationXMLRejectsMappingChanges/CPU_feature
=== RUN   TestCreationXMLRejectsMappingChanges/boot_order
=== RUN   TestCreationXMLRejectsMappingChanges/extra_disk
=== RUN   TestCreationXMLRejectsMappingChanges/extra_host_device
=== RUN   TestCreationXMLRejectsMappingChanges/external_backing
--- PASS: TestCreationXMLRejectsMappingChanges (0.04s)
    --- PASS: TestCreationXMLRejectsMappingChanges/unreviewed_source_attribute (0.00s)
    --- PASS: TestCreationXMLRejectsMappingChanges/extra_metadata (0.00s)
    --- PASS: TestCreationXMLRejectsMappingChanges/identity_binding (0.00s)
    --- PASS: TestCreationXMLRejectsMappingChanges/memory (0.00s)
    --- PASS: TestCreationXMLRejectsMappingChanges/NIC_link (0.00s)
    --- PASS: TestCreationXMLRejectsMappingChanges/disk_bus (0.00s)
    --- PASS: TestCreationXMLRejectsMappingChanges/CPU_feature (0.00s)
    --- PASS: TestCreationXMLRejectsMappingChanges/boot_order (0.00s)
    --- PASS: TestCreationXMLRejectsMappingChanges/extra_disk (0.00s)
    --- PASS: TestCreationXMLRejectsMappingChanges/extra_host_device (0.00s)
    --- PASS: TestCreationXMLRejectsMappingChanges/external_backing (0.00s)
=== RUN   TestCreationCapabilitiesRequirePositiveSupport
--- PASS: TestCreationCapabilitiesRequirePositiveSupport (0.00s)
=== RUN   TestFirmwareDescriptorRequiresExactMappingAndKeyPolicy
--- PASS: TestFirmwareDescriptorRequiresExactMappingAndKeyPolicy (0.00s)
=== RUN   TestCreationDeviceMetadataFromInstalledQEMU
    creation_linux_test.go:159: enable installed QEMU read-only metadata probes explicitly
--- SKIP: TestCreationDeviceMetadataFromInstalledQEMU (0.00s)
=== RUN   TestUploadedVolumeMetadataRequiresIndependentExactCapacity
--- PASS: TestUploadedVolumeMetadataRequiresIndependentExactCapacity (0.00s)
=== RUN   TestVolumeDownloadConnectionGuardsWithSimulatedStorage
    creation_linux_test.go:266: native API rejects mismatched connections and read-only volume access before transfer; simulated volume only, no file or host storage created; successful native storage streaming remains untested
--- PASS: TestVolumeDownloadConnectionGuardsWithSimulatedStorage (0.00s)
=== RUN   TestReadonlyMediaNativeSimulatedDefinition
=== RUN   TestReadonlyMediaNativeSimulatedDefinition/sata-boot0
    creation_media_linux_test.go:72: native libvirt test driver XML validation only; read-only SATA/SCSI media and boot-order mapping observed; no storage stream, firmware, guest or ISO boot behavior exercised
=== RUN   TestReadonlyMediaNativeSimulatedDefinition/sata-boot1
    creation_media_linux_test.go:72: native libvirt test driver XML validation only; read-only SATA/SCSI media and boot-order mapping observed; no storage stream, firmware, guest or ISO boot behavior exercised
=== RUN   TestReadonlyMediaNativeSimulatedDefinition/scsi-boot0
    creation_media_linux_test.go:72: native libvirt test driver XML validation only; read-only SATA/SCSI media and boot-order mapping observed; no storage stream, firmware, guest or ISO boot behavior exercised
=== RUN   TestReadonlyMediaNativeSimulatedDefinition/scsi-boot1
    creation_media_linux_test.go:72: native libvirt test driver XML validation only; read-only SATA/SCSI media and boot-order mapping observed; no storage stream, firmware, guest or ISO boot behavior exercised
--- PASS: TestReadonlyMediaNativeSimulatedDefinition (0.13s)
    --- PASS: TestReadonlyMediaNativeSimulatedDefinition/sata-boot0 (0.03s)
    --- PASS: TestReadonlyMediaNativeSimulatedDefinition/sata-boot1 (0.03s)
    --- PASS: TestReadonlyMediaNativeSimulatedDefinition/scsi-boot0 (0.04s)
    --- PASS: TestReadonlyMediaNativeSimulatedDefinition/scsi-boot1 (0.03s)
=== RUN   TestMediaBootAndStorageContractsFailClosed
--- PASS: TestMediaBootAndStorageContractsFailClosed (0.00s)
=== RUN   TestMediaRequiresAdvertisedCDROMCapability
--- PASS: TestMediaRequiresAdvertisedCDROMCapability (0.00s)
=== RUN   TestReadOnlyPoolAndNetworkInventoryWithNativeTestDriver
    inventory_linux_test.go:47: BLOCKED: installed libvirt test driver does not implement inactive network XML; adapter correctly returns its error instead of fabricating persistent state. Native network readback remains unqualified.
    inventory_linux_test.go:75: Official libvirt read-only calls used its simulated test driver; no host pool/network was started, created or modified; no routing or storage hardware claim
--- PASS: TestReadOnlyPoolAndNetworkInventoryWithNativeTestDriver (0.00s)
=== RUN   TestNetworkStateSeparationAndUnsupportedFlagAreExplicit
--- PASS: TestNetworkStateSeparationAndUnsupportedFlagAreExplicit (0.00s)
=== RUN   TestInventoryResponseBound
--- PASS: TestInventoryResponseBound (0.00s)
=== RUN   TestOfficialBindingWithSimulatedLibvirtDriver
    provider_linux_test.go:38: official native binding exercised against libvirt's simulated test driver; this is not KVM/guest evidence
--- PASS: TestOfficialBindingWithSimulatedLibvirtDriver (0.00s)
PASS
ok  	virmill.local/core/internal/backend/libvirt	1.357s
=== RUN   TestSeedMemberBoundsAndNames
--- PASS: TestSeedMemberBoundsAndNames (0.02s)
=== RUN   TestRealConfinedDeterministicNoCloudSeed
    tool_linux_test.go:28: enable actual confined generated-seed fixture explicitly
--- SKIP: TestRealConfinedDeterministicNoCloudSeed (0.00s)
PASS
ok  	virmill.local/core/internal/backend/seed	1.031s
=== RUN   TestPreservesOpaqueXML
--- PASS: TestPreservesOpaqueXML (0.00s)
=== RUN   TestRefusesAmbiguousEdits
--- PASS: TestRefusesAmbiguousEdits (0.00s)
=== RUN   TestFixedResourcesPreserveEveryUnrelatedByte
--- PASS: TestFixedResourcesPreserveEveryUnrelatedByte (0.00s)
=== RUN   TestMemoryUnitsRequireExactRepresentationAndConsistentCurrent
=== RUN   TestMemoryUnitsRequireExactRepresentationAndConsistentCurrent/#00
=== RUN   TestMemoryUnitsRequireExactRepresentationAndConsistentCurrent/b
=== RUN   TestMemoryUnitsRequireExactRepresentationAndConsistentCurrent/bytes
=== RUN   TestMemoryUnitsRequireExactRepresentationAndConsistentCurrent/k
=== RUN   TestMemoryUnitsRequireExactRepresentationAndConsistentCurrent/KiB
=== RUN   TestMemoryUnitsRequireExactRepresentationAndConsistentCurrent/M
=== RUN   TestMemoryUnitsRequireExactRepresentationAndConsistentCurrent/MiB
--- PASS: TestMemoryUnitsRequireExactRepresentationAndConsistentCurrent (0.01s)
    --- PASS: TestMemoryUnitsRequireExactRepresentationAndConsistentCurrent/#00 (0.00s)
    --- PASS: TestMemoryUnitsRequireExactRepresentationAndConsistentCurrent/b (0.00s)
    --- PASS: TestMemoryUnitsRequireExactRepresentationAndConsistentCurrent/bytes (0.00s)
    --- PASS: TestMemoryUnitsRequireExactRepresentationAndConsistentCurrent/k (0.00s)
    --- PASS: TestMemoryUnitsRequireExactRepresentationAndConsistentCurrent/KiB (0.00s)
    --- PASS: TestMemoryUnitsRequireExactRepresentationAndConsistentCurrent/M (0.00s)
    --- PASS: TestMemoryUnitsRequireExactRepresentationAndConsistentCurrent/MiB (0.00s)
=== RUN   TestResourceDependenciesFailClosed
--- PASS: TestResourceDependenciesFailClosed (0.01s)
=== RUN   TestResourceNodeBudget
--- PASS: TestResourceNodeBudget (0.47s)
=== RUN   FuzzPatch
=== RUN   FuzzPatch/seed#0
--- PASS: FuzzPatch (0.00s)
    --- PASS: FuzzPatch/seed#0 (0.00s)
=== RUN   FuzzResourceEdit
=== RUN   FuzzResourceEdit/seed#0
--- PASS: FuzzResourceEdit (0.00s)
    --- PASS: FuzzResourceEdit/seed#0 (0.00s)
PASS
ok  	virmill.local/core/internal/backend/xmlpatch	1.515s
?   	virmill.local/core/internal/buildinfo	[no test files]
=== RUN   TestCleanupSharesSourceFileLocksAndRefusesOlderDeletePlans
--- PASS: TestCleanupSharesSourceFileLocksAndRefusesOlderDeletePlans (0.24s)
=== RUN   TestCleanupDeletesOnlyReviewedNewCopiesAndClosesRecipe
    cleanup_linux_test.go:208: synthetic volume deletion adapter and generated source files; no native host deletion or hardware qualification
--- PASS: TestCleanupDeletesOnlyReviewedNewCopiesAndClosesRecipe (0.26s)
=== RUN   TestCleanupRetainsUncertainGenerationAndPreservesPartialAllocationIdentity
--- PASS: TestCleanupRetainsUncertainGenerationAndPreservesPartialAllocationIdentity (0.24s)
=== RUN   TestCleanupPartialDeletionRetainsLocksAndNeedsFreshReview
--- PASS: TestCleanupPartialDeletionRetainsLocksAndNeedsFreshReview (0.40s)
=== RUN   TestCleanupLostFinalAcknowledgementReconcilesAfterJournalReopen
--- PASS: TestCleanupLostFinalAcknowledgementReconcilesAfterJournalReopen (0.22s)
=== RUN   TestCleanupStaleIdentityGraphReferencesAndAuthorityRefuseBeforeDelete
=== RUN   TestCleanupStaleIdentityGraphReferencesAndAuthorityRefuseBeforeDelete/identity
=== RUN   TestCleanupStaleIdentityGraphReferencesAndAuthorityRefuseBeforeDelete/graph
=== RUN   TestCleanupStaleIdentityGraphReferencesAndAuthorityRefuseBeforeDelete/native-reference
=== RUN   TestCleanupStaleIdentityGraphReferencesAndAuthorityRefuseBeforeDelete/manifest-reference
=== RUN   TestCleanupStaleIdentityGraphReferencesAndAuthorityRefuseBeforeDelete/actor
=== RUN   TestCleanupStaleIdentityGraphReferencesAndAuthorityRefuseBeforeDelete/connection
=== RUN   TestCleanupStaleIdentityGraphReferencesAndAuthorityRefuseBeforeDelete/future-input
--- PASS: TestCleanupStaleIdentityGraphReferencesAndAuthorityRefuseBeforeDelete (0.82s)
    --- PASS: TestCleanupStaleIdentityGraphReferencesAndAuthorityRefuseBeforeDelete/identity (0.13s)
    --- PASS: TestCleanupStaleIdentityGraphReferencesAndAuthorityRefuseBeforeDelete/graph (0.13s)
    --- PASS: TestCleanupStaleIdentityGraphReferencesAndAuthorityRefuseBeforeDelete/native-reference (0.13s)
    --- PASS: TestCleanupStaleIdentityGraphReferencesAndAuthorityRefuseBeforeDelete/manifest-reference (0.13s)
    --- PASS: TestCleanupStaleIdentityGraphReferencesAndAuthorityRefuseBeforeDelete/actor (0.11s)
    --- PASS: TestCleanupStaleIdentityGraphReferencesAndAuthorityRefuseBeforeDelete/connection (0.10s)
    --- PASS: TestCleanupStaleIdentityGraphReferencesAndAuthorityRefuseBeforeDelete/future-input (0.09s)
=== RUN   TestCleanupCancellationRetainsRemainingVolumeAndLocks
--- PASS: TestCleanupCancellationRetainsRemainingVolumeAndLocks (0.19s)
=== RUN   TestCleanupVersionedRecordRefusesMissingPinsOrFutureMeaning
--- PASS: TestCleanupVersionedRecordRefusesMissingPinsOrFutureMeaning (0.23s)
=== RUN   TestCleanupProtectsReferencesOlderThanRecentJobs
--- PASS: TestCleanupProtectsReferencesOlderThanRecentJobs (0.15s)
=== RUN   TestCreationInputCompatibilityAndExplicitIdentityBoundary
--- PASS: TestCreationInputCompatibilityAndExplicitIdentityBoundary (0.00s)
=== RUN   TestCleanupInputSchemaCompatibility
--- PASS: TestCleanupInputSchemaCompatibility (0.00s)
=== RUN   TestCreationReceiptRoundTripAndFutureVersionRefusal
--- PASS: TestCreationReceiptRoundTripAndFutureVersionRefusal (0.06s)
=== RUN   TestCreationCarriesReadonlyMediaThroughDurableVolumeSet
--- PASS: TestCreationCarriesReadonlyMediaThroughDurableVolumeSet (0.08s)
=== RUN   TestCreationRequiresEveryPreparedMediaMapping
--- PASS: TestCreationRequiresEveryPreparedMediaMapping (0.01s)
=== RUN   TestCreationMediaIsRetainedForDefinitionFailureRecovery
--- PASS: TestCreationMediaIsRetainedForDefinitionFailureRecovery (0.22s)
=== RUN   TestMediaTransferFailureKeepsPartialSetAndRefusesDefinitionResume
--- PASS: TestMediaTransferFailureKeepsPartialSetAndRefusesDefinitionResume (0.07s)
=== RUN   TestManagedOwnershipRequiresBothJournalAndNativeIdentity
--- PASS: TestManagedOwnershipRequiresBothJournalAndNativeIdentity (0.06s)
=== RUN   TestNoCloudPlanAndExecutionBindExactSeedAndCloneIdentity
--- PASS: TestNoCloudPlanAndExecutionBindExactSeedAndCloneIdentity (0.12s)
=== RUN   TestNoCloudFailureAndCancellationPrecedeAllManagedAllocations
=== RUN   TestNoCloudFailureAndCancellationPrecedeAllManagedAllocations/failure
=== RUN   TestNoCloudFailureAndCancellationPrecedeAllManagedAllocations/cancel
--- PASS: TestNoCloudFailureAndCancellationPrecedeAllManagedAllocations (0.22s)
    --- PASS: TestNoCloudFailureAndCancellationPrecedeAllManagedAllocations/failure (0.06s)
    --- PASS: TestNoCloudFailureAndCancellationPrecedeAllManagedAllocations/cancel (0.16s)
=== RUN   TestNoCloudSourceToolAndCacheChangesFailClosed
=== RUN   TestNoCloudSourceToolAndCacheChangesFailClosed/source-digest
=== RUN   TestNoCloudSourceToolAndCacheChangesFailClosed/media-boot
=== RUN   TestNoCloudSourceToolAndCacheChangesFailClosed/root-user
=== RUN   TestNoCloudSourceToolAndCacheChangesFailClosed/password
=== RUN   TestNoCloudSourceToolAndCacheChangesFailClosed/tool
=== RUN   TestNoCloudSourceToolAndCacheChangesFailClosed/cache
--- PASS: TestNoCloudSourceToolAndCacheChangesFailClosed (0.09s)
    --- PASS: TestNoCloudSourceToolAndCacheChangesFailClosed/source-digest (0.00s)
    --- PASS: TestNoCloudSourceToolAndCacheChangesFailClosed/media-boot (0.00s)
    --- PASS: TestNoCloudSourceToolAndCacheChangesFailClosed/root-user (0.00s)
    --- PASS: TestNoCloudSourceToolAndCacheChangesFailClosed/password (0.00s)
    --- PASS: TestNoCloudSourceToolAndCacheChangesFailClosed/tool (0.04s)
    --- PASS: TestNoCloudSourceToolAndCacheChangesFailClosed/cache (0.04s)
=== RUN   TestVerifiedNoCloudMediaResumesWithoutRegenerating
--- PASS: TestVerifiedNoCloudMediaResumesWithoutRegenerating (0.25s)
=== RUN   TestRealNoCloudGeneratorThroughCreationCoordinator
    provision_linux_test.go:283: enable actual generated ISO fixture explicitly
--- SKIP: TestRealNoCloudGeneratorThroughCreationCoordinator (0.00s)
=== RUN   TestDocumentedNoCloudCreationSchema
--- PASS: TestDocumentedNoCloudCreationSchema (0.00s)
=== RUN   TestRejectedNoCloudSecretValuesNeverReachJournalOrErrors
--- PASS: TestRejectedNoCloudSecretValuesNeverReachJournalOrErrors (0.01s)
=== RUN   TestReviewedResumeReverifiesAndNeverReallocatesOrUploads
    recovery_linux_test.go:63: synthetic copied-volume coordinator only; no native stream, hardware, or guest evidence
--- PASS: TestReviewedResumeReverifiesAndNeverReallocatesOrUploads (0.20s)
=== RUN   TestFailedRecoveryRetainsLocksAndAllowsAnotherReviewedRecovery
--- PASS: TestFailedRecoveryRetainsLocksAndAllowsAnotherReviewedRecovery (0.30s)
=== RUN   TestPartialSetWrongActorStaleTargetAndTamperedRetainedBytesRefuseRecovery
--- PASS: TestPartialSetWrongActorStaleTargetAndTamperedRetainedBytesRefuseRecovery (0.25s)
=== RUN   TestDefinitionFollowsCompleteIndependentVolumeVerification
    service_linux_test.go:263: Synthetic coordinator adapter proves ordering and independent copied fixture bytes only; no native volume upload, VM definition or guest boot executed
--- PASS: TestDefinitionFollowsCompleteIndependentVolumeVerification (0.06s)
=== RUN   TestCreationFailuresRetainOriginalsAndNeverDefinePartialSets
=== RUN   TestCreationFailuresRetainOriginalsAndNeverDefinePartialSets/allocate
=== RUN   TestCreationFailuresRetainOriginalsAndNeverDefinePartialSets/populate
=== RUN   TestCreationFailuresRetainOriginalsAndNeverDefinePartialSets/verify
=== RUN   TestCreationFailuresRetainOriginalsAndNeverDefinePartialSets/define
--- PASS: TestCreationFailuresRetainOriginalsAndNeverDefinePartialSets (0.19s)
    --- PASS: TestCreationFailuresRetainOriginalsAndNeverDefinePartialSets/allocate (0.05s)
    --- PASS: TestCreationFailuresRetainOriginalsAndNeverDefinePartialSets/populate (0.05s)
    --- PASS: TestCreationFailuresRetainOriginalsAndNeverDefinePartialSets/verify (0.05s)
    --- PASS: TestCreationFailuresRetainOriginalsAndNeverDefinePartialSets/define (0.05s)
=== RUN   TestLostDefinitionAcknowledgementReconcilesWithoutReplay
--- PASS: TestLostDefinitionAcknowledgementReconcilesWithoutReplay (0.06s)
=== RUN   TestCancelUploadRetainsAllocatedVolumeWithoutDefining
--- PASS: TestCancelUploadRetainsAllocatedVolumeWithoutDefining (0.14s)
=== RUN   TestIncompleteMappingsAndStaleTargetFailBeforeAllocation
--- PASS: TestIncompleteMappingsAndStaleTargetFailBeforeAllocation (0.03s)
PASS
ok  	virmill.local/core/internal/creating	6.216s
?   	virmill.local/core/internal/domain	[no test files]
=== RUN   TestGrantBindsPeerActionResourcesAndPlan
--- PASS: TestGrantBindsPeerActionResourcesAndPlan (0.01s)
PASS
ok  	virmill.local/core/internal/helper	1.020s
=== RUN   TestApprovedSourceRequiresCompletedOwnedJournalReceipt
    approved_linux_test.go:57: coordinator authority test with synthetic converter output, not an image-format or hardware test
--- PASS: TestApprovedSourceRequiresCompletedOwnedJournalReceipt (0.14s)
=== RUN   TestPreparedReceiptRejectsFutureFieldsAtApproval
--- PASS: TestPreparedReceiptRejectsFutureFieldsAtApproval (0.04s)
=== RUN   TestDiskSetSourceSelectionAndDriftRefusal
--- PASS: TestDiskSetSourceSelectionAndDriftRefusal (0.03s)
=== RUN   TestDiskSetRefusesSymlinkSourcesAndReplacedDirectories
--- PASS: TestDiskSetRefusesSymlinkSourcesAndReplacedDirectories (0.02s)
=== RUN   TestDiskSetFailureRetainsStageAndOriginals
--- PASS: TestDiskSetFailureRetainsStageAndOriginals (0.04s)
=== RUN   TestDiskSetRevalidatesAfterNoncooperatingSourceWrite
--- PASS: TestDiskSetRevalidatesAfterNoncooperatingSourceWrite (0.04s)
=== RUN   TestDocumentedSelectedDiskSchemaAndNativeIdentityPrecision
--- PASS: TestDocumentedSelectedDiskSchemaAndNativeIdentityPrecision (0.00s)
=== RUN   TestDiskSetCancellationJoinsWorkerBeforeRemovingStage
--- PASS: TestDiskSetCancellationJoinsWorkerBeforeRemovingStage (0.13s)
=== RUN   TestDiskSetPublicationReconcilesAfterJournalReopen
    disks_linux_test.go:376: synthetic phase/authority test: actual SQLite reopen and atomic generated-file publication; no image-format or VM claim
--- PASS: TestDiskSetPublicationReconcilesAfterJournalReopen (0.08s)
=== RUN   TestRealSelectedDiskSetPreparationPublishesIndependentCopies
    disks_linux_test.go:380: explicit actual qemu-img generated-file fixture required; no VM boot
--- SKIP: TestRealSelectedDiskSetPreparationPublishesIndependentCopies (0.00s)
=== RUN   TestMediaRecognitionDoesNotInferBootability
--- PASS: TestMediaRecognitionDoesNotInferBootability (0.00s)
=== RUN   TestInstallationPlanRefusesUnsafeInputsAndSourceDrift
--- PASS: TestInstallationPlanRefusesUnsafeInputsAndSourceDrift (0.02s)
=== RUN   TestInstallationPublicationRecoversWithoutReplayingOrOriginalMedia
--- PASS: TestInstallationPublicationRecoversWithoutReplayingOrOriginalMedia (0.06s)
=== RUN   TestInstallationFailureAndCancellationNeverPublishPartialArtifacts
=== RUN   TestInstallationFailureAndCancellationNeverPublishPartialArtifacts/failure
=== RUN   TestInstallationFailureAndCancellationNeverPublishPartialArtifacts/cancel
=== RUN   TestInstallationFailureAndCancellationNeverPublishPartialArtifacts/source-write
--- PASS: TestInstallationFailureAndCancellationNeverPublishPartialArtifacts (0.19s)
    --- PASS: TestInstallationFailureAndCancellationNeverPublishPartialArtifacts/failure (0.03s)
    --- PASS: TestInstallationFailureAndCancellationNeverPublishPartialArtifacts/cancel (0.13s)
    --- PASS: TestInstallationFailureAndCancellationNeverPublishPartialArtifacts/source-write (0.03s)
=== RUN   TestRealISOAndConfinedBlankDiskPreparation
    install_linux_test.go:300: enable actual generated ISO/QEMU fixtures explicitly
--- SKIP: TestRealISOAndConfinedBlankDiskPreparation (0.00s)
=== RUN   TestInstallationExamplesMatchStrictSchemas
--- PASS: TestInstallationExamplesMatchStrictSchemas (0.00s)
=== RUN   TestAllDiskMappingAndSourceDrift
--- PASS: TestAllDiskMappingAndSourceDrift (0.02s)
=== RUN   TestConverterFailurePreservesOriginalAndDoesNotPublish
--- PASS: TestConverterFailurePreservesOriginalAndDoesNotPublish (0.03s)
=== RUN   TestPublishedArtifactReconcilesWithoutConversionReplay
--- PASS: TestPublishedArtifactReconcilesWithoutConversionReplay (0.04s)
=== RUN   TestRealMultiDiskSplitVMDKPreparation
    stage_linux_test.go:219: explicit isolated disk-tool fixture execution required; not a boot test
--- SKIP: TestRealMultiDiskSplitVMDKPreparation (0.00s)
=== RUN   TestCancelStopsWorkerBeforeRemovingOnlyItsStaging
--- PASS: TestCancelStopsWorkerBeforeRemovingOnlyItsStaging (0.13s)
=== RUN   TestReceiptSchemaCompatibilityAndIdentityPrecision
--- PASS: TestReceiptSchemaCompatibilityAndIdentityPrecision (0.05s)
PASS
ok  	virmill.local/core/internal/importing	2.115s
=== RUN   TestIdempotencyActorExpiryAndSubstitution
--- PASS: TestIdempotencyActorExpiryAndSubstitution (0.02s)
=== RUN   TestCrashAfterEffectBeforeJournal
--- PASS: TestCrashAfterEffectBeforeJournal (0.03s)
=== RUN   TestCanonicalRFC8785Vectors
--- PASS: TestCanonicalRFC8785Vectors (0.00s)
=== RUN   TestRecoveryIncludesJobsOlderThanRecentList
--- PASS: TestRecoveryIncludesJobsOlderThanRecentList (0.11s)
=== RUN   TestInheritedUncertainLocksSurviveEarlyRecoveryExit
=== RUN   TestInheritedUncertainLocksSurviveEarlyRecoveryExit/queued-cancellation
=== RUN   TestInheritedUncertainLocksSurviveEarlyRecoveryExit/validation
=== RUN   TestInheritedUncertainLocksSurviveEarlyRecoveryExit/safe-cancellation
--- PASS: TestInheritedUncertainLocksSurviveEarlyRecoveryExit (0.03s)
    --- PASS: TestInheritedUncertainLocksSurviveEarlyRecoveryExit/queued-cancellation (0.01s)
    --- PASS: TestInheritedUncertainLocksSurviveEarlyRecoveryExit/validation (0.01s)
    --- PASS: TestInheritedUncertainLocksSurviveEarlyRecoveryExit/safe-cancellation (0.01s)
PASS
ok  	virmill.local/core/internal/operations	1.209s
=== RUN   TestSingleFileSandboxRefusesWriteHandles
--- PASS: TestSingleFileSandboxRefusesWriteHandles (0.00s)
=== RUN   TestSelectedSourceNamesAndHandlesAreBounded
--- PASS: TestSelectedSourceNamesAndHandlesAreBounded (0.00s)
=== RUN   TestRealSelectedFileSandboxExposesOnlyReadOnlyWhitelist
    sandbox_file_test.go:60: explicit generated-file namespace probe required
--- SKIP: TestRealSelectedFileSandboxExposesOnlyReadOnlyWhitelist (0.00s)
=== RUN   TestRealSingleFileSandboxHidesSiblingsAndClosesDescriptor
    sandbox_file_test.go:113: explicit generated-file namespace probe required
--- SKIP: TestRealSingleFileSandboxHidesSiblingsAndClosesDescriptor (0.00s)
=== RUN   TestSandboxPolicyAndFailClosed
    sandbox_test.go:36: REAL SANDBOX PROBE BLOCKED (no confinement certification): UNSUPPORTED_CAPABILITY: sandbox unavailable; normal plugin execution refused: bwrap: loopback: Failed to create NETLINK_ROUTE socket: Operation not permitted
--- PASS: TestSandboxPolicyAndFailClosed (0.00s)
PASS
ok  	virmill.local/core/internal/platform/linux	1.022s
=== RUN   TestInstalledActionPinnedPlanAndDurableResult
    actions_test.go:69: requires explicit confined process fixture execution; no real VMs
--- SKIP: TestInstalledActionPinnedPlanAndDurableResult (0.00s)
=== RUN   TestDeveloperScaffoldBuildAndSignedPackPlans
--- PASS: TestDeveloperScaffoldBuildAndSignedPackPlans (1.57s)
=== RUN   TestInstallUpdateRollbackPermissionAndPreservation
--- PASS: TestInstallUpdateRollbackPermissionAndPreservation (0.31s)
=== RUN   TestChangedPackageStalePlanAndImmutableVersion
--- PASS: TestChangedPackageStalePlanAndImmutableVersion (0.10s)
=== RUN   TestLifecycleRecoveryObservesCommitWithoutRelaunch
--- PASS: TestLifecycleRecoveryObservesCommitWithoutRelaunch (0.04s)
=== RUN   TestDistributionRejectsTrailingArchiveAndParentCollisions
--- PASS: TestDistributionRejectsTrailingArchiveAndParentCollisions (0.00s)
=== RUN   TestLifecycleRequiresActiveInvocationDispositionAndSchemaGuard
--- PASS: TestLifecycleRequiresActiveInvocationDispositionAndSchemaGuard (0.08s)
=== RUN   TestSignedPackageAndScopeIntersection
--- PASS: TestSignedPackageAndScopeIntersection (0.01s)
=== RUN   TestTwoLanguageConfinedConformance
    runner_test.go:14: requires prebuilt Go fixture and explicit isolated sandbox test execution
--- SKIP: TestTwoLanguageConfinedConformance (0.00s)
=== RUN   TestProviderCrashReconcileFixture
    runner_test.go:36: requires prebuilt simulated provider
--- SKIP: TestProviderCrashReconcileFixture (0.00s)
PASS
ok  	virmill.local/core/internal/plugins	3.149s
=== RUN   TestMetadataCompareAndReopenMigration
--- PASS: TestMetadataCompareAndReopenMigration (0.00s)
=== RUN   TestRecoveryAcceptanceTransfersAllLocksAndLinksAtomically
--- PASS: TestRecoveryAcceptanceTransfersAllLocksAndLinksAtomically (0.01s)
=== RUN   TestRecoveryCannotDropLocksChangeActorOrPartiallyCommit
=== RUN   TestRecoveryCannotDropLocksChangeActorOrPartiallyCommit/drop-lock
=== RUN   TestRecoveryCannotDropLocksChangeActorOrPartiallyCommit/actor
=== RUN   TestRecoveryCannotDropLocksChangeActorOrPartiallyCommit/connection
=== RUN   TestRecoveryCannotDropLocksChangeActorOrPartiallyCommit/commit-failure
--- PASS: TestRecoveryCannotDropLocksChangeActorOrPartiallyCommit (0.01s)
    --- PASS: TestRecoveryCannotDropLocksChangeActorOrPartiallyCommit/drop-lock (0.00s)
    --- PASS: TestRecoveryCannotDropLocksChangeActorOrPartiallyCommit/actor (0.00s)
    --- PASS: TestRecoveryCannotDropLocksChangeActorOrPartiallyCommit/connection (0.00s)
    --- PASS: TestRecoveryCannotDropLocksChangeActorOrPartiallyCommit/commit-failure (0.00s)
=== RUN   TestOldVersionsPreserveUncertainStateAndPrivateBackup
=== RUN   TestOldVersionsPreserveUncertainStateAndPrivateBackup/1
=== RUN   TestOldVersionsPreserveUncertainStateAndPrivateBackup/2
--- PASS: TestOldVersionsPreserveUncertainStateAndPrivateBackup (0.01s)
    --- PASS: TestOldVersionsPreserveUncertainStateAndPrivateBackup/1 (0.01s)
    --- PASS: TestOldVersionsPreserveUncertainStateAndPrivateBackup/2 (0.01s)
=== RUN   TestMigrationBackupAndNewerSchemaRefusal
--- PASS: TestMigrationBackupAndNewerSchemaRefusal (0.01s)
=== RUN   TestRecordBundledSQLiteVersion
    version_test.go:21: bundled SQLite runtime: 3.53.4
--- PASS: TestRecordBundledSQLiteVersion (0.00s)
PASS
ok  	virmill.local/core/internal/store	1.062s
=== RUN   TestPrivateRPCAndSingleton
    socket_linux_test.go:39: IPC sandbox unavailable: listen unix /tmp/TestPrivateRPCAndSingleton375059626/001/control.sock: setsockopt: operation not permitted
--- SKIP: TestPrivateRPCAndSingleton (0.00s)
PASS
ok  	virmill.local/core/internal/transport/local	1.055s
=== RUN   TestClientResolvesPathsBeforeDetachedServiceCall
--- PASS: TestClientResolvesPathsBeforeDetachedServiceCall (0.00s)
PASS
ok  	virmill.local/core/internal/ui	1.040s
=== RUN   TestCleanJSONNoninteractiveAndSharedMethod
--- PASS: TestCleanJSONNoninteractiveAndSharedMethod (0.00s)
=== RUN   TestPlanApplyRequiresExplicitBinding
--- PASS: TestPlanApplyRequiresExplicitBinding (0.00s)
=== RUN   TestPluginPlansUseSharedServiceAndExplicitInputs
--- PASS: TestPluginPlansUseSharedServiceAndExplicitInputs (0.00s)
=== RUN   TestImportPreparationUsesSharedService
--- PASS: TestImportPreparationUsesSharedService (0.00s)
=== RUN   TestExistingDiskPreparationUsesSharedService
--- PASS: TestExistingDiskPreparationUsesSharedService (0.00s)
=== RUN   TestInstallationPreparationUsesSharedService
--- PASS: TestInstallationPreparationUsesSharedService (0.00s)
=== RUN   TestResourceInventoryCommandsPreserveExplicitConnection
--- PASS: TestResourceInventoryCommandsPreserveExplicitConnection (0.00s)
=== RUN   TestCreationAndRecoveryCommandsUseSharedService
--- PASS: TestCreationAndRecoveryCommandsUseSharedService (0.00s)
=== RUN   TestNoCloudCreationOptionsUseSharedService
--- PASS: TestNoCloudCreationOptionsUseSharedService (0.00s)
=== RUN   TestFixedResourcesUseSharedPlanning
--- PASS: TestFixedResourcesUseSharedPlanning (0.00s)
PASS
ok  	virmill.local/core/internal/ui/cli	1.061s
=== RUN   TestKeyboardNavigationSharedServiceAndResize
--- PASS: TestKeyboardNavigationSharedServiceAndResize (0.00s)
=== RUN   TestEscDiscardsApprovalWithoutMutation
--- PASS: TestEscDiscardsApprovalWithoutMutation (0.00s)
=== RUN   TestPluginFormDispatchAndScrollableActionMenu
--- PASS: TestPluginFormDispatchAndScrollableActionMenu (0.00s)
=== RUN   TestImportFormDispatchesCompleteMappingToSharedService
--- PASS: TestImportFormDispatchesCompleteMappingToSharedService (0.00s)
=== RUN   TestSelectedDiskPreparationFormUsesSharedService
--- PASS: TestSelectedDiskPreparationFormUsesSharedService (0.00s)
=== RUN   TestInstallationPreparationFormUsesSharedService
--- PASS: TestInstallationPreparationFormUsesSharedService (0.00s)
=== RUN   TestStorageAndNetworkInventoryAreReachableWithoutApproval
--- PASS: TestStorageAndNetworkInventoryAreReachableWithoutApproval (0.00s)
=== RUN   TestCreationAndDefinitionRecoveryHaveSharedTUIAccess
--- PASS: TestCreationAndDefinitionRecoveryHaveSharedTUIAccess (0.00s)
=== RUN   TestLargeCreationFormRemainsBoundedAndVisible
--- PASS: TestLargeCreationFormRemainsBoundedAndVisible (0.01s)
=== RUN   TestNoCloudCreationFormUsesSharedService
--- PASS: TestNoCloudCreationFormUsesSharedService (0.00s)
=== RUN   TestFixedResourceFormUsesSharedPlanning
--- PASS: TestFixedResourceFormUsesSharedPlanning (0.00s)
PASS
ok  	virmill.local/core/internal/ui/tui	1.060s
=== RUN   TestPluginSchemasAreOfflineAndValidateResults
--- PASS: TestPluginSchemasAreOfflineAndValidateResults (0.00s)
=== RUN   TestBundledExamplesOffline
--- PASS: TestBundledExamplesOffline (0.07s)
=== RUN   TestYAMLAndTerminalSafety
--- PASS: TestYAMLAndTerminalSafety (0.00s)
PASS
ok  	virmill.local/core/internal/validation	1.114s
=== RUN   TestStrictJSON
--- PASS: TestStrictJSON (0.00s)
=== RUN   FuzzValidate
=== RUN   FuzzValidate/seed#0
=== RUN   FuzzValidate/seed#1
--- PASS: FuzzValidate (0.00s)
    --- PASS: FuzzValidate/seed#0 (0.00s)
    --- PASS: FuzzValidate/seed#1 (0.00s)
PASS
ok  	virmill.local/core/internal/wire	1.012s
?   	virmill.local/core/schemas	[no test files]
