?   	virmill.local/core/cmd/virmill	[no test files]
?   	virmill.local/core/cmd/virmill-dev	[no test files]
?   	virmill.local/core/cmd/virmill-host-helper	[no test files]
?   	virmill.local/core/cmd/virmilld	[no test files]
?   	virmill.local/core/contracts	[no test files]
ok  	virmill.local/core/internal/app	1.540s
ok  	virmill.local/core/internal/app/devices	1.024s
ok  	virmill.local/core/internal/app/importer	1.072s
?   	virmill.local/core/internal/app/lab	[no test files]
ok  	virmill.local/core/internal/app/network	1.022s
ok  	virmill.local/core/internal/app/protection	1.024s
ok  	virmill.local/core/internal/app/provision	1.230s
ok  	virmill.local/core/internal/app/storage	1.021s
ok  	virmill.local/core/internal/backend/fileidentity	1.025s
ok  	virmill.local/core/internal/backend/image	1.025s
ok  	virmill.local/core/internal/backend/libvirt	1.672s
ok  	virmill.local/core/internal/backend/seed	1.045s
ok  	virmill.local/core/internal/backend/xmlpatch	1.584s
?   	virmill.local/core/internal/buildinfo	[no test files]
ok  	virmill.local/core/internal/creating	6.443s
?   	virmill.local/core/internal/domain	[no test files]
ok  	virmill.local/core/internal/helper	1.029s
ok  	virmill.local/core/internal/importing	2.005s
ok  	virmill.local/core/internal/operations	1.181s
ok  	virmill.local/core/internal/platform/linux	1.024s
ok  	virmill.local/core/internal/plugins	2.846s
ok  	virmill.local/core/internal/store	1.051s
ok  	virmill.local/core/internal/transport/local	1.049s
ok  	virmill.local/core/internal/ui	1.051s
ok  	virmill.local/core/internal/ui/cli	1.069s
ok  	virmill.local/core/internal/ui/tui	1.060s
ok  	virmill.local/core/internal/validation	1.117s
ok  	virmill.local/core/internal/wire	1.015s
?   	virmill.local/core/schemas	[no test files]
