?   	virmill.local/core/cmd/virmill	[no test files]
?   	virmill.local/core/cmd/virmill-dev	[no test files]
?   	virmill.local/core/cmd/virmill-host-helper	[no test files]
?   	virmill.local/core/cmd/virmilld	[no test files]
?   	virmill.local/core/contracts	[no test files]
=== RUN   TestMissingManagedSaveAndUnknownInputFailBeforeEffect
--- PASS: TestMissingManagedSaveAndUnknownInputFailBeforeEffect (0.00s)
=== RUN   TestResourceInventoryDoesNotPlanAdoptOrMutate
--- PASS: TestResourceInventoryDoesNotPlanAdoptOrMutate (0.00s)
PASS
ok  	virmill.local/core/internal/app	1.036s
=== RUN   TestUSBReconnectionAmbiguityAndHostUse
--- PASS: TestUSBReconnectionAmbiguityAndHostUse (0.00s)
PASS
ok  	virmill.local/core/internal/app/devices	1.012s
=== RUN   TestMultiDiskMultiSystemInspection
--- PASS: TestMultiDiskMultiSystemInspection (0.00s)
=== RUN   TestArchiveAttacks
--- PASS: TestArchiveAttacks (0.00s)
=== RUN   FuzzArchive
=== RUN   FuzzArchive/seed#0
--- PASS: FuzzArchive (0.00s)
    --- PASS: FuzzArchive/seed#0 (0.00s)
PASS
ok  	virmill.local/core/internal/app/importer	1.018s
?   	virmill.local/core/internal/app/lab	[no test files]
=== RUN   TestRouteOverlapAndDefaultRoute
--- PASS: TestRouteOverlapAndDefaultRoute (0.00s)
=== RUN   TestLabDHCPAndGuestOnly
--- PASS: TestLabDHCPAndGuestOnly (0.00s)
PASS
ok  	virmill.local/core/internal/app/network	1.012s
=== RUN   TestFirmwareTPMCompletenessAndIndependentArtifactChecks
--- PASS: TestFirmwareTPMCompletenessAndIndependentArtifactChecks (0.00s)
PASS
ok  	virmill.local/core/internal/app/protection	1.011s
=== RUN   TestGraphRefusesReferencedUncertainAndCyclicBases
--- PASS: TestGraphRefusesReferencedUncertainAndCyclicBases (0.00s)
PASS
ok  	virmill.local/core/internal/app/storage	1.011s
=== RUN   TestBackingGraphRejectsUnapprovedDependencies
--- PASS: TestBackingGraphRejectsUnapprovedDependencies (0.00s)
=== RUN   TestRealConfinedFormatConversions
    tool_linux_test.go:58: explicit disk-tool fixture run required; this is file conversion, not VM boot
--- SKIP: TestRealConfinedFormatConversions (0.00s)
=== RUN   TestRealMissingAndEscapingVMDKExtents
    tool_linux_test.go:107: explicit confined image fixture execution required
--- SKIP: TestRealMissingAndEscapingVMDKExtents (0.00s)
=== RUN   TestRealContainedBackingChainFlattensAndMissingBaseFails
    tool_linux_test.go:149: explicit isolated disk-tool fixture execution required
--- SKIP: TestRealContainedBackingChainFlattensAndMissingBaseFails (0.00s)
PASS
ok  	virmill.local/core/internal/backend/image	1.011s
=== RUN   TestCreationXMLNativeSimulatedRoundTrip
=== RUN   TestCreationXMLNativeSimulatedRoundTrip/bios
    creation_linux_test.go:64: native libvirt test driver XML parser/validator only; no QEMU VM, disk upload, firmware, TPM, network, or guest behavior exercised
=== RUN   TestCreationXMLNativeSimulatedRoundTrip/uefi
    creation_linux_test.go:64: native libvirt test driver XML parser/validator only; no QEMU VM, disk upload, firmware, TPM, network, or guest behavior exercised
--- PASS: TestCreationXMLNativeSimulatedRoundTrip (0.03s)
    --- PASS: TestCreationXMLNativeSimulatedRoundTrip/bios (0.01s)
    --- PASS: TestCreationXMLNativeSimulatedRoundTrip/uefi (0.01s)
=== RUN   TestCreationXMLRejectsMappingChanges
=== RUN   TestCreationXMLRejectsMappingChanges/memory
=== RUN   TestCreationXMLRejectsMappingChanges/boot_order
=== RUN   TestCreationXMLRejectsMappingChanges/extra_host_device
=== RUN   TestCreationXMLRejectsMappingChanges/unreviewed_source_attribute
=== RUN   TestCreationXMLRejectsMappingChanges/NIC_link
=== RUN   TestCreationXMLRejectsMappingChanges/disk_bus
=== RUN   TestCreationXMLRejectsMappingChanges/extra_disk
=== RUN   TestCreationXMLRejectsMappingChanges/CPU_feature
=== RUN   TestCreationXMLRejectsMappingChanges/external_backing
=== RUN   TestCreationXMLRejectsMappingChanges/extra_metadata
=== RUN   TestCreationXMLRejectsMappingChanges/identity_binding
--- PASS: TestCreationXMLRejectsMappingChanges (0.04s)
    --- PASS: TestCreationXMLRejectsMappingChanges/memory (0.01s)
    --- PASS: TestCreationXMLRejectsMappingChanges/boot_order (0.00s)
    --- PASS: TestCreationXMLRejectsMappingChanges/extra_host_device (0.00s)
    --- PASS: TestCreationXMLRejectsMappingChanges/unreviewed_source_attribute (0.00s)
    --- PASS: TestCreationXMLRejectsMappingChanges/NIC_link (0.00s)
    --- PASS: TestCreationXMLRejectsMappingChanges/disk_bus (0.00s)
    --- PASS: TestCreationXMLRejectsMappingChanges/extra_disk (0.00s)
    --- PASS: TestCreationXMLRejectsMappingChanges/CPU_feature (0.00s)
    --- PASS: TestCreationXMLRejectsMappingChanges/external_backing (0.00s)
    --- PASS: TestCreationXMLRejectsMappingChanges/extra_metadata (0.00s)
    --- PASS: TestCreationXMLRejectsMappingChanges/identity_binding (0.00s)
=== RUN   TestCreationCapabilitiesRequirePositiveSupport
--- PASS: TestCreationCapabilitiesRequirePositiveSupport (0.00s)
=== RUN   TestFirmwareDescriptorRequiresExactMappingAndKeyPolicy
--- PASS: TestFirmwareDescriptorRequiresExactMappingAndKeyPolicy (0.00s)
=== RUN   TestCreationDeviceMetadataFromInstalledQEMU
    creation_linux_test.go:159: enable installed QEMU read-only metadata probes explicitly
--- SKIP: TestCreationDeviceMetadataFromInstalledQEMU (0.00s)
=== RUN   TestUploadedVolumeMetadataRequiresIndependentExactCapacity
--- PASS: TestUploadedVolumeMetadataRequiresIndependentExactCapacity (0.00s)
=== RUN   TestVolumeDownloadConnectionGuardsWithSimulatedStorage
    creation_linux_test.go:265: native API rejects mismatched connections and read-only volume access before transfer; simulated volume only, no file or host storage created; successful native storage streaming remains untested
--- PASS: TestVolumeDownloadConnectionGuardsWithSimulatedStorage (0.00s)
=== RUN   TestReadOnlyPoolAndNetworkInventoryWithNativeTestDriver
    inventory_linux_test.go:47: BLOCKED: installed libvirt test driver does not implement inactive network XML; adapter correctly returns its error instead of fabricating persistent state. Native network readback remains unqualified.
    inventory_linux_test.go:75: Official libvirt read-only calls used its simulated test driver; no host pool/network was started, created or modified; no routing or storage hardware claim
--- PASS: TestReadOnlyPoolAndNetworkInventoryWithNativeTestDriver (0.00s)
=== RUN   TestNetworkStateSeparationAndUnsupportedFlagAreExplicit
--- PASS: TestNetworkStateSeparationAndUnsupportedFlagAreExplicit (0.00s)
=== RUN   TestInventoryResponseBound
--- PASS: TestInventoryResponseBound (0.00s)
=== RUN   TestOfficialBindingWithSimulatedLibvirtDriver
    provider_linux_test.go:38: official native binding exercised against libvirt's simulated test driver; this is not KVM/guest evidence
--- PASS: TestOfficialBindingWithSimulatedLibvirtDriver (0.00s)
PASS
ok  	virmill.local/core/internal/backend/libvirt	1.127s
=== RUN   TestPreservesOpaqueXML
--- PASS: TestPreservesOpaqueXML (0.00s)
=== RUN   TestRefusesAmbiguousEdits
--- PASS: TestRefusesAmbiguousEdits (0.00s)
=== RUN   FuzzPatch
=== RUN   FuzzPatch/seed#0
--- PASS: FuzzPatch (0.00s)
    --- PASS: FuzzPatch/seed#0 (0.00s)
PASS
ok  	virmill.local/core/internal/backend/xmlpatch	1.012s
?   	virmill.local/core/internal/buildinfo	[no test files]
=== RUN   TestCreationInputCompatibilityAndExplicitIdentityBoundary
--- PASS: TestCreationInputCompatibilityAndExplicitIdentityBoundary (0.04s)
=== RUN   TestCreationReceiptRoundTripAndFutureVersionRefusal
--- PASS: TestCreationReceiptRoundTripAndFutureVersionRefusal (0.07s)
=== RUN   TestManagedOwnershipRequiresBothJournalAndNativeIdentity
--- PASS: TestManagedOwnershipRequiresBothJournalAndNativeIdentity (0.05s)
=== RUN   TestReviewedResumeReverifiesAndNeverReallocatesOrUploads
    recovery_linux_test.go:63: synthetic copied-volume coordinator only; no native stream, hardware, or guest evidence
--- PASS: TestReviewedResumeReverifiesAndNeverReallocatesOrUploads (0.17s)
=== RUN   TestFailedRecoveryRetainsLocksAndAllowsAnotherReviewedRecovery
--- PASS: TestFailedRecoveryRetainsLocksAndAllowsAnotherReviewedRecovery (0.25s)
=== RUN   TestPartialSetWrongActorStaleTargetAndTamperedRetainedBytesRefuseRecovery
--- PASS: TestPartialSetWrongActorStaleTargetAndTamperedRetainedBytesRefuseRecovery (0.21s)
=== RUN   TestDefinitionFollowsCompleteIndependentVolumeVerification
    service_linux_test.go:258: Synthetic coordinator adapter proves ordering and independent copied fixture bytes only; no native volume upload, VM definition or guest boot executed
--- PASS: TestDefinitionFollowsCompleteIndependentVolumeVerification (0.05s)
=== RUN   TestCreationFailuresRetainOriginalsAndNeverDefinePartialSets
=== RUN   TestCreationFailuresRetainOriginalsAndNeverDefinePartialSets/allocate
=== RUN   TestCreationFailuresRetainOriginalsAndNeverDefinePartialSets/populate
=== RUN   TestCreationFailuresRetainOriginalsAndNeverDefinePartialSets/verify
=== RUN   TestCreationFailuresRetainOriginalsAndNeverDefinePartialSets/define
--- PASS: TestCreationFailuresRetainOriginalsAndNeverDefinePartialSets (0.18s)
    --- PASS: TestCreationFailuresRetainOriginalsAndNeverDefinePartialSets/allocate (0.04s)
    --- PASS: TestCreationFailuresRetainOriginalsAndNeverDefinePartialSets/populate (0.04s)
    --- PASS: TestCreationFailuresRetainOriginalsAndNeverDefinePartialSets/verify (0.05s)
    --- PASS: TestCreationFailuresRetainOriginalsAndNeverDefinePartialSets/define (0.05s)
=== RUN   TestLostDefinitionAcknowledgementReconcilesWithoutReplay
--- PASS: TestLostDefinitionAcknowledgementReconcilesWithoutReplay (0.05s)
=== RUN   TestCancelUploadRetainsAllocatedVolumeWithoutDefining
--- PASS: TestCancelUploadRetainsAllocatedVolumeWithoutDefining (0.14s)
=== RUN   TestIncompleteMappingsAndStaleTargetFailBeforeAllocation
--- PASS: TestIncompleteMappingsAndStaleTargetFailBeforeAllocation (0.03s)
PASS
ok  	virmill.local/core/internal/creating	2.278s
?   	virmill.local/core/internal/domain	[no test files]
=== RUN   TestGrantBindsPeerActionResourcesAndPlan
--- PASS: TestGrantBindsPeerActionResourcesAndPlan (0.01s)
PASS
ok  	virmill.local/core/internal/helper	1.019s
=== RUN   TestApprovedSourceRequiresCompletedOwnedJournalReceipt
    approved_linux_test.go:57: coordinator authority test with synthetic converter output, not an image-format or hardware test
--- PASS: TestApprovedSourceRequiresCompletedOwnedJournalReceipt (0.09s)
=== RUN   TestPreparedReceiptRejectsFutureFieldsAtApproval
--- PASS: TestPreparedReceiptRejectsFutureFieldsAtApproval (0.04s)
=== RUN   TestAllDiskMappingAndSourceDrift
--- PASS: TestAllDiskMappingAndSourceDrift (0.02s)
=== RUN   TestConverterFailurePreservesOriginalAndDoesNotPublish
--- PASS: TestConverterFailurePreservesOriginalAndDoesNotPublish (0.02s)
=== RUN   TestPublishedArtifactReconcilesWithoutConversionReplay
--- PASS: TestPublishedArtifactReconcilesWithoutConversionReplay (0.03s)
=== RUN   TestRealMultiDiskSplitVMDKPreparation
    stage_linux_test.go:219: explicit isolated disk-tool fixture execution required; not a boot test
--- SKIP: TestRealMultiDiskSplitVMDKPreparation (0.00s)
=== RUN   TestCancelStopsWorkerBeforeRemovingOnlyItsStaging
--- PASS: TestCancelStopsWorkerBeforeRemovingOnlyItsStaging (0.12s)
=== RUN   TestReceiptSchemaCompatibilityAndIdentityPrecision
--- PASS: TestReceiptSchemaCompatibilityAndIdentityPrecision (0.04s)
PASS
ok  	virmill.local/core/internal/importing	1.398s
=== RUN   TestIdempotencyActorExpiryAndSubstitution
--- PASS: TestIdempotencyActorExpiryAndSubstitution (0.02s)
=== RUN   TestCrashAfterEffectBeforeJournal
--- PASS: TestCrashAfterEffectBeforeJournal (0.02s)
=== RUN   TestCanonicalRFC8785Vectors
--- PASS: TestCanonicalRFC8785Vectors (0.00s)
=== RUN   TestRecoveryIncludesJobsOlderThanRecentList
--- PASS: TestRecoveryIncludesJobsOlderThanRecentList (0.08s)
=== RUN   TestInheritedUncertainLocksSurviveEarlyRecoveryExit
=== RUN   TestInheritedUncertainLocksSurviveEarlyRecoveryExit/queued-cancellation
=== RUN   TestInheritedUncertainLocksSurviveEarlyRecoveryExit/validation
=== RUN   TestInheritedUncertainLocksSurviveEarlyRecoveryExit/safe-cancellation
--- PASS: TestInheritedUncertainLocksSurviveEarlyRecoveryExit (0.02s)
    --- PASS: TestInheritedUncertainLocksSurviveEarlyRecoveryExit/queued-cancellation (0.01s)
    --- PASS: TestInheritedUncertainLocksSurviveEarlyRecoveryExit/validation (0.01s)
    --- PASS: TestInheritedUncertainLocksSurviveEarlyRecoveryExit/safe-cancellation (0.01s)
PASS
ok  	virmill.local/core/internal/operations	1.148s
=== RUN   TestSandboxPolicyAndFailClosed
    sandbox_test.go:36: REAL SANDBOX PROBE BLOCKED (no confinement certification): UNSUPPORTED_CAPABILITY: sandbox unavailable; normal plugin execution refused: bwrap: loopback: Failed to create NETLINK_ROUTE socket: Operation not permitted
--- PASS: TestSandboxPolicyAndFailClosed (0.00s)
PASS
ok  	virmill.local/core/internal/platform/linux	1.016s
=== RUN   TestInstalledActionPinnedPlanAndDurableResult
    actions_test.go:69: requires explicit confined process fixture execution; no real VMs
--- SKIP: TestInstalledActionPinnedPlanAndDurableResult (0.00s)
=== RUN   TestDeveloperScaffoldBuildAndSignedPackPlans
--- PASS: TestDeveloperScaffoldBuildAndSignedPackPlans (1.22s)
=== RUN   TestInstallUpdateRollbackPermissionAndPreservation
--- PASS: TestInstallUpdateRollbackPermissionAndPreservation (0.24s)
=== RUN   TestChangedPackageStalePlanAndImmutableVersion
--- PASS: TestChangedPackageStalePlanAndImmutableVersion (0.09s)
=== RUN   TestLifecycleRecoveryObservesCommitWithoutRelaunch
--- PASS: TestLifecycleRecoveryObservesCommitWithoutRelaunch (0.04s)
=== RUN   TestDistributionRejectsTrailingArchiveAndParentCollisions
--- PASS: TestDistributionRejectsTrailingArchiveAndParentCollisions (0.00s)
=== RUN   TestLifecycleRequiresActiveInvocationDispositionAndSchemaGuard
--- PASS: TestLifecycleRequiresActiveInvocationDispositionAndSchemaGuard (0.06s)
=== RUN   TestSignedPackageAndScopeIntersection
--- PASS: TestSignedPackageAndScopeIntersection (0.00s)
=== RUN   TestTwoLanguageConfinedConformance
    runner_test.go:14: requires prebuilt Go fixture and explicit isolated sandbox test execution
--- SKIP: TestTwoLanguageConfinedConformance (0.00s)
=== RUN   TestProviderCrashReconcileFixture
    runner_test.go:36: requires prebuilt simulated provider
--- SKIP: TestProviderCrashReconcileFixture (0.00s)
PASS
ok  	virmill.local/core/internal/plugins	2.694s
=== RUN   TestMetadataCompareAndReopenMigration
--- PASS: TestMetadataCompareAndReopenMigration (0.00s)
=== RUN   TestRecoveryAcceptanceTransfersAllLocksAndLinksAtomically
--- PASS: TestRecoveryAcceptanceTransfersAllLocksAndLinksAtomically (0.00s)
=== RUN   TestRecoveryCannotDropLocksChangeActorOrPartiallyCommit
=== RUN   TestRecoveryCannotDropLocksChangeActorOrPartiallyCommit/drop-lock
=== RUN   TestRecoveryCannotDropLocksChangeActorOrPartiallyCommit/actor
=== RUN   TestRecoveryCannotDropLocksChangeActorOrPartiallyCommit/connection
=== RUN   TestRecoveryCannotDropLocksChangeActorOrPartiallyCommit/commit-failure
--- PASS: TestRecoveryCannotDropLocksChangeActorOrPartiallyCommit (0.01s)
    --- PASS: TestRecoveryCannotDropLocksChangeActorOrPartiallyCommit/drop-lock (0.00s)
    --- PASS: TestRecoveryCannotDropLocksChangeActorOrPartiallyCommit/actor (0.00s)
    --- PASS: TestRecoveryCannotDropLocksChangeActorOrPartiallyCommit/connection (0.00s)
    --- PASS: TestRecoveryCannotDropLocksChangeActorOrPartiallyCommit/commit-failure (0.00s)
=== RUN   TestVersionOneMigrationPreservesUncertainStateAndPrivateBackup
--- PASS: TestVersionOneMigrationPreservesUncertainStateAndPrivateBackup (0.00s)
=== RUN   TestMigrationBackupAndNewerSchemaRefusal
--- PASS: TestMigrationBackupAndNewerSchemaRefusal (0.00s)
=== RUN   TestRecordBundledSQLiteVersion
    version_test.go:21: bundled SQLite runtime: 3.53.4
--- PASS: TestRecordBundledSQLiteVersion (0.00s)
PASS
ok  	virmill.local/core/internal/store	1.039s
=== RUN   TestPrivateRPCAndSingleton
    socket_linux_test.go:39: IPC sandbox unavailable: listen unix /tmp/TestPrivateRPCAndSingleton3144119964/001/control.sock: setsockopt: operation not permitted
--- SKIP: TestPrivateRPCAndSingleton (0.00s)
PASS
ok  	virmill.local/core/internal/transport/local	1.041s
=== RUN   TestClientResolvesPathsBeforeDetachedServiceCall
--- PASS: TestClientResolvesPathsBeforeDetachedServiceCall (0.00s)
PASS
ok  	virmill.local/core/internal/ui	1.045s
=== RUN   TestCleanJSONNoninteractiveAndSharedMethod
--- PASS: TestCleanJSONNoninteractiveAndSharedMethod (0.00s)
=== RUN   TestPlanApplyRequiresExplicitBinding
--- PASS: TestPlanApplyRequiresExplicitBinding (0.00s)
=== RUN   TestPluginPlansUseSharedServiceAndExplicitInputs
--- PASS: TestPluginPlansUseSharedServiceAndExplicitInputs (0.00s)
=== RUN   TestImportPreparationUsesSharedService
--- PASS: TestImportPreparationUsesSharedService (0.00s)
=== RUN   TestResourceInventoryCommandsPreserveExplicitConnection
--- PASS: TestResourceInventoryCommandsPreserveExplicitConnection (0.00s)
=== RUN   TestCreationAndRecoveryCommandsUseSharedService
--- PASS: TestCreationAndRecoveryCommandsUseSharedService (0.00s)
PASS
ok  	virmill.local/core/internal/ui/cli	1.044s
=== RUN   TestKeyboardNavigationSharedServiceAndResize
--- PASS: TestKeyboardNavigationSharedServiceAndResize (0.00s)
=== RUN   TestEscDiscardsApprovalWithoutMutation
--- PASS: TestEscDiscardsApprovalWithoutMutation (0.00s)
=== RUN   TestPluginFormDispatchAndScrollableActionMenu
--- PASS: TestPluginFormDispatchAndScrollableActionMenu (0.00s)
=== RUN   TestImportFormDispatchesCompleteMappingToSharedService
--- PASS: TestImportFormDispatchesCompleteMappingToSharedService (0.00s)
=== RUN   TestStorageAndNetworkInventoryAreReachableWithoutApproval
--- PASS: TestStorageAndNetworkInventoryAreReachableWithoutApproval (0.00s)
=== RUN   TestCreationAndDefinitionRecoveryHaveSharedTUIAccess
--- PASS: TestCreationAndDefinitionRecoveryHaveSharedTUIAccess (0.00s)
=== RUN   TestLargeCreationFormRemainsBoundedAndVisible
--- PASS: TestLargeCreationFormRemainsBoundedAndVisible (0.01s)
PASS
ok  	virmill.local/core/internal/ui/tui	1.056s
=== RUN   TestPluginSchemasAreOfflineAndValidateResults
--- PASS: TestPluginSchemasAreOfflineAndValidateResults (0.00s)
=== RUN   TestBundledExamplesOffline
--- PASS: TestBundledExamplesOffline (0.04s)
=== RUN   TestYAMLAndTerminalSafety
--- PASS: TestYAMLAndTerminalSafety (0.00s)
PASS
ok  	virmill.local/core/internal/validation	1.084s
=== RUN   TestStrictJSON
--- PASS: TestStrictJSON (0.00s)
=== RUN   FuzzValidate
=== RUN   FuzzValidate/seed#0
=== RUN   FuzzValidate/seed#1
--- PASS: FuzzValidate (0.00s)
    --- PASS: FuzzValidate/seed#0 (0.00s)
    --- PASS: FuzzValidate/seed#1 (0.00s)
PASS
ok  	virmill.local/core/internal/wire	1.015s
?   	virmill.local/core/schemas	[no test files]
