?   	virmill.local/core/cmd/virmill	[no test files]
?   	virmill.local/core/cmd/virmill-dev	[no test files]
?   	virmill.local/core/cmd/virmill-host-helper	[no test files]
?   	virmill.local/core/cmd/virmilld	[no test files]
?   	virmill.local/core/contracts	[no test files]
ok  	virmill.local/core/internal/app	1.221s
ok  	virmill.local/core/internal/app/devices	1.014s
ok  	virmill.local/core/internal/app/importer	1.074s
?   	virmill.local/core/internal/app/lab	[no test files]
ok  	virmill.local/core/internal/app/network	1.010s
ok  	virmill.local/core/internal/app/protection	1.014s
ok  	virmill.local/core/internal/app/provision	1.283s
ok  	virmill.local/core/internal/app/storage	1.014s
ok  	virmill.local/core/internal/backend/fileidentity	1.015s
ok  	virmill.local/core/internal/backend/image	1.014s
ok  	virmill.local/core/internal/backend/libvirt	1.526s
ok  	virmill.local/core/internal/backend/seed	1.029s
ok  	virmill.local/core/internal/backend/xmlpatch	1.506s
?   	virmill.local/core/internal/buildinfo	[no test files]
ok  	virmill.local/core/internal/creating	6.613s
?   	virmill.local/core/internal/domain	[no test files]
ok  	virmill.local/core/internal/helper	1.025s
ok  	virmill.local/core/internal/importing	2.037s
ok  	virmill.local/core/internal/operations	1.168s
ok  	virmill.local/core/internal/platform/linux	1.022s
ok  	virmill.local/core/internal/plugins	2.968s
ok  	virmill.local/core/internal/store	1.055s
ok  	virmill.local/core/internal/transport/local	1.043s
ok  	virmill.local/core/internal/ui	1.041s
ok  	virmill.local/core/internal/ui/cli	1.057s
ok  	virmill.local/core/internal/ui/tui	1.060s
ok  	virmill.local/core/internal/validation	1.119s
ok  	virmill.local/core/internal/wire	1.017s
?   	virmill.local/core/schemas	[no test files]
