?   	virmill.local/core/cmd/virmill	[no test files]
?   	virmill.local/core/cmd/virmill-dev	[no test files]
?   	virmill.local/core/cmd/virmill-host-helper	[no test files]
?   	virmill.local/core/cmd/virmilld	[no test files]
?   	virmill.local/core/contracts	[no test files]
ok  	virmill.local/core/internal/app	1.715s
ok  	virmill.local/core/internal/app/devices	1.014s
ok  	virmill.local/core/internal/app/importer	1.079s
?   	virmill.local/core/internal/app/lab	[no test files]
ok  	virmill.local/core/internal/app/network	1.448s
ok  	virmill.local/core/internal/app/protection	1.015s
ok  	virmill.local/core/internal/app/provision	1.141s
ok  	virmill.local/core/internal/app/storage	1.014s
ok  	virmill.local/core/internal/backend/fileaccess	1.030s
ok  	virmill.local/core/internal/backend/fileidentity	1.015s
ok  	virmill.local/core/internal/backend/image	1.017s
ok  	virmill.local/core/internal/backend/libvirt	5.634s
ok  	virmill.local/core/internal/backend/seed	1.032s
ok  	virmill.local/core/internal/backend/xmlpatch	1.645s
?   	virmill.local/core/internal/buildinfo	[no test files]
ok  	virmill.local/core/internal/creating	14.366s
?   	virmill.local/core/internal/domain	[no test files]
ok  	virmill.local/core/internal/helper	1.055s
ok  	virmill.local/core/internal/importing	2.145s
ok  	virmill.local/core/internal/operations	1.192s
ok  	virmill.local/core/internal/platform/linux	1.116s
ok  	virmill.local/core/internal/plugins	6.863s
ok  	virmill.local/core/internal/storageaccess	1.227s
ok  	virmill.local/core/internal/store	1.061s
ok  	virmill.local/core/internal/transport/local	1.051s
ok  	virmill.local/core/internal/ui	1.052s
ok  	virmill.local/core/internal/ui/cli	1.081s
ok  	virmill.local/core/internal/ui/tui	1.075s
ok  	virmill.local/core/internal/validation	1.129s
ok  	virmill.local/core/internal/wire	1.017s
?   	virmill.local/core/schemas	[no test files]
