?   	virmill.local/core/cmd/virmill	[no test files]
?   	virmill.local/core/cmd/virmill-dev	[no test files]
?   	virmill.local/core/cmd/virmill-host-helper	[no test files]
?   	virmill.local/core/cmd/virmilld	[no test files]
?   	virmill.local/core/contracts	[no test files]
ok  	virmill.local/core/internal/app	1.539s
ok  	virmill.local/core/internal/app/devices	1.015s
ok  	virmill.local/core/internal/app/importer	1.072s
?   	virmill.local/core/internal/app/lab	[no test files]
ok  	virmill.local/core/internal/app/network	1.015s
ok  	virmill.local/core/internal/app/protection	1.018s
ok  	virmill.local/core/internal/app/provision	1.188s
ok  	virmill.local/core/internal/app/storage	1.014s
ok  	virmill.local/core/internal/backend/fileidentity	1.013s
ok  	virmill.local/core/internal/backend/image	1.015s
ok  	virmill.local/core/internal/backend/libvirt	1.686s
ok  	virmill.local/core/internal/backend/seed	1.029s
ok  	virmill.local/core/internal/backend/xmlpatch	1.549s
?   	virmill.local/core/internal/buildinfo	[no test files]
ok  	virmill.local/core/internal/creating	6.169s
?   	virmill.local/core/internal/domain	[no test files]
ok  	virmill.local/core/internal/helper	1.027s
ok  	virmill.local/core/internal/importing	1.997s
ok  	virmill.local/core/internal/operations	1.185s
ok  	virmill.local/core/internal/platform/linux	1.023s
ok  	virmill.local/core/internal/plugins	2.800s
ok  	virmill.local/core/internal/store	1.042s
ok  	virmill.local/core/internal/transport/local	1.044s
ok  	virmill.local/core/internal/ui	1.051s
ok  	virmill.local/core/internal/ui/cli	1.053s
ok  	virmill.local/core/internal/ui/tui	1.047s
ok  	virmill.local/core/internal/validation	1.113s
ok  	virmill.local/core/internal/wire	1.010s
?   	virmill.local/core/schemas	[no test files]
