FF
======================================================================
FAIL: test_unequal_backtick_runs_do_not_hide_dependencies (__main__.ParserTests.test_unequal_backtick_runs_do_not_hide_dependencies) (text='`[bad](missing.md)``')
----------------------------------------------------------------------
Traceback (most recent call last):
  File "/home/faisal/project/virmill/tests/integration/installed_documents_test.py", line 81, in test_unequal_backtick_runs_do_not_hide_dependencies
    self.assertEqual(destinations(text), ['missing.md'])
    ~~~~~~~~~~~~~~~~^^^^^^^^^^^^^^^^^^^^^^^^^^^^^^^^^^^^
AssertionError: Lists differ: [] != ['missing.md']

Second list contains 1 additional elements.
First extra element 0:
'missing.md'

- []
+ ['missing.md']

======================================================================
FAIL: test_unequal_backtick_runs_do_not_hide_dependencies (__main__.ParserTests.test_unequal_backtick_runs_do_not_hide_dependencies) (text='` [bad](missing.md) ``')
----------------------------------------------------------------------
Traceback (most recent call last):
  File "/home/faisal/project/virmill/tests/integration/installed_documents_test.py", line 81, in test_unequal_backtick_runs_do_not_hide_dependencies
    self.assertEqual(destinations(text), ['missing.md'])
    ~~~~~~~~~~~~~~~~^^^^^^^^^^^^^^^^^^^^^^^^^^^^^^^^^^^^
AssertionError: Lists differ: [] != ['missing.md']

Second list contains 1 additional elements.
First extra element 0:
'missing.md'

- []
+ ['missing.md']

----------------------------------------------------------------------
Ran 1 test in 0.002s

FAILED (failures=2)
