{"command": ["/home/linuxbrew/.linuxbrew/opt/python@3.14/bin/python3.14", "-B", "tests/integration/package_docs_test.py", "-v"], "phase": "before production correction", "python": "3.14.6", "revision": "e4f63ff19a0a0a53f09fc0e230b9208308d4c3f6", "sha256": {"scripts/package_docs.py": "ee550f6b85ffb7abaf5e0c23237af12f921e64cd55b82f28fb5e15e822476b7d", "tests/integration/package_docs_test.py": "ec2707c6fde080e42ce568ed72a3cff3048163dab3dd310f9d7402915313939a"}}
test_absolute_frozen_checkout_link_has_no_alias (__main__.PackageDocuments.test_absolute_frozen_checkout_link_has_no_alias) ... ok
test_ambiguous_directory_mapping_does_not_invent_a_target (__main__.PackageDocuments.test_ambiguous_directory_mapping_does_not_invent_a_target) ... ok
test_backslash_before_closing_backtick_remains_inside_code (__main__.PackageDocuments.test_backslash_before_closing_backtick_remains_inside_code) ... ok
test_escaped_first_backtick_can_leave_shorter_opening_run (__main__.PackageDocuments.test_escaped_first_backtick_can_leave_shorter_opening_run) ... 
  test_escaped_first_backtick_can_leave_shorter_opening_run (__main__.PackageDocuments.test_escaped_first_backtick_can_leave_shorter_opening_run) (closing_backticks=1) ... ERROR
  test_escaped_first_backtick_can_leave_shorter_opening_run (__main__.PackageDocuments.test_escaped_first_backtick_can_leave_shorter_opening_run) (closing_backticks=2) ... FAIL
test_escaped_opening_backtick_leaves_visible_dependency (__main__.PackageDocuments.test_escaped_opening_backtick_leaves_visible_dependency) ... 
  test_escaped_opening_backtick_leaves_visible_dependency (__main__.PackageDocuments.test_escaped_opening_backtick_leaves_visible_dependency) (backslashes=1) ... FAIL
  test_escaped_opening_backtick_leaves_visible_dependency (__main__.PackageDocuments.test_escaped_opening_backtick_leaves_visible_dependency) (backslashes=3) ... FAIL
test_even_backslash_prefix_opens_inline_code (__main__.PackageDocuments.test_even_backslash_prefix_opens_inline_code) ... ok
test_exact_colon_filename_is_not_guessed_to_be_a_line (__main__.PackageDocuments.test_exact_colon_filename_is_not_guessed_to_be_a_line) ... ok
test_explicit_installed_protocol_dependency (__main__.PackageDocuments.test_explicit_installed_protocol_dependency) ... ok
test_fenced_code_preserves_unresolved_and_external_examples_exactly (__main__.PackageDocuments.test_fenced_code_preserves_unresolved_and_external_examples_exactly) ... ok
test_images_are_mapped_or_become_explicit_source_references (__main__.PackageDocuments.test_images_are_mapped_or_become_explicit_source_references) ... ok
test_inline_code_and_code_inside_labels_keep_original_bytes (__main__.PackageDocuments.test_inline_code_and_code_inside_labels_keep_original_bytes) ... ok
test_input_output_and_inventory_limits_refuse (__main__.PackageDocuments.test_input_output_and_inventory_limits_refuse) ... ok
test_malformed_and_control_url_escapes_fail (__main__.PackageDocuments.test_malformed_and_control_url_escapes_fail) ... ok
test_malformed_links_and_unclosed_code_fail (__main__.PackageDocuments.test_malformed_links_and_unclosed_code_fail) ... ok
test_missing_and_escaping_source_targets_fail (__main__.PackageDocuments.test_missing_and_escaping_source_targets_fail) ... ok
test_multiline_and_nested_labels_and_repeated_links (__main__.PackageDocuments.test_multiline_and_nested_labels_and_repeated_links) ... ok
test_no_filesystem_access_and_many_unpaired_brackets (__main__.PackageDocuments.test_no_filesystem_access_and_many_unpaired_brackets) ... ok
test_observed_example_relocation_preserves_input_and_inventory (__main__.PackageDocuments.test_observed_example_relocation_preserves_input_and_inventory) ... ok
test_observed_leading_inline_code_is_not_indented_code (__main__.PackageDocuments.test_observed_leading_inline_code_is_not_indented_code) ... ok
test_observed_schema_and_source_root_document_detour (__main__.PackageDocuments.test_observed_schema_and_source_root_document_detour) ... ok
test_observed_source_line_suffix_keeps_line_visible (__main__.PackageDocuments.test_observed_source_line_suffix_keeps_line_visible) ... ok
test_omitted_tracked_artifacts_are_explicit_nonlinks (__main__.PackageDocuments.test_omitted_tracked_artifacts_are_explicit_nonlinks) ... ok
test_origin_and_mapping_must_be_reviewed_and_canonical (__main__.PackageDocuments.test_origin_and_mapping_must_be_reviewed_and_canonical) ... ok
test_reference_html_and_ambiguous_indented_links_fail (__main__.PackageDocuments.test_reference_html_and_ambiguous_indented_links_fail) ... ok
test_remote_and_fragment_links_are_byte_preserved (__main__.PackageDocuments.test_remote_and_fragment_links_are_byte_preserved) ... ok
test_source_and_installed_directory_references (__main__.PackageDocuments.test_source_and_installed_directory_references) ... ok
test_unknown_or_invalid_line_cannot_become_a_source_reference (__main__.PackageDocuments.test_unknown_or_invalid_line_cannot_become_a_source_reference) ... ok
test_unmatched_and_unequal_backtick_runs_do_not_hide_links (__main__.PackageDocuments.test_unmatched_and_unequal_backtick_runs_do_not_hide_links) ... ok
test_unmatched_backtick_is_prose_and_does_not_hide_a_link (__main__.PackageDocuments.test_unmatched_backtick_is_prose_and_does_not_hide_a_link) ... ok
test_unsupported_scheme_and_local_query_fail (__main__.PackageDocuments.test_unsupported_scheme_and_local_query_fail) ... ok
test_url_decoding_and_parentheses_are_canonicalized (__main__.PackageDocuments.test_url_decoding_and_parentheses_are_canonicalized) ... ok

======================================================================
ERROR: test_escaped_first_backtick_can_leave_shorter_opening_run (__main__.PackageDocuments.test_escaped_first_backtick_can_leave_shorter_opening_run) (closing_backticks=1)
----------------------------------------------------------------------
Traceback (most recent call last):
  File "<dev-home>/project/virmill/tests/integration/package_docs_test.py", line 201, in test_escaped_first_backtick_can_leave_shorter_opening_run
    self.assertEqual(self.rewrite(original), original)
                     ~~~~~~~~~~~~^^^^^^^^^^
  File "<dev-home>/project/virmill/tests/integration/package_docs_test.py", line 34, in rewrite
    return package_docs.rewrite_markdown(source, self.mapping[source], data,
           ~~~~~~~~~~~~~~~~~~~~~~~~~~~~~^^^^^^^^^^^^^^^^^^^^^^^^^^^^^^^^^^^^
                                         self.mapping, self.tracked).decode()
                                         ^^^^^^^^^^^^^^^^^^^^^^^^^^^
  File "<dev-home>/project/virmill/scripts/package_docs.py", line 263, in rewrite_markdown
    resolved = _resolve(destination, source_path, known, mapping)
  File "<dev-home>/project/virmill/scripts/package_docs.py", line 202, in _resolve
    raise ValueError('Unresolved documentation destination: ' + target)
ValueError: Unresolved documentation destination: docs/missing.md

======================================================================
FAIL: test_escaped_first_backtick_can_leave_shorter_opening_run (__main__.PackageDocuments.test_escaped_first_backtick_can_leave_shorter_opening_run) (closing_backticks=2)
----------------------------------------------------------------------
Traceback (most recent call last):
  File "<dev-home>/project/virmill/tests/integration/package_docs_test.py", line 202, in test_escaped_first_backtick_can_leave_shorter_opening_run
    with self.subTest(closing_backticks=2), self.assertRaises(ValueError):
                                            ~~~~~~~~~~~~~~~~~^^^^^^^^^^^^
AssertionError: ValueError not raised

======================================================================
FAIL: test_escaped_opening_backtick_leaves_visible_dependency (__main__.PackageDocuments.test_escaped_opening_backtick_leaves_visible_dependency) (backslashes=1)
----------------------------------------------------------------------
Traceback (most recent call last):
  File "<dev-home>/project/virmill/tests/integration/package_docs_test.py", line 181, in test_escaped_opening_backtick_leaves_visible_dependency
    with self.subTest(backslashes=count), self.assertRaises(ValueError):
                                          ~~~~~~~~~~~~~~~~~^^^^^^^^^^^^
AssertionError: ValueError not raised

======================================================================
FAIL: test_escaped_opening_backtick_leaves_visible_dependency (__main__.PackageDocuments.test_escaped_opening_backtick_leaves_visible_dependency) (backslashes=3)
----------------------------------------------------------------------
Traceback (most recent call last):
  File "<dev-home>/project/virmill/tests/integration/package_docs_test.py", line 181, in test_escaped_opening_backtick_leaves_visible_dependency
    with self.subTest(backslashes=count), self.assertRaises(ValueError):
                                          ~~~~~~~~~~~~~~~~~^^^^^^^^^^^^
AssertionError: ValueError not raised

----------------------------------------------------------------------
Ran 31 tests in 0.087s

FAILED (failures=3, errors=1)
{"exitCode": 1, "hashesUnchanged": true}
