Images are identical.
Images are identical.
{
  "fixtureVersion": 1,
  "class": "generated BIOS probe, not an OS compatibility fixture",
  "assemblySHA256": "e9e96f13d40ca5bcd7f1a1b9ddb0fbfc0e0330868d8fd74277e71b4abc0d41ab",
  "generatorSHA256": "654ec71d62308bd6e0d08dff10742e017f7be6df1150852b3925d034eb85b638",
  "bootSectorSHA256": "849fcf87d30854c10e1bae814d5fe27c50c0857e493d958521452db7d922b931",
  "payloadMiB": 1024,
  "archive": "/home/virmill-test/virmill-tests/run-65930c6-20260907/sources/multidisk-probe-v1/probe.ova",
  "archiveBytes": 1074472960,
  "archiveSHA256": "1b2b15b998b4879d71cd2e5a1b137253cb41f14808a830ff8ba6ff231c0d88f0",
  "memberSHA256": {
    "boot-s001.vmdk": "f16daf702478aaf1ef4a2797b19b7bfc7abe86d5623018fc053774e170a1a808",
    "boot.vmdk": "29d3817358846c3b31b97259f677321ace23ee2974e91a75958f9f7a03a42cd1",
    "data-s001.vmdk": "55cc99641d0e073c346a6dbda88776f65454965547b489e8c08f321daae28a16",
    "data-s002.vmdk": "8bf10d8a06e6b43a6335668f78d4866c58b0a1ae670fe8c9083d65811991dea9",
    "data.vmdk": "fdfb0c8c176055b7b0d52246b7c514b144c4868ed4f3c21734c9d7312b022e4e",
    "probe.ovf": "87e67022f865b7da5f06af08cae77711aa4e16c99cc05f30f629aeeb97aa4bf2"
  },
  "rawSHA256": {
    "boot.raw": "f7fd924313487c664434773ed9e1dab4c8a5ebd184fc76d845ab598f22442720",
    "data.raw": "aa7ef5802fb89b247505d7734f36c48d6babf75b1944e64b5189ca9a77713ddf"
  },
  "packages": [
    "binutils-2.46.1-1.fc44.x86_64",
    "qemu-img-10.2.2-1.fc44.x86_64",
    "bubblewrap-0.12.0-1.fc44.x86_64",
    "util-linux-2.41.5-1.fc44.x86_64"
  ],
  "toolSHA256": {
    "as": "388a25358e48c00dd0efab716ffc12e1dfac27c2501b85f18d5b36057a43bd2d",
    "ld": "eccfdb2b11bcae1ca6e2915a40db609299f46d7def305dab744c0da0aaf54370",
    "objcopy": "d4c9b0d52b21fa8375e082a13e12eac1a8b6fb515a0f034dd085dd5de4011da4",
    "qemu-img": "4362e911c13bb90e39b69479462cd4adb840749b582f4892ca114eb7e94dcf2e",
    "bwrap": "6da06f152b0865172d73348c34cb88487c326ce2f21cd980fc25ff10c4dbcdfb",
    "prlimit": "f3b2a0c9e1d77d62e6c4a7bc1f83b78d92d7d9e901dd2be228df44cc12c762da"
  },
  "commands": [
    [
      "/usr/bin/as",
      "--32",
      "-o",
      "/home/virmill-test/virmill-tests/run-65930c6-20260907/sources/multidisk-probe-v1/boot.o",
      "/home/virmill-test/virmill-tests/run-65930c6-20260907/fixture-recipes/multidisk-probe-v1/boot.S"
    ],
    [
      "/usr/bin/ld",
      "-m",
      "elf_i386",
      "-Ttext",
      "0x7c00",
      "--entry=_start",
      "-o",
      "/home/virmill-test/virmill-tests/run-65930c6-20260907/sources/multidisk-probe-v1/boot.elf",
      "/home/virmill-test/virmill-tests/run-65930c6-20260907/sources/multidisk-probe-v1/boot.o"
    ],
    [
      "/usr/bin/objcopy",
      "-O",
      "binary",
      "--only-section=.text",
      "/home/virmill-test/virmill-tests/run-65930c6-20260907/sources/multidisk-probe-v1/boot.elf",
      "/home/virmill-test/virmill-tests/run-65930c6-20260907/sources/multidisk-probe-v1/boot.bin"
    ],
    [
      "/usr/bin/prlimit",
      "--as=4294967296",
      "--fsize=8589934592",
      "--cpu=600",
      "--nofile=128",
      "--nproc=128",
      "--",
      "/usr/bin/bwrap",
      "--die-with-parent",
      "--unshare-all",
      "--new-session",
      "--ro-bind",
      "/usr",
      "/usr",
      "--symlink",
      "usr/lib",
      "/lib",
      "--symlink",
      "usr/lib64",
      "/lib64",
      "--proc",
      "/proc",
      "--dev",
      "/dev",
      "--tmpfs",
      "/tmp",
      "--ro-bind",
      "/home/virmill-test/virmill-tests/run-65930c6-20260907/sources/multidisk-probe-v1/raw",
      "/source",
      "--bind",
      "/home/virmill-test/virmill-tests/run-65930c6-20260907/sources/multidisk-probe-v1/members",
      "/output",
      "--chdir",
      "/output",
      "/usr/bin/qemu-img",
      "convert",
      "-f",
      "raw",
      "-O",
      "vmdk",
      "-o",
      "subformat=twoGbMaxExtentSparse",
      "/source/boot.raw",
      "/output/boot.vmdk"
    ],
    [
      "/usr/bin/prlimit",
      "--as=4294967296",
      "--fsize=8589934592",
      "--cpu=600",
      "--nofile=128",
      "--nproc=128",
      "--",
      "/usr/bin/bwrap",
      "--die-with-parent",
      "--unshare-all",
      "--new-session",
      "--ro-bind",
      "/usr",
      "/usr",
      "--symlink",
      "usr/lib",
      "/lib",
      "--symlink",
      "usr/lib64",
      "/lib64",
      "--proc",
      "/proc",
      "--dev",
      "/dev",
      "--tmpfs",
      "/tmp",
      "--ro-bind",
      "/home/virmill-test/virmill-tests/run-65930c6-20260907/sources/multidisk-probe-v1/raw",
      "/source",
      "--bind",
      "/home/virmill-test/virmill-tests/run-65930c6-20260907/sources/multidisk-probe-v1/members",
      "/output",
      "--chdir",
      "/output",
      "/usr/bin/qemu-img",
      "compare",
      "-f",
      "raw",
      "-F",
      "vmdk",
      "/source/boot.raw",
      "/output/boot.vmdk"
    ],
    [
      "/usr/bin/prlimit",
      "--as=4294967296",
      "--fsize=8589934592",
      "--cpu=600",
      "--nofile=128",
      "--nproc=128",
      "--",
      "/usr/bin/bwrap",
      "--die-with-parent",
      "--unshare-all",
      "--new-session",
      "--ro-bind",
      "/usr",
      "/usr",
      "--symlink",
      "usr/lib",
      "/lib",
      "--symlink",
      "usr/lib64",
      "/lib64",
      "--proc",
      "/proc",
      "--dev",
      "/dev",
      "--tmpfs",
      "/tmp",
      "--ro-bind",
      "/home/virmill-test/virmill-tests/run-65930c6-20260907/sources/multidisk-probe-v1/raw",
      "/source",
      "--bind",
      "/home/virmill-test/virmill-tests/run-65930c6-20260907/sources/multidisk-probe-v1/members",
      "/output",
      "--chdir",
      "/output",
      "/usr/bin/qemu-img",
      "convert",
      "-f",
      "raw",
      "-O",
      "vmdk",
      "-o",
      "subformat=twoGbMaxExtentSparse",
      "/source/data.raw",
      "/output/data.vmdk"
    ],
    [
      "/usr/bin/prlimit",
      "--as=4294967296",
      "--fsize=8589934592",
      "--cpu=600",
      "--nofile=128",
      "--nproc=128",
      "--",
      "/usr/bin/bwrap",
      "--die-with-parent",
      "--unshare-all",
      "--new-session",
      "--ro-bind",
      "/usr",
      "/usr",
      "--symlink",
      "usr/lib",
      "/lib",
      "--symlink",
      "usr/lib64",
      "/lib64",
      "--proc",
      "/proc",
      "--dev",
      "/dev",
      "--tmpfs",
      "/tmp",
      "--ro-bind",
      "/home/virmill-test/virmill-tests/run-65930c6-20260907/sources/multidisk-probe-v1/raw",
      "/source",
      "--bind",
      "/home/virmill-test/virmill-tests/run-65930c6-20260907/sources/multidisk-probe-v1/members",
      "/output",
      "--chdir",
      "/output",
      "/usr/bin/qemu-img",
      "compare",
      "-f",
      "raw",
      "-F",
      "vmdk",
      "/source/data.raw",
      "/output/data.vmdk"
    ]
  ],
  "confinement": "ordinary-user all-namespace bubblewrap with read-only raw source and private output; no network or host service sockets",
  "guestExecuted": false,
  "VMCreated": false,
  "requiresExplicitDisposableVMTest": true
}
