=== RUN   TestConcurrentCancellation
--- PASS: TestConcurrentCancellation (0.00s)
PASS
ok  	virmill.local/sdk	1.014s
?   	virmill.local/sdk/example	[no test files]
?   	virmill.local/sdk/protocol	[no test files]
xorriso 1.5.8.pl02
ISO 9660 Rock Ridge filesystem manipulator and CD/DVD/BD burn program
Copyright (C) 2026, Thomas Schmitt <scdbackup@gmx.net>, libburnia project.
xorriso version   :  1.5.8.pl02
Version timestamp :  2026.05.22.150001
Build timestamp   :  -none-given-
libisofs   in use :  1.5.8  (min. 1.5.8)
libburn    in use :  1.5.8  (min. 1.5.8)
libburn OS adapter:  internal GNU/Linux SG_IO adapter sg-linux
libisoburn in use :  1.5.8  (min. 1.5.8)
Provided under GNU GPL version 3 or later, due to libreadline license.
There is NO WARRANTY, to the extent permitted by law.
47455ea176c7dcc1afb2006e0c774e2d37db7e9be0b88e27383b29eea2c1e22b  /usr/bin/xorriso
xorriso-1.5.8-2.fc44.x86_64
util-linux-2.41.5-1.fc44.x86_64
cloud-init executable: None
xorriso 1.5.8.pl02 : RockRidge filesystem manipulator, libburnia project.

