?   	virmill.local/core/cmd/virmill	[no test files]
?   	virmill.local/core/cmd/virmill-dev	[no test files]
?   	virmill.local/core/cmd/virmill-host-helper	[no test files]
?   	virmill.local/core/cmd/virmilld	[no test files]
?   	virmill.local/core/contracts	[no test files]
ok  	virmill.local/core/internal/app	1.800s
ok  	virmill.local/core/internal/app/devices	1.017s
ok  	virmill.local/core/internal/app/importer	1.109s
?   	virmill.local/core/internal/app/lab	[no test files]
ok  	virmill.local/core/internal/app/network	1.484s
ok  	virmill.local/core/internal/app/protection	3.931s
ok  	virmill.local/core/internal/app/provision	1.325s
ok  	virmill.local/core/internal/app/storage	1.021s
ok  	virmill.local/core/internal/backend/coldfiles	1.168s
ok  	virmill.local/core/internal/backend/fileaccess	1.041s
ok  	virmill.local/core/internal/backend/fileidentity	1.015s
ok  	virmill.local/core/internal/backend/image	2.153s
ok  	virmill.local/core/internal/backend/libvirt	7.062s
ok  	virmill.local/core/internal/backend/seed	1.290s
ok  	virmill.local/core/internal/backend/xmlpatch	1.591s
?   	virmill.local/core/internal/buildinfo	[no test files]
ok  	virmill.local/core/internal/creating	16.986s
?   	virmill.local/core/internal/domain	[no test files]
ok  	virmill.local/core/internal/helper	1.110s
ok  	virmill.local/core/internal/importing	3.214s
ok  	virmill.local/core/internal/operations	1.233s
ok  	virmill.local/core/internal/platform/linux	1.155s
ok  	virmill.local/core/internal/plugins	11.165s
ok  	virmill.local/core/internal/storageaccess	1.259s
ok  	virmill.local/core/internal/store	1.063s
ok  	virmill.local/core/internal/transport/local	1.058s
ok  	virmill.local/core/internal/ui	1.053s
ok  	virmill.local/core/internal/ui/cli	2.763s
ok  	virmill.local/core/internal/ui/tui	1.871s
ok  	virmill.local/core/internal/validation	1.217s
ok  	virmill.local/core/internal/wire	1.018s
?   	virmill.local/core/schemas	[no test files]
