?   	virmill.local/core/cmd/virmill	[no test files]
?   	virmill.local/core/cmd/virmill-dev	[no test files]
?   	virmill.local/core/cmd/virmill-host-helper	[no test files]
?   	virmill.local/core/cmd/virmilld	[no test files]
?   	virmill.local/core/contracts	[no test files]
ok  	virmill.local/core/internal/app	6.019s
ok  	virmill.local/core/internal/app/devices	(cached)
ok  	virmill.local/core/internal/app/importer	(cached)
?   	virmill.local/core/internal/app/lab	[no test files]
ok  	virmill.local/core/internal/app/network	(cached)
ok  	virmill.local/core/internal/app/protection	6.868s
ok  	virmill.local/core/internal/app/provision	(cached)
ok  	virmill.local/core/internal/app/storage	(cached)
ok  	virmill.local/core/internal/auxiliary	1.179s
ok  	virmill.local/core/internal/backend/coldfiles	(cached)
ok  	virmill.local/core/internal/backend/fileaccess	(cached)
ok  	virmill.local/core/internal/backend/fileidentity	(cached)
ok  	virmill.local/core/internal/backend/guestssh	2.222s
ok  	virmill.local/core/internal/backend/image	(cached)
ok  	virmill.local/core/internal/backend/libvirt	12.406s
ok  	virmill.local/core/internal/backend/networkxml	(cached)
ok  	virmill.local/core/internal/backend/restic	(cached)
ok  	virmill.local/core/internal/backend/seed	(cached)
ok  	virmill.local/core/internal/backend/xmlpatch	(cached)
?   	virmill.local/core/internal/buildinfo	[no test files]
ok  	virmill.local/core/internal/coldcapture	5.077s
ok  	virmill.local/core/internal/coldstore	3.273s
ok  	virmill.local/core/internal/creating	17.727s
ok  	virmill.local/core/internal/domain	1.015s
ok  	virmill.local/core/internal/guestsetup	5.612s
ok  	virmill.local/core/internal/helper	10.085s
ok  	virmill.local/core/internal/importing	2.403s
ok  	virmill.local/core/internal/localbackup	4.158s
?   	virmill.local/core/internal/networkfirewall	[no test files]
ok  	virmill.local/core/internal/networksettings	(cached)
ok  	virmill.local/core/internal/operations	1.355s
ok  	virmill.local/core/internal/platform/linux	(cached)
ok  	virmill.local/core/internal/plugins	11.696s
ok  	virmill.local/core/internal/storageaccess	1.293s
ok  	virmill.local/core/internal/store	1.063s
ok  	virmill.local/core/internal/transport/local	1.655s
ok  	virmill.local/core/internal/ui	1.079s
ok  	virmill.local/core/internal/ui/cli	4.459s
ok  	virmill.local/core/internal/ui/tui	7.946s
ok  	virmill.local/core/internal/validation	1.435s
ok  	virmill.local/core/internal/wire	(cached)
?   	virmill.local/core/schemas	[no test files]
