{
  "status": "failed",
  "runID": "b4b0df366ce64f88ba439ba34d15e777",
  "scope": "native owned NAT/lab definition, helper IPv6 rules and namespace packets; not real-guest or release qualification",
  "created": [
    {
      "uuid": "bc247e57-0919-489b-a02e-3f3ad3c92447",
      "bridge": "vmbc247e570919",
      "kind": "lab",
      "plan": {
        "acknowledgements": [
          "host-mutation",
          "network-host-access",
          "network-firewall",
          "exclusive-network-writer"
        ],
        "actorUID": 1000,
        "apiVersion": "virmill/v1",
        "beforeFingerprints": {},
        "connectionID": "qemu:///system",
        "createdAt": "2026-09-08T04:32:12.76192901Z",
        "estimates": {
          "additionalBytes": 0,
          "notes": "One new virtual bridge and optional libvirt DHCP/DNS process; no guest or disk allocation. Existing host networking is retained.",
          "requiresDowntime": false
        },
        "expiresAt": "2026-09-08T04:47:12.76192901Z",
        "inputDigest": "810c1afb6f984381df069ce0e7610d74674e0f769b6687fb43a57d62081c1124",
        "operation": "network.create",
        "planDigest": "390f23c1b49aeb450696390a900575964b68995d4a66176328874a3850bc72da",
        "planID": "62a1002f-4f6e-4079-aa7c-39d6572d8ab5",
        "requiredGrants": [
          {
            "operation": "network.create",
            "resourceID": "libvirt|qemu:///system|network-allocation|host"
          },
          {
            "operation": "network.create",
            "resourceID": "libvirt|qemu:///system|network|bc247e57-0919-489b-a02e-3f3ad3c92447"
          }
        ],
        "resourceIDs": [
          "libvirt|qemu:///system|network-allocation|host",
          "libvirt|qemu:///system|network|bc247e57-0919-489b-a02e-3f3ad3c92447"
        ],
        "review": {
          "autostart": false,
          "definition": {
            "advertiseDefaultRoute": false,
            "bridge": "vmbc247e570919",
            "dhcpEnabled": true,
            "egress": "none",
            "hostAccess": "allow",
            "ipv4CIDR": "10.197.234.0/24",
            "ipv6Mode": "disabled",
            "name": "virmill-bc247e57-0919-489b-a02e-3f3ad3c92447",
            "type": "lab",
            "uuid": "bc247e57-0919-489b-a02e-3f3ad3c92447"
          },
          "guestRoutingVerified": false,
          "metadata": {
            "name": "native-lab",
            "tags": [
              "disposable-fixture"
            ]
          },
          "networkXML": "<network ipv6=\"no\">\n  <name>virmill-bc247e57-0919-489b-a02e-3f3ad3c92447</name>\n  <uuid>bc247e57-0919-489b-a02e-3f3ad3c92447</uuid>\n  <metadata><virmill:networkCreation xmlns:virmill=\"urn:virmill:v1\" apiVersion=\"virmill/v1\" version=\"1\" intent=\"9f0676a7a30a61a0328f92f731f89c17aa7c04d9b8e14635bba635ea7045a470\"/></metadata>\n  <bridge name=\"vmbc247e570919\" zone=\"trusted\" stp=\"on\" delay=\"0\"/>\n  <ip family=\"ipv4\" address=\"10.197.234.1\" prefix=\"24\">\n    <dhcp><range start=\"10.197.234.2\" end=\"10.197.234.254\"/></dhcp>\n  </ip>\n</network>\n",
          "packetVerification": "not-run",
          "physicalUplinkChanges": false,
          "resumeFrom": ""
        },
        "risks": [
          "The new segment explicitly permits host access; it is unsuitable for untrusted guests requiring host isolation",
          "Libvirt creates only the reviewed new bridge, IPv4 address, optional DHCP/DNS and native NAT or isolated forwarding; no physical uplink is moved",
          "Coordinate other network writers: libvirt has no atomic create-only definition API and host/route snapshots are not atomic",
          "IPv6, DHCP, routing, DNS and packet isolation require native verification; autostart remains disabled"
        ],
        "steps": [
          {
            "action": "network.define",
            "compensation": "Retain this network and its subnet reservation for reviewed recovery; never remove unrelated resources",
            "completionPredicate": "Exact persistent network exists and is inactive with autostart disabled",
            "id": "define",
            "idempotency": "non-repeatable",
            "preconditions": [
              "exact new network identity",
              "no conflicting host or reserved prefix",
              "exclusive network writer"
            ],
            "reconciliation": "Observe the exact journal-bound network without replaying definition or activation"
          },
          {
            "action": "network.ipv6-filter",
            "compensation": "Retain this network and its subnet reservation for reviewed recovery; never remove unrelated resources",
            "completionPredicate": "Exact bridge IPv6 deny rules are present in firewalld runtime and permanent configuration",
            "id": "firewall",
            "idempotency": "non-repeatable",
            "preconditions": [
              "exact new network identity",
              "no conflicting host or reserved prefix",
              "exclusive network writer"
            ],
            "reconciliation": "Observe the exact journal-bound network without replaying definition or activation"
          },
          {
            "action": "network.activate",
            "compensation": "Retain this network and its subnet reservation for reviewed recovery; never remove unrelated resources",
            "completionPredicate": "Exact persistent network is active with autostart disabled and IPv6 deny rules present; packet and guest behavior remain unverified",
            "id": "activate",
            "idempotency": "non-repeatable",
            "preconditions": [
              "exact new network identity",
              "no conflicting host or reserved prefix",
              "exclusive network writer"
            ],
            "reconciliation": "Observe the exact journal-bound network without replaying definition or activation"
          }
        ]
      },
      "ruleCleanupNeeded": true,
      "unapprovedApply": {
        "apiVersion": "virmill/v1",
        "data": {
          "cancelRequested": false,
          "createdAt": "0001-01-01T00:00:00Z",
          "error": null,
          "operationID": "",
          "planID": "",
          "state": "",
          "step": 0
        },
        "warnings": [],
        "error": {
          "code": "PERMISSION_DENIED",
          "message": "network IPv6 filter requires explicit administrator approval for this actor, key and network UUID",
          "resource": "",
          "operationID": "",
          "retryable": false,
          "safeNextActions": []
        }
      },
      "apply": {
        "apiVersion": "virmill/v1",
        "data": {
          "cancelRequested": false,
          "createdAt": "2026-09-08T04:32:16.272362873Z",
          "error": null,
          "operationID": "b7dd887e-7f5a-4016-9f10-8571f56a0807",
          "planID": "62a1002f-4f6e-4079-aa7c-39d6572d8ab5",
          "state": "succeeded",
          "step": 2
        },
        "warnings": [],
        "error": null
      },
      "result": {
        "apiVersion": "virmill/v1",
        "data": {
          "definition": {
            "advertiseDefaultRoute": false,
            "bridge": "vmbc247e570919",
            "dhcpEnabled": true,
            "egress": "none",
            "hostAccess": "allow",
            "ipv4CIDR": "10.197.234.0/24",
            "ipv6Mode": "disabled",
            "name": "virmill-bc247e57-0919-489b-a02e-3f3ad3c92447",
            "type": "lab",
            "uuid": "bc247e57-0919-489b-a02e-3f3ad3c92447"
          },
          "guestRoutingVerified": false,
          "job": {
            "cancelRequested": false,
            "createdAt": "2026-09-08T04:32:16.272362873Z",
            "error": null,
            "operationID": "b7dd887e-7f5a-4016-9f10-8571f56a0807",
            "planID": "62a1002f-4f6e-4079-aa7c-39d6572d8ab5",
            "state": "succeeded",
            "step": 2
          },
          "metadata": {
            "name": "native-lab",
            "tags": [
              "disposable-fixture"
            ]
          },
          "network": {
            "active": true,
            "autostart": false,
            "fingerprint": "7c30f3bef34bf911e6d85135d4721e3f37a20440812cb4918005de8c1c028cf8",
            "isolationVerification": "not-run",
            "key": {
              "connectionID": "qemu:///system",
              "kind": "network",
              "providerID": "libvirt",
              "resourceUUID": "bc247e57-0919-489b-a02e-3f3ad3c92447"
            },
            "liveXML": "<network>\n  <name>virmill-bc247e57-0919-489b-a02e-3f3ad3c92447</name>\n  <uuid>bc247e57-0919-489b-a02e-3f3ad3c92447</uuid>\n  <metadata>\n    <virmill:networkCreation xmlns:virmill=\"urn:virmill:v1\" apiVersion=\"virmill/v1\" version=\"1\" intent=\"9f0676a7a30a61a0328f92f731f89c17aa7c04d9b8e14635bba635ea7045a470\"/>\n  </metadata>\n  <bridge name='vmbc247e570919' zone='trusted' stp='on' delay='0'/>\n  <mac address='52:54:00:5a:34:a2'/>\n  <ip family='ipv4' address='10.197.234.1' prefix='24'>\n    <dhcp>\n      <range start='10.197.234.2' end='10.197.234.254'/>\n    </dhcp>\n  </ip>\n</network>\n",
            "name": "virmill-bc247e57-0919-489b-a02e-3f3ad3c92447",
            "ownership": "external",
            "persistent": true,
            "persistentXML": "<network>\n  <name>virmill-bc247e57-0919-489b-a02e-3f3ad3c92447</name>\n  <uuid>bc247e57-0919-489b-a02e-3f3ad3c92447</uuid>\n  <metadata>\n    <virmill:networkCreation xmlns:virmill=\"urn:virmill:v1\" apiVersion=\"virmill/v1\" version=\"1\" intent=\"9f0676a7a30a61a0328f92f731f89c17aa7c04d9b8e14635bba635ea7045a470\"/>\n  </metadata>\n  <bridge name='vmbc247e570919' zone='trusted' stp='on' delay='0'/>\n  <mac address='52:54:00:5a:34:a2'/>\n  <ip family='ipv4' address='10.197.234.1' prefix='24'>\n    <dhcp>\n      <range start='10.197.234.2' end='10.197.234.254'/>\n    </dhcp>\n  </ip>\n</network>\n"
          },
          "packetVerification": "not-run",
          "subnetReserved": true
        },
        "warnings": [],
        "error": null
      },
      "liveXMLSHA256": "84dfcdd7e147a41f5429a387885cddf6447c247651d07615b40342efbdb6ebda",
      "bridgeIPv6Disable": "1",
      "packetExitCode": 1,
      "packetReport": {
        "cleanup": {
          "DHCPLeasesRetained": true,
          "errors": [
            "vpaa0cdad290f: unknown or replaced veth; manual review required"
          ],
          "networkRemoved": false,
          "status": "manual_review_required"
        },
        "error": "Refusal: created veth ownership mismatch",
        "fullNetworkAcceptance": false,
        "guestOrHardwareQualification": false,
        "networkId": "bc247e57-0919-489b-a02e-3f3ad3c92447",
        "networkXMLSHA256": "84dfcdd7e147a41f5429a387885cddf6447c247651d07615b40342efbdb6ebda",
        "observations": null,
        "recipeSHA256": "c886946c958f4961cfd7703b1fcb5dafb092e9947c20cdb37beda59cb1ea600a",
        "runId": "a0cdad29-0f51-461f-85df-44a517b46100",
        "status": "failed_or_policy_discrepancy"
      }
    }
  ],
  "binaries": {
    "virmill": "0a2e9f67c4a6943dfc52f11d6a5f0afca6decc5f21b3e53dc021bdc1448b00e6",
    "virmilld": "96164e106ff2815ec32a1a3f3bf4202b103fbcdb90bd8117a601472daa35ce6c",
    "virmill-host-helper": "4919854e022b6f908687662d878b983a0898229c449bd434ef7b65a1d7316029"
  },
  "preservationBefore": {
    "guests": {
      "b9496482-2eeb-40e1-892b-4e291c108c52": {
        "state": "shut off",
        "xmlSHA256": "7880991288cfbfb9b757678c3c0c0211500fe1fc3f03274a29f84b03e632076e"
      },
      "666c692d-da0e-4119-9554-727c4af3c751": {
        "state": "shut off",
        "xmlSHA256": "12ecd7f3a77ebcaf3b5942a1497bc0bbb32ce5546a3fa156f90ba7e24d432164"
      },
      "a19bf9ee-cd7f-4921-baac-39ce1694eb35": {
        "state": "shut off",
        "xmlSHA256": "e31e20ae14df1e2809c242416ff31416249b8c4d3a14dab74507afb02e0250d2"
      },
      "ae630461-91d3-4f07-ad88-e6842c3dc3ea": {
        "state": "shut off",
        "xmlSHA256": "e3200ea179e0cee3258b413baf8668529f2c1fdbed4535115a674d1b4d40d824"
      },
      "d4c95f21-28bc-428d-9e5f-ceda025d279e": {
        "state": "shut off",
        "xmlSHA256": "a10ba2cb370cd1740d42e34a944663420e8b716315e47f21d999a5a64249411e"
      },
      "f78674f3-bf3a-43e5-81f9-4283e2472024": {
        "state": "shut off",
        "xmlSHA256": "081324fb849b275fafacfdf7efc6e22581f1ea926e87b75e80af8f0af688b31c"
      },
      "50a0583b-3587-495f-90f4-9a42b8ad2fa3": {
        "state": "shut off",
        "xmlSHA256": "fa9966bbb12d425546b444f8094a5a5d046fa2042720a76a6975e810634ecd0c"
      },
      "074d9083-1953-4941-b006-9e301bb6d907": {
        "state": "shut off",
        "xmlSHA256": "7630c6b47171115d4825fac5918749ab805f6272144d16002de6b8b6a2184908"
      },
      "2ec994ce-2950-498c-8b19-d2f7dbb53a78": {
        "state": "shut off",
        "xmlSHA256": "bbe62f376a3943d795cdac4fd67ff56087efa43024b27cacf0578217a1a44408"
      },
      "3d47f209-5242-4d5f-8a0c-d2607db362af": {
        "state": "shut off",
        "xmlSHA256": "cd447f743205eaad20f20f9546fdfcead2c7ca091c970fc7763bf7f3db4f1b4b"
      }
    },
    "networks": {
      "e4aa7897-db51-45de-a0dc-a13554eba163": {
        "xmlSHA256": "1a002f8fa10c9fc6152520ed47a9a6aee7081c4ebdaf95967ec44d4233350cff",
        "info": "Name:           default\nUUID:           e4aa7897-db51-45de-a0dc-a13554eba163\nActive:         yes\nPersistent:     yes\nAutostart:      yes\nBridge:         virbr0\n\n"
      },
      "1739e5f7-27cd-4896-992f-961cf5c8b17e": {
        "xmlSHA256": "063004218262379430b40dbe01ac64290c155496f020d919896417efc998d485",
        "info": "Name:           virmill-1739e5f7-27cd-4896-992f-961cf5c8b17e\nUUID:           1739e5f7-27cd-4896-992f-961cf5c8b17e\nActive:         no\nPersistent:     yes\nAutostart:      no\nBridge:         vm1739e5f727cd\n\n"
      },
      "fbb3905c-5c0b-4e03-a951-0e7ad2255847": {
        "xmlSHA256": "300723081925c7258ff61fa0b88651f85debc729b9eaf9f2726a91f0aff48267",
        "info": "Name:           virmill-fbb3905c-5c0b-4e03-a951-0e7ad2255847\nUUID:           fbb3905c-5c0b-4e03-a951-0e7ad2255847\nActive:         no\nPersistent:     yes\nAutostart:      no\nBridge:         vmfbb3905c5c0b\n\n"
      }
    }
  },
  "firewallBefore": {
    "runtime": "",
    "permanent": "",
    "zones": "libvirt\n  interfaces: virbr0\npublic (default)\n  interfaces: ens18\n"
  },
  "originalPolicySHA256": "1ec86a37a44cac12e7fa7c16c542ec83e552e348ea2f2cec841597dc999d6ed4",
  "helperIdentity": {
    "actorUID": 1000,
    "keyID": "9eadd47d358126176b929cac2b96843ca62449d38e0e07085ef641464eeb569d",
    "publicKey": "5079c54408daba437fa67803582ead3c0fe25f82295ceb77d113452530571d7e"
  },
  "policyRestored": true,
  "preservationAfter": {
    "guests": {
      "b9496482-2eeb-40e1-892b-4e291c108c52": {
        "state": "shut off",
        "xmlSHA256": "7880991288cfbfb9b757678c3c0c0211500fe1fc3f03274a29f84b03e632076e"
      },
      "666c692d-da0e-4119-9554-727c4af3c751": {
        "state": "shut off",
        "xmlSHA256": "12ecd7f3a77ebcaf3b5942a1497bc0bbb32ce5546a3fa156f90ba7e24d432164"
      },
      "a19bf9ee-cd7f-4921-baac-39ce1694eb35": {
        "state": "shut off",
        "xmlSHA256": "e31e20ae14df1e2809c242416ff31416249b8c4d3a14dab74507afb02e0250d2"
      },
      "ae630461-91d3-4f07-ad88-e6842c3dc3ea": {
        "state": "shut off",
        "xmlSHA256": "e3200ea179e0cee3258b413baf8668529f2c1fdbed4535115a674d1b4d40d824"
      },
      "d4c95f21-28bc-428d-9e5f-ceda025d279e": {
        "state": "shut off",
        "xmlSHA256": "a10ba2cb370cd1740d42e34a944663420e8b716315e47f21d999a5a64249411e"
      },
      "f78674f3-bf3a-43e5-81f9-4283e2472024": {
        "state": "shut off",
        "xmlSHA256": "081324fb849b275fafacfdf7efc6e22581f1ea926e87b75e80af8f0af688b31c"
      },
      "50a0583b-3587-495f-90f4-9a42b8ad2fa3": {
        "state": "shut off",
        "xmlSHA256": "fa9966bbb12d425546b444f8094a5a5d046fa2042720a76a6975e810634ecd0c"
      },
      "074d9083-1953-4941-b006-9e301bb6d907": {
        "state": "shut off",
        "xmlSHA256": "7630c6b47171115d4825fac5918749ab805f6272144d16002de6b8b6a2184908"
      },
      "2ec994ce-2950-498c-8b19-d2f7dbb53a78": {
        "state": "shut off",
        "xmlSHA256": "bbe62f376a3943d795cdac4fd67ff56087efa43024b27cacf0578217a1a44408"
      },
      "3d47f209-5242-4d5f-8a0c-d2607db362af": {
        "state": "shut off",
        "xmlSHA256": "cd447f743205eaad20f20f9546fdfcead2c7ca091c970fc7763bf7f3db4f1b4b"
      }
    },
    "networks": {
      "e4aa7897-db51-45de-a0dc-a13554eba163": {
        "xmlSHA256": "1a002f8fa10c9fc6152520ed47a9a6aee7081c4ebdaf95967ec44d4233350cff",
        "info": "Name:           default\nUUID:           e4aa7897-db51-45de-a0dc-a13554eba163\nActive:         yes\nPersistent:     yes\nAutostart:      yes\nBridge:         virbr0\n\n"
      },
      "1739e5f7-27cd-4896-992f-961cf5c8b17e": {
        "xmlSHA256": "063004218262379430b40dbe01ac64290c155496f020d919896417efc998d485",
        "info": "Name:           virmill-1739e5f7-27cd-4896-992f-961cf5c8b17e\nUUID:           1739e5f7-27cd-4896-992f-961cf5c8b17e\nActive:         no\nPersistent:     yes\nAutostart:      no\nBridge:         vm1739e5f727cd\n\n"
      },
      "fbb3905c-5c0b-4e03-a951-0e7ad2255847": {
        "xmlSHA256": "300723081925c7258ff61fa0b88651f85debc729b9eaf9f2726a91f0aff48267",
        "info": "Name:           virmill-fbb3905c-5c0b-4e03-a951-0e7ad2255847\nUUID:           fbb3905c-5c0b-4e03-a951-0e7ad2255847\nActive:         no\nPersistent:     yes\nAutostart:      no\nBridge:         vmfbb3905c5c0b\n\n"
      }
    }
  },
  "existingResourcesPreserved": true,
  "firewallAfter": {
    "runtime": "",
    "permanent": "",
    "zones": "libvirt\n  interfaces: virbr0\npublic (default)\n  interfaces: ens18\n"
  },
  "existingFirewallPreserved": true
}
Traceback (most recent call last):
  File "<test-vm-home>/virmill-tests/network-native-003/create_native.py", line 119, in <module>
    if __name__=='__main__':main()
                            ~~~~^^
  File "<test-vm-home>/virmill-tests/network-native-003/create_native.py", line 91, in main
    assert packet.returncode==0,item['packetReport']
           ^^^^^^^^^^^^^^^^^^^^
AssertionError: {'cleanup': {'DHCPLeasesRetained': True, 'errors': ['vpaa0cdad290f: unknown or replaced veth; manual review required'], 'networkRemoved': False, 'status': 'manual_review_required'}, 'error': 'Refusal: created veth ownership mismatch', 'fullNetworkAcceptance': False, 'guestOrHardwareQualification': False, 'networkId': 'bc247e57-0919-489b-a02e-3f3ad3c92447', 'networkXMLSHA256': '84dfcdd7e147a41f5429a387885cddf6447c247651d07615b40342efbdb6ebda', 'observations': None, 'recipeSHA256': 'c886946c958f4961cfd7703b1fcb5dafb092e9947c20cdb37beda59cb1ea600a', 'runId': 'a0cdad29-0f51-461f-85df-44a517b46100', 'status': 'failed_or_policy_discrepancy'}
