test_dhcp_worker_alone_has_extended_timeout (__main__.BridgeForwardingTests.test_dhcp_worker_alone_has_extended_timeout) ... ok
test_identity_failure_after_forwarding_is_still_failure (__main__.BridgeForwardingTests.test_identity_failure_after_forwarding_is_still_failure) ... ok
test_sysfs_wait_requires_exact_port_and_bridge_identities (__main__.BridgeForwardingTests.test_sysfs_wait_requires_exact_port_and_bridge_identities) ... ok
test_timeout_retains_states_and_never_reports_forwarding (__main__.BridgeForwardingTests.test_timeout_retains_states_and_never_reports_forwarding) ... ok
test_wait_records_transitions_and_rechecks_identity_before_forwarding_success (__main__.BridgeForwardingTests.test_wait_records_transitions_and_rechecks_identity_before_forwarding_success) ... ok
test_failure_retains_only_first_eight_frames_with_unrelated_classification (__main__.DHCPFailureDiagnosticsTests.test_failure_retains_only_first_eight_frames_with_unrelated_classification) ... ok
test_frame_diagnostic_is_bounded_and_preserves_packet_type (__main__.DHCPFailureDiagnosticsTests.test_frame_diagnostic_is_bounded_and_preserves_packet_type) ... ok
test_checksum_offload_is_explicit_not_mislabeled_wire_validation (__main__.DHCPTests.test_checksum_offload_is_explicit_not_mislabeled_wire_validation) ... ok
test_lab_absent_router_is_distinct_from_nat_router (__main__.DHCPTests.test_lab_absent_router_is_distinct_from_nat_router) ... ok
test_lease_checks_gateway_range_mask_and_lifetime (__main__.DHCPTests.test_lease_checks_gateway_range_mask_and_lifetime) ... ok
test_malformed_envelope_is_never_router_absence_success (__main__.DHCPTests.test_malformed_envelope_is_never_router_absence_success) ... ok
test_malformed_options_including_hidden_router_are_refused (__main__.DHCPTests.test_malformed_options_including_hidden_router_are_refused) ... ok
test_request_contains_broadcast_flag_own_identity_and_requested_options (__main__.DHCPTests.test_request_contains_broadcast_flag_own_identity_and_requested_options) ... ok
test_unrelated_xid_mac_protocol_and_client_frames_are_not_replies (__main__.DHCPTests.test_unrelated_xid_mac_protocol_and_client_frames_are_not_replies) ... ok
test_dns_malformed_and_pointer_cycle_refused (__main__.DNSTests.test_dns_malformed_and_pointer_cycle_refused) ... ok
test_valid_dns_response_and_identity (__main__.DNSTests.test_valid_dns_response_and_identity) ... ok
test_ra_malformed_and_nonlocal_sources_refused (__main__.IPv6Tests.test_ra_malformed_and_nonlocal_sources_refused) ... ok
test_ra_records_router_and_prefix_without_absence_claim (__main__.IPv6Tests.test_ra_records_router_and_prefix_without_absence_claim) ... ok
test_solicitation_is_linklocal_and_not_parsed_as_advertisement (__main__.IPv6Tests.test_solicitation_is_linklocal_and_not_parsed_as_advertisement) ... ok
test_bounded_deterministic_malformed_corpus_has_only_refusal_or_unrelated (__main__.NativeGuardTests.test_bounded_deterministic_malformed_corpus_has_only_refusal_or_unrelated) ... ok
test_cleanup_never_deletes_replacement_or_unknown_ack_objects (__main__.NativeGuardTests.test_cleanup_never_deletes_replacement_or_unknown_ack_objects) ... ok
test_equivalent_netmask_does_not_allow_ambiguous_or_inverted_masks (__main__.NativeGuardTests.test_equivalent_netmask_does_not_allow_ambiguous_or_inverted_masks) ... ok
test_exact_three_supported_profiles (__main__.NativeGuardTests.test_exact_three_supported_profiles) ... ok
test_forward_default_is_only_nat_and_never_changes_lab_mode (__main__.NativeGuardTests.test_forward_default_is_only_nat_and_never_changes_lab_mode) ... ok
test_ipv6_enabled_empty_unknown_and_ipv6_addressing_remain_refused (__main__.NativeGuardTests.test_ipv6_enabled_empty_unknown_and_ipv6_addressing_remain_refused) ... ok
test_known_libvirt_normalizations_preserve_the_selected_profile (__main__.NativeGuardTests.test_known_libvirt_normalizations_preserve_the_selected_profile) ... ok
test_namespace_rebinding_or_symlink_refuses_exec (__main__.NativeGuardTests.test_namespace_rebinding_or_symlink_refuses_exec) ... ok
test_native_comments_are_nonsemantic_but_xml_directives_refused (__main__.NativeGuardTests.test_native_comments_are_nonsemantic_but_xml_directives_refused) ... ok
test_run_root_is_an_explicit_canonical_direct_child (__main__.NativeGuardTests.test_run_root_is_an_explicit_canonical_direct_child) ... ok
test_unbound_bridge_or_existing_config_shape_refused (__main__.NativeGuardTests.test_unbound_bridge_or_existing_config_shape_refused) ... ok
test_worker_refuses_host_namespace_before_any_socket (__main__.NativeGuardTests.test_worker_refuses_host_namespace_before_any_socket) ... ok
test_alias_gap_identity_or_attachment_changes_refuse_cleanup (__main__.VethInitializationTests.test_alias_gap_identity_or_attachment_changes_refuse_cleanup) ... ok
test_alias_gap_noop_and_lost_ack_cleanup_only_the_unchanged_pair (__main__.VethInitializationTests.test_alias_gap_noop_and_lost_ack_cleanup_only_the_unchanged_pair) ... ok
test_explicit_alias_commands_follow_durable_pair_receipt_and_settle (__main__.VethInitializationTests.test_explicit_alias_commands_follow_durable_pair_receipt_and_settle) ... ok
test_lost_creation_ack_never_claims_or_deletes_a_named_pair (__main__.VethInitializationTests.test_lost_creation_ack_never_claims_or_deletes_a_named_pair) ... ok
test_observed_mac_initialization_change_is_bound_after_settle (__main__.VethInitializationTests.test_observed_mac_initialization_change_is_bound_after_settle) ... ok
test_pair_index_change_during_settle_refuses_alias_mutation (__main__.VethInitializationTests.test_pair_index_change_during_settle_refuses_alias_mutation) ... ok
test_peer_json_name_and_numeric_forms_require_reciprocal_pair (__main__.VethInitializationTests.test_peer_json_name_and_numeric_forms_require_reciprocal_pair) ... ok
test_post_receipt_change_is_refused_before_first_alias_command (__main__.VethInitializationTests.test_post_receipt_change_is_refused_before_first_alias_command) ... ok
test_post_settle_mac_drift_and_replacement_refused_even_with_same_alias (__main__.VethInitializationTests.test_post_settle_mac_drift_and_replacement_refused_even_with_same_alias) ... ok
test_settle_failure_does_not_permit_changed_mac_cleanup (__main__.VethInitializationTests.test_settle_failure_does_not_permit_changed_mac_cleanup) ... ok

----------------------------------------------------------------------
Ran 41 tests in 0.029s

OK
