{
  "correctsRequirementAttributionOf": "owned-network-repro-001",
  "previousRequirements": [
    "NET-01",
    "NET-05",
    "NET-06",
    "OPS-01"
  ],
  "requirements": [
    "NET-01",
    "NET-05",
    "NET-06",
    "REL-01",
    "REL-04"
  ],
  "reason": "OPS-01 and OPS-02 are not acceptance IDs in the supplied 71-scenario contract. The original observation and log remain unchanged; this entry corrects only requirement attribution.",
  "observedSourceRevision": "151536dc4a4dbbd8719b59f8558c7caa1321cb26",
  "observedSourceDigest": "f48862abc8a9e79f39905d329b4ac538e94bf56e0ffde3498744237bd7d131d9",
  "observedLog": "logs/owned-network-repro-001.log",
  "observedLogSHA256": "6acdec01c0b0461597a4bd764b2166ec28e21ad9af228d6506b68e30f2e305ed",
  "testRerun": false
}
