test_checksum_offload_is_explicit_not_mislabeled_wire_validation (__main__.DHCPTests.test_checksum_offload_is_explicit_not_mislabeled_wire_validation) ... ok
test_lab_absent_router_is_distinct_from_nat_router (__main__.DHCPTests.test_lab_absent_router_is_distinct_from_nat_router) ... ok
test_lease_checks_gateway_range_mask_and_lifetime (__main__.DHCPTests.test_lease_checks_gateway_range_mask_and_lifetime) ... ok
test_malformed_envelope_is_never_router_absence_success (__main__.DHCPTests.test_malformed_envelope_is_never_router_absence_success) ... ok
test_malformed_options_including_hidden_router_are_refused (__main__.DHCPTests.test_malformed_options_including_hidden_router_are_refused) ... ok
test_request_contains_broadcast_flag_own_identity_and_requested_options (__main__.DHCPTests.test_request_contains_broadcast_flag_own_identity_and_requested_options) ... ok
test_unrelated_xid_mac_protocol_and_client_frames_are_not_replies (__main__.DHCPTests.test_unrelated_xid_mac_protocol_and_client_frames_are_not_replies) ... ok
test_dns_malformed_and_pointer_cycle_refused (__main__.DNSTests.test_dns_malformed_and_pointer_cycle_refused) ... ok
test_valid_dns_response_and_identity (__main__.DNSTests.test_valid_dns_response_and_identity) ... ok
test_ra_malformed_and_nonlocal_sources_refused (__main__.IPv6Tests.test_ra_malformed_and_nonlocal_sources_refused) ... ok
test_ra_records_router_and_prefix_without_absence_claim (__main__.IPv6Tests.test_ra_records_router_and_prefix_without_absence_claim) ... ok
test_solicitation_is_linklocal_and_not_parsed_as_advertisement (__main__.IPv6Tests.test_solicitation_is_linklocal_and_not_parsed_as_advertisement) ... ok
test_bounded_deterministic_malformed_corpus_has_only_refusal_or_unrelated (__main__.NativeGuardTests.test_bounded_deterministic_malformed_corpus_has_only_refusal_or_unrelated) ... ok
test_cleanup_never_deletes_replacement_or_unknown_ack_objects (__main__.NativeGuardTests.test_cleanup_never_deletes_replacement_or_unknown_ack_objects) ... ok
test_exact_three_supported_profiles (__main__.NativeGuardTests.test_exact_three_supported_profiles) ... ok
test_namespace_rebinding_or_symlink_refuses_exec (__main__.NativeGuardTests.test_namespace_rebinding_or_symlink_refuses_exec) ... ok
test_run_root_is_an_explicit_canonical_direct_child (__main__.NativeGuardTests.test_run_root_is_an_explicit_canonical_direct_child) ... ok
test_unbound_bridge_or_existing_config_shape_refused (__main__.NativeGuardTests.test_unbound_bridge_or_existing_config_shape_refused) ... ok
test_worker_refuses_host_namespace_before_any_socket (__main__.NativeGuardTests.test_worker_refuses_host_namespace_before_any_socket) ... ok

----------------------------------------------------------------------
Ran 19 tests in 0.012s

OK
