{
  "status": "failed",
  "runID": "9d4fa8cd48624692be8d61fcf54a1950",
  "scope": "native owned NAT/lab definition, helper IPv6 rules and namespace packets; not real-guest or release qualification",
  "created": [
    {
      "uuid": "2d0253cd-95b4-4d11-a921-3ebb15aa6166",
      "bridge": "vm2d0253cd95b4",
      "kind": "lab",
      "plan": {
        "acknowledgements": [
          "host-mutation",
          "network-host-access",
          "network-firewall",
          "exclusive-network-writer"
        ],
        "actorUID": 1000,
        "apiVersion": "virmill/v1",
        "beforeFingerprints": {},
        "connectionID": "qemu:///system",
        "createdAt": "2026-09-08T04:43:34.349360654Z",
        "estimates": {
          "additionalBytes": 0,
          "notes": "One new virtual bridge and optional libvirt DHCP/DNS process; no guest or disk allocation. Existing host networking is retained.",
          "requiresDowntime": false
        },
        "expiresAt": "2026-09-08T04:58:34.349360654Z",
        "inputDigest": "f32d6841688ce2b4d91aa858f957bf5a406d998c39342f9647bdf3932d2eae2f",
        "operation": "network.create",
        "planDigest": "e7572809fcd238296c5cd60bb29a8870ac4832d7c074a058edd2f58d4ce28b7b",
        "planID": "4a60de6b-10f8-4181-a5a5-dab06bf5d302",
        "requiredGrants": [
          {
            "operation": "network.create",
            "resourceID": "libvirt|qemu:///system|network-allocation|host"
          },
          {
            "operation": "network.create",
            "resourceID": "libvirt|qemu:///system|network|2d0253cd-95b4-4d11-a921-3ebb15aa6166"
          }
        ],
        "resourceIDs": [
          "libvirt|qemu:///system|network-allocation|host",
          "libvirt|qemu:///system|network|2d0253cd-95b4-4d11-a921-3ebb15aa6166"
        ],
        "review": {
          "autostart": false,
          "definition": {
            "advertiseDefaultRoute": false,
            "bridge": "vm2d0253cd95b4",
            "dhcpEnabled": true,
            "egress": "none",
            "hostAccess": "allow",
            "ipv4CIDR": "10.197.232.0/24",
            "ipv6Mode": "disabled",
            "name": "virmill-2d0253cd-95b4-4d11-a921-3ebb15aa6166",
            "type": "lab",
            "uuid": "2d0253cd-95b4-4d11-a921-3ebb15aa6166"
          },
          "guestRoutingVerified": false,
          "metadata": {
            "name": "native-lab",
            "tags": [
              "disposable-fixture"
            ]
          },
          "networkXML": "<network ipv6=\"no\">\n  <name>virmill-2d0253cd-95b4-4d11-a921-3ebb15aa6166</name>\n  <uuid>2d0253cd-95b4-4d11-a921-3ebb15aa6166</uuid>\n  <metadata><virmill:networkCreation xmlns:virmill=\"urn:virmill:v1\" apiVersion=\"virmill/v1\" version=\"1\" intent=\"4368b553f54171c5b9558ec61b9b259f607707c8c259f186640ae2a5b3e8119b\"/></metadata>\n  <bridge name=\"vm2d0253cd95b4\" zone=\"trusted\" stp=\"on\" delay=\"0\"/>\n  <ip family=\"ipv4\" address=\"10.197.232.1\" prefix=\"24\">\n    <dhcp><range start=\"10.197.232.2\" end=\"10.197.232.254\"/></dhcp>\n  </ip>\n</network>\n",
          "packetVerification": "not-run",
          "physicalUplinkChanges": false,
          "resumeFrom": ""
        },
        "risks": [
          "The new segment explicitly permits host access; it is unsuitable for untrusted guests requiring host isolation",
          "Libvirt creates only the reviewed new bridge, IPv4 address, optional DHCP/DNS and native NAT or isolated forwarding; no physical uplink is moved",
          "Coordinate other network writers: libvirt has no atomic create-only definition API and host/route snapshots are not atomic",
          "IPv6, DHCP, routing, DNS and packet isolation require native verification; autostart remains disabled"
        ],
        "steps": [
          {
            "action": "network.define",
            "compensation": "Retain this network and its subnet reservation for reviewed recovery; never remove unrelated resources",
            "completionPredicate": "Exact persistent network exists and is inactive with autostart disabled",
            "id": "define",
            "idempotency": "non-repeatable",
            "preconditions": [
              "exact new network identity",
              "no conflicting host or reserved prefix",
              "exclusive network writer"
            ],
            "reconciliation": "Observe the exact journal-bound network without replaying definition or activation"
          },
          {
            "action": "network.ipv6-filter",
            "compensation": "Retain this network and its subnet reservation for reviewed recovery; never remove unrelated resources",
            "completionPredicate": "Exact bridge IPv6 deny rules are present in firewalld runtime and permanent configuration",
            "id": "firewall",
            "idempotency": "non-repeatable",
            "preconditions": [
              "exact new network identity",
              "no conflicting host or reserved prefix",
              "exclusive network writer"
            ],
            "reconciliation": "Observe the exact journal-bound network without replaying definition or activation"
          },
          {
            "action": "network.activate",
            "compensation": "Retain this network and its subnet reservation for reviewed recovery; never remove unrelated resources",
            "completionPredicate": "Exact persistent network is active with autostart disabled and IPv6 deny rules present; packet and guest behavior remain unverified",
            "id": "activate",
            "idempotency": "non-repeatable",
            "preconditions": [
              "exact new network identity",
              "no conflicting host or reserved prefix",
              "exclusive network writer"
            ],
            "reconciliation": "Observe the exact journal-bound network without replaying definition or activation"
          }
        ]
      },
      "ruleCleanupNeeded": true,
      "unapprovedApply": {
        "apiVersion": "virmill/v1",
        "data": {
          "cancelRequested": false,
          "createdAt": "0001-01-01T00:00:00Z",
          "error": null,
          "operationID": "",
          "planID": "",
          "state": "",
          "step": 0
        },
        "warnings": [],
        "error": {
          "code": "PERMISSION_DENIED",
          "message": "network IPv6 filter requires explicit administrator approval for this actor, key and network UUID",
          "resource": "",
          "operationID": "",
          "retryable": false,
          "safeNextActions": []
        }
      },
      "apply": {
        "apiVersion": "virmill/v1",
        "data": {
          "cancelRequested": false,
          "createdAt": "2026-09-08T04:43:37.416026683Z",
          "error": null,
          "operationID": "5257afc1-a9f9-4b50-aa1a-3fa26395e874",
          "planID": "4a60de6b-10f8-4181-a5a5-dab06bf5d302",
          "state": "succeeded",
          "step": 2
        },
        "warnings": [],
        "error": null
      },
      "result": {
        "apiVersion": "virmill/v1",
        "data": {
          "definition": {
            "advertiseDefaultRoute": false,
            "bridge": "vm2d0253cd95b4",
            "dhcpEnabled": true,
            "egress": "none",
            "hostAccess": "allow",
            "ipv4CIDR": "10.197.232.0/24",
            "ipv6Mode": "disabled",
            "name": "virmill-2d0253cd-95b4-4d11-a921-3ebb15aa6166",
            "type": "lab",
            "uuid": "2d0253cd-95b4-4d11-a921-3ebb15aa6166"
          },
          "guestRoutingVerified": false,
          "job": {
            "cancelRequested": false,
            "createdAt": "2026-09-08T04:43:37.416026683Z",
            "error": null,
            "operationID": "5257afc1-a9f9-4b50-aa1a-3fa26395e874",
            "planID": "4a60de6b-10f8-4181-a5a5-dab06bf5d302",
            "state": "succeeded",
            "step": 2
          },
          "metadata": {
            "name": "native-lab",
            "tags": [
              "disposable-fixture"
            ]
          },
          "network": {
            "active": true,
            "autostart": false,
            "fingerprint": "8ed879539b7b8e23eabd1d9612d3c74c0b3a0cb509f87edb677d11faf546b490",
            "isolationVerification": "not-run",
            "key": {
              "connectionID": "qemu:///system",
              "kind": "network",
              "providerID": "libvirt",
              "resourceUUID": "2d0253cd-95b4-4d11-a921-3ebb15aa6166"
            },
            "liveXML": "<network>\n  <name>virmill-2d0253cd-95b4-4d11-a921-3ebb15aa6166</name>\n  <uuid>2d0253cd-95b4-4d11-a921-3ebb15aa6166</uuid>\n  <metadata>\n    <virmill:networkCreation xmlns:virmill=\"urn:virmill:v1\" apiVersion=\"virmill/v1\" version=\"1\" intent=\"4368b553f54171c5b9558ec61b9b259f607707c8c259f186640ae2a5b3e8119b\"/>\n  </metadata>\n  <bridge name='vm2d0253cd95b4' zone='trusted' stp='on' delay='0'/>\n  <mac address='52:54:00:bf:ef:ed'/>\n  <ip family='ipv4' address='10.197.232.1' prefix='24'>\n    <dhcp>\n      <range start='10.197.232.2' end='10.197.232.254'/>\n    </dhcp>\n  </ip>\n</network>\n",
            "name": "virmill-2d0253cd-95b4-4d11-a921-3ebb15aa6166",
            "ownership": "external",
            "persistent": true,
            "persistentXML": "<network>\n  <name>virmill-2d0253cd-95b4-4d11-a921-3ebb15aa6166</name>\n  <uuid>2d0253cd-95b4-4d11-a921-3ebb15aa6166</uuid>\n  <metadata>\n    <virmill:networkCreation xmlns:virmill=\"urn:virmill:v1\" apiVersion=\"virmill/v1\" version=\"1\" intent=\"4368b553f54171c5b9558ec61b9b259f607707c8c259f186640ae2a5b3e8119b\"/>\n  </metadata>\n  <bridge name='vm2d0253cd95b4' zone='trusted' stp='on' delay='0'/>\n  <mac address='52:54:00:bf:ef:ed'/>\n  <ip family='ipv4' address='10.197.232.1' prefix='24'>\n    <dhcp>\n      <range start='10.197.232.2' end='10.197.232.254'/>\n    </dhcp>\n  </ip>\n</network>\n"
          },
          "packetVerification": "not-run",
          "subnetReserved": true
        },
        "warnings": [],
        "error": null
      },
      "liveXMLSHA256": "f407dea63b037cf94cd88a21b40cbc2ef806386ea2335186349f5bc9829a03b3",
      "bridgeIPv6Disable": "1",
      "packetExitCode": 1,
      "packetReport": {
        "cleanup": {
          "DHCPLeasesRetained": true,
          "errors": [],
          "networkRemoved": false,
          "status": "verified"
        },
        "error": "Refusal: command failed; see commands.jsonl sequence 39",
        "fullNetworkAcceptance": false,
        "guestOrHardwareQualification": false,
        "networkId": "2d0253cd-95b4-4d11-a921-3ebb15aa6166",
        "networkXMLSHA256": "f407dea63b037cf94cd88a21b40cbc2ef806386ea2335186349f5bc9829a03b3",
        "observations": null,
        "recipeSHA256": "5b503b1f135d21a3e18e8028712545b50dc7a64f9da805eabdb5c7b8f8ef454a",
        "runId": "aad8707f-8306-429b-86bd-3c57d38de820",
        "status": "failed_or_policy_discrepancy"
      }
    }
  ],
  "binaries": {
    "virmill": "0a2e9f67c4a6943dfc52f11d6a5f0afca6decc5f21b3e53dc021bdc1448b00e6",
    "virmilld": "96164e106ff2815ec32a1a3f3bf4202b103fbcdb90bd8117a601472daa35ce6c",
    "virmill-host-helper": "4919854e022b6f908687662d878b983a0898229c449bd434ef7b65a1d7316029"
  },
  "preservationBefore": {
    "guests": {
      "b9496482-2eeb-40e1-892b-4e291c108c52": {
        "state": "shut off",
        "xmlSHA256": "7880991288cfbfb9b757678c3c0c0211500fe1fc3f03274a29f84b03e632076e"
      },
      "666c692d-da0e-4119-9554-727c4af3c751": {
        "state": "shut off",
        "xmlSHA256": "12ecd7f3a77ebcaf3b5942a1497bc0bbb32ce5546a3fa156f90ba7e24d432164"
      },
      "a19bf9ee-cd7f-4921-baac-39ce1694eb35": {
        "state": "shut off",
        "xmlSHA256": "e31e20ae14df1e2809c242416ff31416249b8c4d3a14dab74507afb02e0250d2"
      },
      "ae630461-91d3-4f07-ad88-e6842c3dc3ea": {
        "state": "shut off",
        "xmlSHA256": "e3200ea179e0cee3258b413baf8668529f2c1fdbed4535115a674d1b4d40d824"
      },
      "d4c95f21-28bc-428d-9e5f-ceda025d279e": {
        "state": "shut off",
        "xmlSHA256": "a10ba2cb370cd1740d42e34a944663420e8b716315e47f21d999a5a64249411e"
      },
      "f78674f3-bf3a-43e5-81f9-4283e2472024": {
        "state": "shut off",
        "xmlSHA256": "081324fb849b275fafacfdf7efc6e22581f1ea926e87b75e80af8f0af688b31c"
      },
      "50a0583b-3587-495f-90f4-9a42b8ad2fa3": {
        "state": "shut off",
        "xmlSHA256": "fa9966bbb12d425546b444f8094a5a5d046fa2042720a76a6975e810634ecd0c"
      },
      "074d9083-1953-4941-b006-9e301bb6d907": {
        "state": "shut off",
        "xmlSHA256": "7630c6b47171115d4825fac5918749ab805f6272144d16002de6b8b6a2184908"
      },
      "2ec994ce-2950-498c-8b19-d2f7dbb53a78": {
        "state": "shut off",
        "xmlSHA256": "bbe62f376a3943d795cdac4fd67ff56087efa43024b27cacf0578217a1a44408"
      },
      "3d47f209-5242-4d5f-8a0c-d2607db362af": {
        "state": "shut off",
        "xmlSHA256": "cd447f743205eaad20f20f9546fdfcead2c7ca091c970fc7763bf7f3db4f1b4b"
      }
    },
    "networks": {
      "e4aa7897-db51-45de-a0dc-a13554eba163": {
        "xmlSHA256": "1a002f8fa10c9fc6152520ed47a9a6aee7081c4ebdaf95967ec44d4233350cff",
        "info": "Name:           default\nUUID:           e4aa7897-db51-45de-a0dc-a13554eba163\nActive:         yes\nPersistent:     yes\nAutostart:      yes\nBridge:         virbr0\n\n"
      },
      "1739e5f7-27cd-4896-992f-961cf5c8b17e": {
        "xmlSHA256": "063004218262379430b40dbe01ac64290c155496f020d919896417efc998d485",
        "info": "Name:           virmill-1739e5f7-27cd-4896-992f-961cf5c8b17e\nUUID:           1739e5f7-27cd-4896-992f-961cf5c8b17e\nActive:         no\nPersistent:     yes\nAutostart:      no\nBridge:         vm1739e5f727cd\n\n"
      },
      "bc247e57-0919-489b-a02e-3f3ad3c92447": {
        "xmlSHA256": "84dfcdd7e147a41f5429a387885cddf6447c247651d07615b40342efbdb6ebda",
        "info": "Name:           virmill-bc247e57-0919-489b-a02e-3f3ad3c92447\nUUID:           bc247e57-0919-489b-a02e-3f3ad3c92447\nActive:         no\nPersistent:     yes\nAutostart:      no\nBridge:         vmbc247e570919\n\n"
      },
      "fbb3905c-5c0b-4e03-a951-0e7ad2255847": {
        "xmlSHA256": "300723081925c7258ff61fa0b88651f85debc729b9eaf9f2726a91f0aff48267",
        "info": "Name:           virmill-fbb3905c-5c0b-4e03-a951-0e7ad2255847\nUUID:           fbb3905c-5c0b-4e03-a951-0e7ad2255847\nActive:         no\nPersistent:     yes\nAutostart:      no\nBridge:         vmfbb3905c5c0b\n\n"
      }
    }
  },
  "firewallBefore": {
    "runtime": "",
    "permanent": "",
    "zones": "libvirt\n  interfaces: virbr0\npublic (default)\n  interfaces: ens18\n"
  },
  "originalPolicySHA256": "1ec86a37a44cac12e7fa7c16c542ec83e552e348ea2f2cec841597dc999d6ed4",
  "helperIdentity": {
    "actorUID": 1000,
    "keyID": "db7a9f3fcc799a8187ce6bfff03da514485449d15b9c9b63931b254973dcd132",
    "publicKey": "32b86b7696b1107fb6fa31e43ae5c2a40b2abca1f68c011d33964c27dd7fad2e"
  },
  "policyRestored": true,
  "preservationAfter": {
    "guests": {
      "b9496482-2eeb-40e1-892b-4e291c108c52": {
        "state": "shut off",
        "xmlSHA256": "7880991288cfbfb9b757678c3c0c0211500fe1fc3f03274a29f84b03e632076e"
      },
      "666c692d-da0e-4119-9554-727c4af3c751": {
        "state": "shut off",
        "xmlSHA256": "12ecd7f3a77ebcaf3b5942a1497bc0bbb32ce5546a3fa156f90ba7e24d432164"
      },
      "a19bf9ee-cd7f-4921-baac-39ce1694eb35": {
        "state": "shut off",
        "xmlSHA256": "e31e20ae14df1e2809c242416ff31416249b8c4d3a14dab74507afb02e0250d2"
      },
      "ae630461-91d3-4f07-ad88-e6842c3dc3ea": {
        "state": "shut off",
        "xmlSHA256": "e3200ea179e0cee3258b413baf8668529f2c1fdbed4535115a674d1b4d40d824"
      },
      "d4c95f21-28bc-428d-9e5f-ceda025d279e": {
        "state": "shut off",
        "xmlSHA256": "a10ba2cb370cd1740d42e34a944663420e8b716315e47f21d999a5a64249411e"
      },
      "f78674f3-bf3a-43e5-81f9-4283e2472024": {
        "state": "shut off",
        "xmlSHA256": "081324fb849b275fafacfdf7efc6e22581f1ea926e87b75e80af8f0af688b31c"
      },
      "50a0583b-3587-495f-90f4-9a42b8ad2fa3": {
        "state": "shut off",
        "xmlSHA256": "fa9966bbb12d425546b444f8094a5a5d046fa2042720a76a6975e810634ecd0c"
      },
      "074d9083-1953-4941-b006-9e301bb6d907": {
        "state": "shut off",
        "xmlSHA256": "7630c6b47171115d4825fac5918749ab805f6272144d16002de6b8b6a2184908"
      },
      "2ec994ce-2950-498c-8b19-d2f7dbb53a78": {
        "state": "shut off",
        "xmlSHA256": "bbe62f376a3943d795cdac4fd67ff56087efa43024b27cacf0578217a1a44408"
      },
      "3d47f209-5242-4d5f-8a0c-d2607db362af": {
        "state": "shut off",
        "xmlSHA256": "cd447f743205eaad20f20f9546fdfcead2c7ca091c970fc7763bf7f3db4f1b4b"
      }
    },
    "networks": {
      "e4aa7897-db51-45de-a0dc-a13554eba163": {
        "xmlSHA256": "1a002f8fa10c9fc6152520ed47a9a6aee7081c4ebdaf95967ec44d4233350cff",
        "info": "Name:           default\nUUID:           e4aa7897-db51-45de-a0dc-a13554eba163\nActive:         yes\nPersistent:     yes\nAutostart:      yes\nBridge:         virbr0\n\n"
      },
      "1739e5f7-27cd-4896-992f-961cf5c8b17e": {
        "xmlSHA256": "063004218262379430b40dbe01ac64290c155496f020d919896417efc998d485",
        "info": "Name:           virmill-1739e5f7-27cd-4896-992f-961cf5c8b17e\nUUID:           1739e5f7-27cd-4896-992f-961cf5c8b17e\nActive:         no\nPersistent:     yes\nAutostart:      no\nBridge:         vm1739e5f727cd\n\n"
      },
      "bc247e57-0919-489b-a02e-3f3ad3c92447": {
        "xmlSHA256": "84dfcdd7e147a41f5429a387885cddf6447c247651d07615b40342efbdb6ebda",
        "info": "Name:           virmill-bc247e57-0919-489b-a02e-3f3ad3c92447\nUUID:           bc247e57-0919-489b-a02e-3f3ad3c92447\nActive:         no\nPersistent:     yes\nAutostart:      no\nBridge:         vmbc247e570919\n\n"
      },
      "fbb3905c-5c0b-4e03-a951-0e7ad2255847": {
        "xmlSHA256": "300723081925c7258ff61fa0b88651f85debc729b9eaf9f2726a91f0aff48267",
        "info": "Name:           virmill-fbb3905c-5c0b-4e03-a951-0e7ad2255847\nUUID:           fbb3905c-5c0b-4e03-a951-0e7ad2255847\nActive:         no\nPersistent:     yes\nAutostart:      no\nBridge:         vmfbb3905c5c0b\n\n"
      }
    }
  },
  "existingResourcesPreserved": true,
  "firewallAfter": {
    "runtime": "",
    "permanent": "",
    "zones": "libvirt\n  interfaces: virbr0\npublic (default)\n  interfaces: ens18\n"
  },
  "existingFirewallPreserved": true
}
Traceback (most recent call last):
  File "/home/virmill-test/virmill-tests/network-native-004/create_native.py", line 119, in <module>
    if __name__=='__main__':main()
                            ~~~~^^
  File "/home/virmill-test/virmill-tests/network-native-004/create_native.py", line 91, in main
    assert packet.returncode==0,item['packetReport']
           ^^^^^^^^^^^^^^^^^^^^
AssertionError: {'cleanup': {'DHCPLeasesRetained': True, 'errors': [], 'networkRemoved': False, 'status': 'verified'}, 'error': 'Refusal: command failed; see commands.jsonl sequence 39', 'fullNetworkAcceptance': False, 'guestOrHardwareQualification': False, 'networkId': '2d0253cd-95b4-4d11-a921-3ebb15aa6166', 'networkXMLSHA256': 'f407dea63b037cf94cd88a21b40cbc2ef806386ea2335186349f5bc9829a03b3', 'observations': None, 'recipeSHA256': '5b503b1f135d21a3e18e8028712545b50dc7a64f9da805eabdb5c7b8f8ef454a', 'runId': 'aad8707f-8306-429b-86bd-3c57d38de820', 'status': 'failed_or_policy_discrepancy'}
