=== RUN   TestInstalledActionPinnedPlanAndDurableResult
    actions_test.go:120: Confined Python action executed on synthetic selected records; exact result persisted, stale VM and revoked-grant plans refused. No VM/hardware effects.
--- PASS: TestInstalledActionPinnedPlanAndDurableResult (0.28s)
=== RUN   TestDeveloperScaffoldBuildAndSignedPackPlans
--- PASS: TestDeveloperScaffoldBuildAndSignedPackPlans (1.21s)
=== RUN   TestInstallUpdateRollbackPermissionAndPreservation
--- PASS: TestInstallUpdateRollbackPermissionAndPreservation (0.25s)
=== RUN   TestChangedPackageStalePlanAndImmutableVersion
--- PASS: TestChangedPackageStalePlanAndImmutableVersion (0.10s)
=== RUN   TestLifecycleRecoveryObservesCommitWithoutRelaunch
--- PASS: TestLifecycleRecoveryObservesCommitWithoutRelaunch (0.04s)
=== RUN   TestDistributionRejectsTrailingArchiveAndParentCollisions
--- PASS: TestDistributionRejectsTrailingArchiveAndParentCollisions (0.00s)
=== RUN   TestLifecycleRequiresActiveInvocationDispositionAndSchemaGuard
--- PASS: TestLifecycleRequiresActiveInvocationDispositionAndSchemaGuard (0.07s)
=== RUN   TestSignedPackageAndScopeIntersection
--- PASS: TestSignedPackageAndScopeIntersection (0.01s)
=== RUN   TestTwoLanguageConfinedConformance
    runner_test.go:30: example.virmill.sdk-summary: [initialize identity and protocol describe unknown method rejected read-only plan and execute stale context rejected shutdown]
    runner_test.go:30: example.virmill.python-summary: [initialize identity and protocol describe unknown method rejected read-only plan and execute stale context rejected shutdown]
--- PASS: TestTwoLanguageConfinedConformance (0.04s)
=== RUN   TestProviderCrashReconcileFixture
    runner_test.go:82: simulated provider persisted partial fake effect, recovered after process restart, deduplicated and rejected backup; no actual VM or remote host
--- PASS: TestProviderCrashReconcileFixture (0.02s)
PASS
ok  	virmill.local/core/internal/plugins	3.041s
