{"Time":"2026-09-08T07:51:29.798048099+03:00","Action":"start","Package":"virmill.local/provider-fixture"}
{"Time":"2026-09-08T07:51:29.807714179+03:00","Action":"run","Package":"virmill.local/provider-fixture","Test":"TestProviderProcess"}
{"Time":"2026-09-08T07:51:29.807763087+03:00","Action":"output","Package":"virmill.local/provider-fixture","Test":"TestProviderProcess","Output":"=== RUN   TestProviderProcess\n","OutputType":"frame"}
{"Time":"2026-09-08T07:51:29.807791126+03:00","Action":"output","Package":"virmill.local/provider-fixture","Test":"TestProviderProcess","Output":"--- PASS: TestProviderProcess (0.00s)\n","OutputType":"frame"}
{"Time":"2026-09-08T07:51:29.807801593+03:00","Action":"pass","Package":"virmill.local/provider-fixture","Test":"TestProviderProcess","Elapsed":0}
{"Time":"2026-09-08T07:51:29.807808772+03:00","Action":"run","Package":"virmill.local/provider-fixture","Test":"TestProviderProtocolCrashRestartAndLegacyConformanceCalls"}
{"Time":"2026-09-08T07:51:29.807810326+03:00","Action":"output","Package":"virmill.local/provider-fixture","Test":"TestProviderProtocolCrashRestartAndLegacyConformanceCalls","Output":"=== RUN   TestProviderProtocolCrashRestartAndLegacyConformanceCalls\n","OutputType":"frame"}
{"Time":"2026-09-08T07:51:30.843203537+03:00","Action":"output","Package":"virmill.local/provider-fixture","Test":"TestProviderProtocolCrashRestartAndLegacyConformanceCalls","Output":"--- PASS: TestProviderProtocolCrashRestartAndLegacyConformanceCalls (1.04s)\n","OutputType":"frame"}
{"Time":"2026-09-08T07:51:30.843242803+03:00","Action":"pass","Package":"virmill.local/provider-fixture","Test":"TestProviderProtocolCrashRestartAndLegacyConformanceCalls","Elapsed":1.04}
{"Time":"2026-09-08T07:51:30.843252206+03:00","Action":"run","Package":"virmill.local/provider-fixture","Test":"TestProviderProtocolInventoryGetAndLifecycle"}
{"Time":"2026-09-08T07:51:30.843255978+03:00","Action":"output","Package":"virmill.local/provider-fixture","Test":"TestProviderProtocolInventoryGetAndLifecycle","Output":"=== RUN   TestProviderProtocolInventoryGetAndLifecycle\n","OutputType":"frame"}
{"Time":"2026-09-08T07:51:31.881923991+03:00","Action":"output","Package":"virmill.local/provider-fixture","Test":"TestProviderProtocolInventoryGetAndLifecycle","Output":"--- PASS: TestProviderProtocolInventoryGetAndLifecycle (1.04s)\n","OutputType":"frame"}
{"Time":"2026-09-08T07:51:31.881959228+03:00","Action":"pass","Package":"virmill.local/provider-fixture","Test":"TestProviderProtocolInventoryGetAndLifecycle","Elapsed":1.04}
{"Time":"2026-09-08T07:51:31.881967237+03:00","Action":"run","Package":"virmill.local/provider-fixture","Test":"TestProviderLifecyclePlansCapabilitiesAndUnsupportedEffects"}
{"Time":"2026-09-08T07:51:31.881969819+03:00","Action":"output","Package":"virmill.local/provider-fixture","Test":"TestProviderLifecyclePlansCapabilitiesAndUnsupportedEffects","Output":"=== RUN   TestProviderLifecyclePlansCapabilitiesAndUnsupportedEffects\n","OutputType":"frame"}
{"Time":"2026-09-08T07:51:31.895868223+03:00","Action":"output","Package":"virmill.local/provider-fixture","Test":"TestProviderLifecyclePlansCapabilitiesAndUnsupportedEffects","Output":"--- PASS: TestProviderLifecyclePlansCapabilitiesAndUnsupportedEffects (0.01s)\n","OutputType":"frame"}
{"Time":"2026-09-08T07:51:31.89590576+03:00","Action":"pass","Package":"virmill.local/provider-fixture","Test":"TestProviderLifecyclePlansCapabilitiesAndUnsupportedEffects","Elapsed":0.01}
{"Time":"2026-09-08T07:51:31.895915318+03:00","Action":"run","Package":"virmill.local/provider-fixture","Test":"TestProviderPaginationStableAcrossRestartAndRejectsForgedStaleCursors"}
{"Time":"2026-09-08T07:51:31.895916759+03:00","Action":"output","Package":"virmill.local/provider-fixture","Test":"TestProviderPaginationStableAcrossRestartAndRejectsForgedStaleCursors","Output":"=== RUN   TestProviderPaginationStableAcrossRestartAndRejectsForgedStaleCursors\n","OutputType":"frame"}
{"Time":"2026-09-08T07:51:31.90564582+03:00","Action":"output","Package":"virmill.local/provider-fixture","Test":"TestProviderPaginationStableAcrossRestartAndRejectsForgedStaleCursors","Output":"--- PASS: TestProviderPaginationStableAcrossRestartAndRejectsForgedStaleCursors (0.01s)\n","OutputType":"frame"}
{"Time":"2026-09-08T07:51:31.905660923+03:00","Action":"pass","Package":"virmill.local/provider-fixture","Test":"TestProviderPaginationStableAcrossRestartAndRejectsForgedStaleCursors","Elapsed":0.01}
{"Time":"2026-09-08T07:51:31.90566872+03:00","Action":"run","Package":"virmill.local/provider-fixture","Test":"TestProviderPartialReceiptNeedsExplicitReconcileWithoutResourceMutation"}
{"Time":"2026-09-08T07:51:31.905670318+03:00","Action":"output","Package":"virmill.local/provider-fixture","Test":"TestProviderPartialReceiptNeedsExplicitReconcileWithoutResourceMutation","Output":"=== RUN   TestProviderPartialReceiptNeedsExplicitReconcileWithoutResourceMutation\n","OutputType":"frame"}
{"Time":"2026-09-08T07:51:31.909882974+03:00","Action":"output","Package":"virmill.local/provider-fixture","Test":"TestProviderPartialReceiptNeedsExplicitReconcileWithoutResourceMutation","Output":"--- PASS: TestProviderPartialReceiptNeedsExplicitReconcileWithoutResourceMutation (0.00s)\n","OutputType":"frame"}
{"Time":"2026-09-08T07:51:31.910386889+03:00","Action":"pass","Package":"virmill.local/provider-fixture","Test":"TestProviderPartialReceiptNeedsExplicitReconcileWithoutResourceMutation","Elapsed":0}
{"Time":"2026-09-08T07:51:31.910399159+03:00","Action":"run","Package":"virmill.local/provider-fixture","Test":"TestProviderIdentityReuseAndStalePlanNeverOverwrite"}
{"Time":"2026-09-08T07:51:31.910402598+03:00","Action":"output","Package":"virmill.local/provider-fixture","Test":"TestProviderIdentityReuseAndStalePlanNeverOverwrite","Output":"=== RUN   TestProviderIdentityReuseAndStalePlanNeverOverwrite\n","OutputType":"frame"}
{"Time":"2026-09-08T07:51:31.914903574+03:00","Action":"output","Package":"virmill.local/provider-fixture","Test":"TestProviderIdentityReuseAndStalePlanNeverOverwrite","Output":"--- PASS: TestProviderIdentityReuseAndStalePlanNeverOverwrite (0.00s)\n","OutputType":"frame"}
{"Time":"2026-09-08T07:51:31.914916348+03:00","Action":"pass","Package":"virmill.local/provider-fixture","Test":"TestProviderIdentityReuseAndStalePlanNeverOverwrite","Elapsed":0}
{"Time":"2026-09-08T07:51:31.914920215+03:00","Action":"run","Package":"virmill.local/provider-fixture","Test":"TestProviderPersistenceLostAcknowledgementRequiresRestartWithoutReplay"}
{"Time":"2026-09-08T07:51:31.914922453+03:00","Action":"output","Package":"virmill.local/provider-fixture","Test":"TestProviderPersistenceLostAcknowledgementRequiresRestartWithoutReplay","Output":"=== RUN   TestProviderPersistenceLostAcknowledgementRequiresRestartWithoutReplay\n","OutputType":"frame"}
{"Time":"2026-09-08T07:51:31.916820913+03:00","Action":"output","Package":"virmill.local/provider-fixture","Test":"TestProviderPersistenceLostAcknowledgementRequiresRestartWithoutReplay","Output":"--- PASS: TestProviderPersistenceLostAcknowledgementRequiresRestartWithoutReplay (0.00s)\n","OutputType":"frame"}
{"Time":"2026-09-08T07:51:31.916829317+03:00","Action":"pass","Package":"virmill.local/provider-fixture","Test":"TestProviderPersistenceLostAcknowledgementRequiresRestartWithoutReplay","Elapsed":0}
{"Time":"2026-09-08T07:51:31.916832925+03:00","Action":"run","Package":"virmill.local/provider-fixture","Test":"TestProviderBoundedMalformedCanceledAndCorruptStateRefused"}
{"Time":"2026-09-08T07:51:31.916834922+03:00","Action":"output","Package":"virmill.local/provider-fixture","Test":"TestProviderBoundedMalformedCanceledAndCorruptStateRefused","Output":"=== RUN   TestProviderBoundedMalformedCanceledAndCorruptStateRefused\n","OutputType":"frame"}
{"Time":"2026-09-08T07:51:31.91784885+03:00","Action":"run","Package":"virmill.local/provider-fixture","Test":"TestProviderBoundedMalformedCanceledAndCorruptStateRefused/keys"}
{"Time":"2026-09-08T07:51:31.91785441+03:00","Action":"output","Package":"virmill.local/provider-fixture","Test":"TestProviderBoundedMalformedCanceledAndCorruptStateRefused/keys","Output":"=== RUN   TestProviderBoundedMalformedCanceledAndCorruptStateRefused/keys\n","OutputType":"frame"}
{"Time":"2026-09-08T07:51:31.918786093+03:00","Action":"output","Package":"virmill.local/provider-fixture","Test":"TestProviderBoundedMalformedCanceledAndCorruptStateRefused/keys","Output":"--- PASS: TestProviderBoundedMalformedCanceledAndCorruptStateRefused/keys (0.00s)\n","OutputType":"frame"}
{"Time":"2026-09-08T07:51:31.918796079+03:00","Action":"pass","Package":"virmill.local/provider-fixture","Test":"TestProviderBoundedMalformedCanceledAndCorruptStateRefused/keys","Elapsed":0}
{"Time":"2026-09-08T07:51:31.918815094+03:00","Action":"run","Package":"virmill.local/provider-fixture","Test":"TestProviderBoundedMalformedCanceledAndCorruptStateRefused/operation-digest"}
{"Time":"2026-09-08T07:51:31.918817343+03:00","Action":"output","Package":"virmill.local/provider-fixture","Test":"TestProviderBoundedMalformedCanceledAndCorruptStateRefused/operation-digest","Output":"=== RUN   TestProviderBoundedMalformedCanceledAndCorruptStateRefused/operation-digest\n","OutputType":"frame"}
{"Time":"2026-09-08T07:51:31.91975655+03:00","Action":"output","Package":"virmill.local/provider-fixture","Test":"TestProviderBoundedMalformedCanceledAndCorruptStateRefused/operation-digest","Output":"--- PASS: TestProviderBoundedMalformedCanceledAndCorruptStateRefused/operation-digest (0.00s)\n","OutputType":"frame"}
{"Time":"2026-09-08T07:51:31.919769022+03:00","Action":"pass","Package":"virmill.local/provider-fixture","Test":"TestProviderBoundedMalformedCanceledAndCorruptStateRefused/operation-digest","Elapsed":0}
{"Time":"2026-09-08T07:51:31.919782542+03:00","Action":"run","Package":"virmill.local/provider-fixture","Test":"TestProviderBoundedMalformedCanceledAndCorruptStateRefused/version"}
{"Time":"2026-09-08T07:51:31.919784615+03:00","Action":"output","Package":"virmill.local/provider-fixture","Test":"TestProviderBoundedMalformedCanceledAndCorruptStateRefused/version","Output":"=== RUN   TestProviderBoundedMalformedCanceledAndCorruptStateRefused/version\n","OutputType":"frame"}
{"Time":"2026-09-08T07:51:31.920720753+03:00","Action":"output","Package":"virmill.local/provider-fixture","Test":"TestProviderBoundedMalformedCanceledAndCorruptStateRefused/version","Output":"--- PASS: TestProviderBoundedMalformedCanceledAndCorruptStateRefused/version (0.00s)\n","OutputType":"frame"}
{"Time":"2026-09-08T07:51:31.920726186+03:00","Action":"pass","Package":"virmill.local/provider-fixture","Test":"TestProviderBoundedMalformedCanceledAndCorruptStateRefused/version","Elapsed":0}
{"Time":"2026-09-08T07:51:31.920740356+03:00","Action":"run","Package":"virmill.local/provider-fixture","Test":"TestProviderBoundedMalformedCanceledAndCorruptStateRefused/oversize"}
{"Time":"2026-09-08T07:51:31.920742427+03:00","Action":"output","Package":"virmill.local/provider-fixture","Test":"TestProviderBoundedMalformedCanceledAndCorruptStateRefused/oversize","Output":"=== RUN   TestProviderBoundedMalformedCanceledAndCorruptStateRefused/oversize\n","OutputType":"frame"}
{"Time":"2026-09-08T07:51:31.934821156+03:00","Action":"output","Package":"virmill.local/provider-fixture","Test":"TestProviderBoundedMalformedCanceledAndCorruptStateRefused/oversize","Output":"--- PASS: TestProviderBoundedMalformedCanceledAndCorruptStateRefused/oversize (0.01s)\n","OutputType":"frame"}
{"Time":"2026-09-08T07:51:31.934850556+03:00","Action":"pass","Package":"virmill.local/provider-fixture","Test":"TestProviderBoundedMalformedCanceledAndCorruptStateRefused/oversize","Elapsed":0.01}
{"Time":"2026-09-08T07:51:31.93485559+03:00","Action":"run","Package":"virmill.local/provider-fixture","Test":"TestProviderBoundedMalformedCanceledAndCorruptStateRefused/symlink"}
{"Time":"2026-09-08T07:51:31.934856924+03:00","Action":"output","Package":"virmill.local/provider-fixture","Test":"TestProviderBoundedMalformedCanceledAndCorruptStateRefused/symlink","Output":"=== RUN   TestProviderBoundedMalformedCanceledAndCorruptStateRefused/symlink\n","OutputType":"frame"}
{"Time":"2026-09-08T07:51:31.935373994+03:00","Action":"output","Package":"virmill.local/provider-fixture","Test":"TestProviderBoundedMalformedCanceledAndCorruptStateRefused/symlink","Output":"--- PASS: TestProviderBoundedMalformedCanceledAndCorruptStateRefused/symlink (0.00s)\n","OutputType":"frame"}
{"Time":"2026-09-08T07:51:31.935385034+03:00","Action":"pass","Package":"virmill.local/provider-fixture","Test":"TestProviderBoundedMalformedCanceledAndCorruptStateRefused/symlink","Elapsed":0}
{"Time":"2026-09-08T07:51:31.935432447+03:00","Action":"output","Package":"virmill.local/provider-fixture","Test":"TestProviderBoundedMalformedCanceledAndCorruptStateRefused","Output":"--- PASS: TestProviderBoundedMalformedCanceledAndCorruptStateRefused (0.02s)\n","OutputType":"frame"}
{"Time":"2026-09-08T07:51:31.935445784+03:00","Action":"pass","Package":"virmill.local/provider-fixture","Test":"TestProviderBoundedMalformedCanceledAndCorruptStateRefused","Elapsed":0.02}
{"Time":"2026-09-08T07:51:31.935458672+03:00","Action":"run","Package":"virmill.local/provider-fixture","Test":"TestProviderPartialLifecycleReceiptsRemainExplicitAcrossRestart"}
{"Time":"2026-09-08T07:51:31.93546258+03:00","Action":"output","Package":"virmill.local/provider-fixture","Test":"TestProviderPartialLifecycleReceiptsRemainExplicitAcrossRestart","Output":"=== RUN   TestProviderPartialLifecycleReceiptsRemainExplicitAcrossRestart\n","OutputType":"frame"}
{"Time":"2026-09-08T07:51:31.935477292+03:00","Action":"run","Package":"virmill.local/provider-fixture","Test":"TestProviderPartialLifecycleReceiptsRemainExplicitAcrossRestart/start"}
{"Time":"2026-09-08T07:51:31.935479338+03:00","Action":"output","Package":"virmill.local/provider-fixture","Test":"TestProviderPartialLifecycleReceiptsRemainExplicitAcrossRestart/start","Output":"=== RUN   TestProviderPartialLifecycleReceiptsRemainExplicitAcrossRestart/start\n","OutputType":"frame"}
{"Time":"2026-09-08T07:51:31.938126431+03:00","Action":"output","Package":"virmill.local/provider-fixture","Test":"TestProviderPartialLifecycleReceiptsRemainExplicitAcrossRestart/start","Output":"--- PASS: TestProviderPartialLifecycleReceiptsRemainExplicitAcrossRestart/start (0.00s)\n","OutputType":"frame"}
{"Time":"2026-09-08T07:51:31.938137723+03:00","Action":"pass","Package":"virmill.local/provider-fixture","Test":"TestProviderPartialLifecycleReceiptsRemainExplicitAcrossRestart/start","Elapsed":0}
{"Time":"2026-09-08T07:51:31.938148669+03:00","Action":"run","Package":"virmill.local/provider-fixture","Test":"TestProviderPartialLifecycleReceiptsRemainExplicitAcrossRestart/stop"}
{"Time":"2026-09-08T07:51:31.938150672+03:00","Action":"output","Package":"virmill.local/provider-fixture","Test":"TestProviderPartialLifecycleReceiptsRemainExplicitAcrossRestart/stop","Output":"=== RUN   TestProviderPartialLifecycleReceiptsRemainExplicitAcrossRestart/stop\n","OutputType":"frame"}
{"Time":"2026-09-08T07:51:31.941559618+03:00","Action":"output","Package":"virmill.local/provider-fixture","Test":"TestProviderPartialLifecycleReceiptsRemainExplicitAcrossRestart/stop","Output":"--- PASS: TestProviderPartialLifecycleReceiptsRemainExplicitAcrossRestart/stop (0.00s)\n","OutputType":"frame"}
{"Time":"2026-09-08T07:51:31.941569851+03:00","Action":"pass","Package":"virmill.local/provider-fixture","Test":"TestProviderPartialLifecycleReceiptsRemainExplicitAcrossRestart/stop","Elapsed":0}
{"Time":"2026-09-08T07:51:31.941580462+03:00","Action":"run","Package":"virmill.local/provider-fixture","Test":"TestProviderPartialLifecycleReceiptsRemainExplicitAcrossRestart/delete"}
{"Time":"2026-09-08T07:51:31.941582594+03:00","Action":"output","Package":"virmill.local/provider-fixture","Test":"TestProviderPartialLifecycleReceiptsRemainExplicitAcrossRestart/delete","Output":"=== RUN   TestProviderPartialLifecycleReceiptsRemainExplicitAcrossRestart/delete\n","OutputType":"frame"}
{"Time":"2026-09-08T07:51:31.945633591+03:00","Action":"output","Package":"virmill.local/provider-fixture","Test":"TestProviderPartialLifecycleReceiptsRemainExplicitAcrossRestart/delete","Output":"--- PASS: TestProviderPartialLifecycleReceiptsRemainExplicitAcrossRestart/delete (0.00s)\n","OutputType":"frame"}
{"Time":"2026-09-08T07:51:31.945641991+03:00","Action":"pass","Package":"virmill.local/provider-fixture","Test":"TestProviderPartialLifecycleReceiptsRemainExplicitAcrossRestart/delete","Elapsed":0}
{"Time":"2026-09-08T07:51:31.945684609+03:00","Action":"output","Package":"virmill.local/provider-fixture","Test":"TestProviderPartialLifecycleReceiptsRemainExplicitAcrossRestart","Output":"--- PASS: TestProviderPartialLifecycleReceiptsRemainExplicitAcrossRestart (0.01s)\n","OutputType":"frame"}
{"Time":"2026-09-08T07:51:31.945688001+03:00","Action":"pass","Package":"virmill.local/provider-fixture","Test":"TestProviderPartialLifecycleReceiptsRemainExplicitAcrossRestart","Elapsed":0.01}
{"Time":"2026-09-08T07:51:31.945704365+03:00","Action":"run","Package":"virmill.local/provider-fixture","Test":"TestProviderInventoryMeasurements10_100_500"}
{"Time":"2026-09-08T07:51:31.945706729+03:00","Action":"output","Package":"virmill.local/provider-fixture","Test":"TestProviderInventoryMeasurements10_100_500","Output":"=== RUN   TestProviderInventoryMeasurements10_100_500\n","OutputType":"frame"}
{"Time":"2026-09-08T07:51:31.945730711+03:00","Action":"run","Package":"virmill.local/provider-fixture","Test":"TestProviderInventoryMeasurements10_100_500/10"}
{"Time":"2026-09-08T07:51:31.945732938+03:00","Action":"output","Package":"virmill.local/provider-fixture","Test":"TestProviderInventoryMeasurements10_100_500/10","Output":"=== RUN   TestProviderInventoryMeasurements10_100_500/10\n","OutputType":"frame"}
{"Time":"2026-09-08T07:51:31.956882766+03:00","Action":"output","Package":"virmill.local/provider-fixture","Test":"TestProviderInventoryMeasurements10_100_500/10","Output":"    provider_test.go:417: simulated inventory resources=10 pages=1 elapsed=310.184µs responseBytes=4266 durableStateBytes=11726; direct fixture handler plus JSON encoding, no host/TUI/remote performance or release budget claim\n"}
{"Time":"2026-09-08T07:51:31.956950962+03:00","Action":"output","Package":"virmill.local/provider-fixture","Test":"TestProviderInventoryMeasurements10_100_500/10","Output":"--- PASS: TestProviderInventoryMeasurements10_100_500/10 (0.01s)\n","OutputType":"frame"}
{"Time":"2026-09-08T07:51:31.956965004+03:00","Action":"pass","Package":"virmill.local/provider-fixture","Test":"TestProviderInventoryMeasurements10_100_500/10","Elapsed":0.01}
{"Time":"2026-09-08T07:51:31.956972591+03:00","Action":"run","Package":"virmill.local/provider-fixture","Test":"TestProviderInventoryMeasurements10_100_500/100"}
{"Time":"2026-09-08T07:51:31.956974163+03:00","Action":"output","Package":"virmill.local/provider-fixture","Test":"TestProviderInventoryMeasurements10_100_500/100","Output":"=== RUN   TestProviderInventoryMeasurements10_100_500/100\n","OutputType":"frame"}
{"Time":"2026-09-08T07:51:32.427599604+03:00","Action":"output","Package":"virmill.local/provider-fixture","Test":"TestProviderInventoryMeasurements10_100_500/100","Output":"    provider_test.go:417: simulated inventory resources=100 pages=1 elapsed=2.090549ms responseBytes=42067 durableStateBytes=115947; direct fixture handler plus JSON encoding, no host/TUI/remote performance or release budget claim\n"}
{"Time":"2026-09-08T07:51:32.427723528+03:00","Action":"output","Package":"virmill.local/provider-fixture","Test":"TestProviderInventoryMeasurements10_100_500/100","Output":"--- PASS: TestProviderInventoryMeasurements10_100_500/100 (0.47s)\n","OutputType":"frame"}
{"Time":"2026-09-08T07:51:32.42774578+03:00","Action":"pass","Package":"virmill.local/provider-fixture","Test":"TestProviderInventoryMeasurements10_100_500/100","Elapsed":0.47}
{"Time":"2026-09-08T07:51:32.427770722+03:00","Action":"run","Package":"virmill.local/provider-fixture","Test":"TestProviderInventoryMeasurements10_100_500/500"}
{"Time":"2026-09-08T07:51:32.427772246+03:00","Action":"output","Package":"virmill.local/provider-fixture","Test":"TestProviderInventoryMeasurements10_100_500/500","Output":"=== RUN   TestProviderInventoryMeasurements10_100_500/500\n","OutputType":"frame"}
{"Time":"2026-09-08T07:51:43.108350932+03:00","Action":"output","Package":"virmill.local/provider-fixture","Test":"TestProviderInventoryMeasurements10_100_500/500","Output":"    provider_test.go:417: simulated inventory resources=500 pages=5 elapsed=13.565202ms responseBytes=211067 durableStateBytes=579147; direct fixture handler plus JSON encoding, no host/TUI/remote performance or release budget claim\n"}
{"Time":"2026-09-08T07:51:43.108520094+03:00","Action":"output","Package":"virmill.local/provider-fixture","Test":"TestProviderInventoryMeasurements10_100_500/500","Output":"--- PASS: TestProviderInventoryMeasurements10_100_500/500 (10.68s)\n","OutputType":"frame"}
{"Time":"2026-09-08T07:51:43.108539092+03:00","Action":"pass","Package":"virmill.local/provider-fixture","Test":"TestProviderInventoryMeasurements10_100_500/500","Elapsed":10.68}
{"Time":"2026-09-08T07:51:43.108585015+03:00","Action":"output","Package":"virmill.local/provider-fixture","Test":"TestProviderInventoryMeasurements10_100_500","Output":"--- PASS: TestProviderInventoryMeasurements10_100_500 (11.16s)\n","OutputType":"frame"}
{"Time":"2026-09-08T07:51:43.108593926+03:00","Action":"pass","Package":"virmill.local/provider-fixture","Test":"TestProviderInventoryMeasurements10_100_500","Elapsed":11.16}
{"Time":"2026-09-08T07:51:43.108617485+03:00","Action":"output","Package":"virmill.local/provider-fixture","Output":"PASS\n","OutputType":"frame"}
{"Time":"2026-09-08T07:51:44.113369434+03:00","Action":"output","Package":"virmill.local/provider-fixture","Output":"ok  \tvirmill.local/provider-fixture\t14.315s\n"}
{"Time":"2026-09-08T07:51:44.113395616+03:00","Action":"pass","Package":"virmill.local/provider-fixture","Elapsed":14.315}
