?   	virmill.local/core/cmd/virmill	[no test files]
?   	virmill.local/core/cmd/virmill-dev	[no test files]
?   	virmill.local/core/cmd/virmill-host-helper	[no test files]
?   	virmill.local/core/cmd/virmilld	[no test files]
?   	virmill.local/core/contracts	[no test files]
ok  	virmill.local/core/internal/app	1.054s
ok  	virmill.local/core/internal/app/devices	1.014s
ok  	virmill.local/core/internal/app/importer	1.027s
?   	virmill.local/core/internal/app/lab	[no test files]
ok  	virmill.local/core/internal/app/network	1.016s
ok  	virmill.local/core/internal/app/protection	1.022s
ok  	virmill.local/core/internal/app/storage	1.015s
ok  	virmill.local/core/internal/backend/image	1.019s
ok  	virmill.local/core/internal/backend/libvirt	1.047s
ok  	virmill.local/core/internal/backend/xmlpatch	1.026s
?   	virmill.local/core/internal/buildinfo	[no test files]
?   	virmill.local/core/internal/domain	[no test files]
ok  	virmill.local/core/internal/helper	1.017s
ok  	virmill.local/core/internal/importing	1.339s
ok  	virmill.local/core/internal/operations	1.131s
ok  	virmill.local/core/internal/platform/linux	1.013s
ok  	virmill.local/core/internal/plugins	2.952s
ok  	virmill.local/core/internal/store	1.022s
ok  	virmill.local/core/internal/transport/local	1.046s
ok  	virmill.local/core/internal/ui	1.044s
ok  	virmill.local/core/internal/ui/cli	1.057s
ok  	virmill.local/core/internal/ui/tui	1.053s
ok  	virmill.local/core/internal/validation	1.108s
ok  	virmill.local/core/internal/wire	1.021s
?   	virmill.local/core/schemas	[no test files]
