?   	virmill.local/core/cmd/virmill	[no test files]
?   	virmill.local/core/cmd/virmill-dev	[no test files]
?   	virmill.local/core/cmd/virmill-host-helper	[no test files]
?   	virmill.local/core/cmd/virmilld	[no test files]
?   	virmill.local/core/contracts	[no test files]
ok  	virmill.local/core/internal/app	1.531s
ok  	virmill.local/core/internal/app/devices	1.015s
ok  	virmill.local/core/internal/app/importer	1.077s
?   	virmill.local/core/internal/app/lab	[no test files]
ok  	virmill.local/core/internal/app/network	1.017s
ok  	virmill.local/core/internal/app/protection	1.021s
ok  	virmill.local/core/internal/app/provision	1.377s
ok  	virmill.local/core/internal/app/storage	1.014s
ok  	virmill.local/core/internal/backend/fileidentity	1.013s
ok  	virmill.local/core/internal/backend/image	1.021s
ok  	virmill.local/core/internal/backend/libvirt	1.692s
ok  	virmill.local/core/internal/backend/seed	1.028s
ok  	virmill.local/core/internal/backend/xmlpatch	1.561s
?   	virmill.local/core/internal/buildinfo	[no test files]
ok  	virmill.local/core/internal/creating	7.633s
?   	virmill.local/core/internal/domain	[no test files]
ok  	virmill.local/core/internal/helper	1.020s
ok  	virmill.local/core/internal/importing	1.990s
ok  	virmill.local/core/internal/operations	1.151s
ok  	virmill.local/core/internal/platform/linux	1.023s
ok  	virmill.local/core/internal/plugins	2.835s
ok  	virmill.local/core/internal/store	1.057s
ok  	virmill.local/core/internal/transport/local	1.042s
ok  	virmill.local/core/internal/ui	1.035s
ok  	virmill.local/core/internal/ui/cli	1.062s
ok  	virmill.local/core/internal/ui/tui	1.065s
ok  	virmill.local/core/internal/validation	1.106s
ok  	virmill.local/core/internal/wire	1.013s
?   	virmill.local/core/schemas	[no test files]
