?   	virmill.local/core/cmd/virmill	[no test files]
?   	virmill.local/core/cmd/virmill-dev	[no test files]
?   	virmill.local/core/cmd/virmill-host-helper	[no test files]
?   	virmill.local/core/cmd/virmilld	[no test files]
?   	virmill.local/core/contracts	[no test files]
ok  	virmill.local/core/internal/app	5.954s
ok  	virmill.local/core/internal/app/devices	(cached)
ok  	virmill.local/core/internal/app/importer	(cached)
?   	virmill.local/core/internal/app/lab	[no test files]
ok  	virmill.local/core/internal/app/network	(cached)
ok  	virmill.local/core/internal/app/protection	6.736s
ok  	virmill.local/core/internal/app/provision	(cached)
ok  	virmill.local/core/internal/app/storage	(cached)
ok  	virmill.local/core/internal/auxiliary	1.140s
ok  	virmill.local/core/internal/backend/coldfiles	(cached)
ok  	virmill.local/core/internal/backend/fileaccess	(cached)
ok  	virmill.local/core/internal/backend/fileidentity	(cached)
ok  	virmill.local/core/internal/backend/guestssh	(cached)
ok  	virmill.local/core/internal/backend/image	(cached)
ok  	virmill.local/core/internal/backend/libvirt	12.133s
ok  	virmill.local/core/internal/backend/networkxml	(cached)
ok  	virmill.local/core/internal/backend/restic	(cached)
ok  	virmill.local/core/internal/backend/seed	(cached)
ok  	virmill.local/core/internal/backend/xmlpatch	(cached)
?   	virmill.local/core/internal/buildinfo	[no test files]
ok  	virmill.local/core/internal/coldcapture	4.792s
ok  	virmill.local/core/internal/coldstore	3.123s
ok  	virmill.local/core/internal/creating	17.486s
ok  	virmill.local/core/internal/domain	(cached)
ok  	virmill.local/core/internal/guestsetup	5.425s
ok  	virmill.local/core/internal/helper	(cached)
ok  	virmill.local/core/internal/importing	2.311s
ok  	virmill.local/core/internal/localbackup	3.980s
?   	virmill.local/core/internal/networkfirewall	[no test files]
ok  	virmill.local/core/internal/networksettings	(cached)
ok  	virmill.local/core/internal/operations	(cached)
ok  	virmill.local/core/internal/platform/linux	(cached)
ok  	virmill.local/core/internal/plugins	11.172s
ok  	virmill.local/core/internal/storageaccess	1.273s
ok  	virmill.local/core/internal/store	(cached)
ok  	virmill.local/core/internal/transport/local	1.628s
ok  	virmill.local/core/internal/ui	(cached)
ok  	virmill.local/core/internal/ui/cli	4.336s
ok  	virmill.local/core/internal/ui/tui	7.416s
ok  	virmill.local/core/internal/validation	1.383s
ok  	virmill.local/core/internal/wire	(cached)
?   	virmill.local/core/schemas	[no test files]
