?   	virmill.local/core/cmd/virmill	[no test files]
?   	virmill.local/core/cmd/virmill-dev	[no test files]
?   	virmill.local/core/cmd/virmill-host-helper	[no test files]
?   	virmill.local/core/cmd/virmilld	[no test files]
?   	virmill.local/core/contracts	[no test files]
ok  	virmill.local/core/internal/app	1.563s
ok  	virmill.local/core/internal/app/devices	1.018s
ok  	virmill.local/core/internal/app/importer	1.071s
?   	virmill.local/core/internal/app/lab	[no test files]
ok  	virmill.local/core/internal/app/network	1.016s
ok  	virmill.local/core/internal/app/protection	1.017s
ok  	virmill.local/core/internal/app/provision	1.334s
ok  	virmill.local/core/internal/app/storage	1.013s
ok  	virmill.local/core/internal/backend/fileaccess	1.031s
ok  	virmill.local/core/internal/backend/fileidentity	1.018s
ok  	virmill.local/core/internal/backend/image	1.016s
ok  	virmill.local/core/internal/backend/libvirt	1.907s
ok  	virmill.local/core/internal/backend/seed	1.027s
ok  	virmill.local/core/internal/backend/xmlpatch	1.627s
?   	virmill.local/core/internal/buildinfo	[no test files]
ok  	virmill.local/core/internal/creating	12.803s
?   	virmill.local/core/internal/domain	[no test files]
ok  	virmill.local/core/internal/helper	1.050s
ok  	virmill.local/core/internal/importing	2.060s
ok  	virmill.local/core/internal/operations	1.178s
ok  	virmill.local/core/internal/platform/linux	1.021s
ok  	virmill.local/core/internal/plugins	3.014s
ok  	virmill.local/core/internal/storageaccess	1.207s
ok  	virmill.local/core/internal/store	1.063s
ok  	virmill.local/core/internal/transport/local	1.051s
ok  	virmill.local/core/internal/ui	1.047s
ok  	virmill.local/core/internal/ui/cli	1.073s
ok  	virmill.local/core/internal/ui/tui	1.066s
ok  	virmill.local/core/internal/validation	1.122s
ok  	virmill.local/core/internal/wire	1.015s
?   	virmill.local/core/schemas	[no test files]
