?   	virmill.local/core/cmd/virmill	[no test files]
?   	virmill.local/core/cmd/virmill-dev	[no test files]
?   	virmill.local/core/cmd/virmill-host-helper	[no test files]
?   	virmill.local/core/cmd/virmilld	[no test files]
?   	virmill.local/core/contracts	[no test files]
ok  	virmill.local/core/internal/app	1.529s
ok  	virmill.local/core/internal/app/devices	1.014s
ok  	virmill.local/core/internal/app/importer	1.075s
?   	virmill.local/core/internal/app/lab	[no test files]
ok  	virmill.local/core/internal/app/network	1.015s
ok  	virmill.local/core/internal/app/protection	1.015s
ok  	virmill.local/core/internal/app/provision	1.136s
ok  	virmill.local/core/internal/app/storage	1.012s
ok  	virmill.local/core/internal/backend/fileaccess	1.026s
ok  	virmill.local/core/internal/backend/fileidentity	1.016s
ok  	virmill.local/core/internal/backend/image	1.019s
ok  	virmill.local/core/internal/backend/libvirt	1.837s
ok  	virmill.local/core/internal/backend/seed	1.024s
ok  	virmill.local/core/internal/backend/xmlpatch	1.586s
?   	virmill.local/core/internal/buildinfo	[no test files]
ok  	virmill.local/core/internal/creating	12.432s
?   	virmill.local/core/internal/domain	[no test files]
ok  	virmill.local/core/internal/helper	1.037s
ok  	virmill.local/core/internal/importing	2.018s
ok  	virmill.local/core/internal/operations	1.170s
ok  	virmill.local/core/internal/platform/linux	1.022s
ok  	virmill.local/core/internal/plugins	2.897s
ok  	virmill.local/core/internal/storageaccess	1.196s
ok  	virmill.local/core/internal/store	1.053s
ok  	virmill.local/core/internal/transport/local	1.045s
ok  	virmill.local/core/internal/ui	1.042s
ok  	virmill.local/core/internal/ui/cli	1.065s
ok  	virmill.local/core/internal/ui/tui	1.055s
ok  	virmill.local/core/internal/validation	1.105s
ok  	virmill.local/core/internal/wire	1.017s
?   	virmill.local/core/schemas	[no test files]
