{
  "status": "passed",
  "acceptanceSupport": [
    "UX-01",
    "UX-02"
  ],
  "scope": "installed80x24 TUI editing, normal-exit persistence, restart resume and explicit Start new; no source parsing or guest operation",
  "binaries": {
    "virmill": "58bf8b16362043a9df0693c027083e9569ca6ae621660247ba2463b53deadd02",
    "virmilld": "06d55685cf5d97e5ce61f8ae457215e09338251c1d9567deea56f8fc8daf660a"
  },
  "xdgStateHome": "/home/virmill-test/virmill-tests/wizard-drafts-tools-f371fa8/tui-draft-resume/state",
  "saved": {
    "path": "/home/virmill-test/virmill-tests/wizard-drafts-tools-f371fa8/tui-draft-resume/state/virmill/tui-drafts/import.json",
    "sha256": "85b80096445839e9b3d365cf8064539ab2be962caca0580c34faa8575e96031f",
    "document": {
      "version": 1,
      "connection": "qemu:///system",
      "state": "editing",
      "import": {
        "Kind": "iso",
        "Source": "",
        "SelectedSource": "",
        "DestinationParent": "",
        "DestinationName": "",
        "SystemID": "",
        "MediaID": "draft-resume-installer",
        "SHA256": "",
        "VMName": "",
        "VCPUs": "",
        "MemoryMiB": "",
        "Offline": false,
        "Disks": [
          {
            "ID": "disk1",
            "Path": "",
            "Format": "",
            "SizeMiB": "32768"
          }
        ],
        "Files": null,
        "Page": 0
      }
    }
  },
  "resumed": {
    "path": "/home/virmill-test/virmill-tests/wizard-drafts-tools-f371fa8/tui-draft-resume/state/virmill/tui-drafts/import.json",
    "sha256": "ef456dc2f70700711a9ea2a06ba5ea8fe50b3647f9ec7d24d29ab3d34c19ce3b",
    "document": {
      "version": 1,
      "connection": "qemu:///system",
      "state": "editing",
      "import": {
        "Kind": "iso",
        "Source": "",
        "SelectedSource": "",
        "DestinationParent": "",
        "DestinationName": "",
        "SystemID": "",
        "MediaID": "draft-resume-installer",
        "SHA256": "",
        "VMName": "",
        "VCPUs": "",
        "MemoryMiB": "",
        "Offline": false,
        "Disks": [
          {
            "ID": "disk1",
            "Path": "",
            "Format": "",
            "SizeMiB": "32768"
          }
        ],
        "Files": null,
        "Page": 0
      }
    }
  },
  "startedNew": {
    "path": "/home/virmill-test/virmill-tests/wizard-drafts-tools-f371fa8/tui-draft-resume/state/virmill/tui-drafts/import.json",
    "sha256": "5e1513aae950634ac2995a3833c015928a47e1942200a07200308fd4b5553748",
    "document": {
      "version": 1,
      "connection": "qemu:///system",
      "state": "editing",
      "import": {
        "Kind": "auto",
        "Source": "",
        "SelectedSource": "",
        "DestinationParent": "",
        "DestinationName": "",
        "SystemID": "",
        "MediaID": "",
        "SHA256": "",
        "VMName": "",
        "VCPUs": "",
        "MemoryMiB": "",
        "Offline": false,
        "Disks": null,
        "Files": null,
        "Page": 0
      }
    }
  },
  "preservation": "all observed guests, jobs and source-media metadata unchanged"
}
