{
  "status": "passed",
  "acceptanceSupport": [
    "UX-01",
    "UX-02"
  ],
  "scope": "installed80x24 TUI editing, normal-exit persistence, restart resume and explicit Start new; no source parsing or guest operation",
  "binaries": {
    "virmill": "115be5b5a2d94858ed4826cce64688ae3d38a8a35e1e37eccc611ee2e7cce13b",
    "virmilld": "8e5394025ae58c202ba91a14f7f66f81f0d0e386e9d075f61ecc8e6d5dd5d183"
  },
  "xdgStateHome": "<test-vm-home>/virmill-tests/wizard-drafts-final-e8965ca/tui-draft-resume/state",
  "saved": {
    "path": "<test-vm-home>/virmill-tests/wizard-drafts-final-e8965ca/tui-draft-resume/state/virmill/tui-drafts/import.json",
    "sha256": "2435346223f752fd3dfe95182d369131617aff2a88efde6457fb643bffd96124",
    "document": {
      "version": 1,
      "connection": "qemu:///system",
      "state": "editing",
      "import": {
        "Kind": "iso",
        "Source": "",
        "SelectedSource": "",
        "DestinationParent": "",
        "DestinationName": "",
        "SystemID": "",
        "MediaID": "draft-resume-installer",
        "SHA256": "",
        "VMName": "",
        "VCPUs": "",
        "MemoryMiB": "",
        "Offline": false,
        "Disks": [
          {
            "ID": "disk1",
            "Path": "",
            "Format": "",
            "SizeMiB": "32768"
          }
        ],
        "Files": null,
        "Page": 0
      }
    }
  },
  "resumed": {
    "path": "<test-vm-home>/virmill-tests/wizard-drafts-final-e8965ca/tui-draft-resume/state/virmill/tui-drafts/import.json",
    "sha256": "7ec5a3e825128e81fee1a03e604a1df1ec9d50c84697bacc516755bd25cc37f4",
    "document": {
      "version": 1,
      "connection": "qemu:///system",
      "state": "editing",
      "import": {
        "Kind": "iso",
        "Source": "",
        "SelectedSource": "",
        "DestinationParent": "",
        "DestinationName": "",
        "SystemID": "",
        "MediaID": "draft-resume-installer",
        "SHA256": "",
        "VMName": "",
        "VCPUs": "",
        "MemoryMiB": "",
        "Offline": false,
        "Disks": [
          {
            "ID": "disk1",
            "Path": "",
            "Format": "",
            "SizeMiB": "32768"
          }
        ],
        "Files": null,
        "Page": 0
      }
    }
  },
  "startedNew": {
    "path": "<test-vm-home>/virmill-tests/wizard-drafts-final-e8965ca/tui-draft-resume/state/virmill/tui-drafts/import.json",
    "sha256": "a58b5c159d083cdea25f690406d5e3e254326e3cd6f3c30d2da88c9a38d218e9",
    "document": {
      "version": 1,
      "connection": "qemu:///system",
      "state": "editing",
      "import": {
        "Kind": "auto",
        "Source": "",
        "SelectedSource": "",
        "DestinationParent": "",
        "DestinationName": "",
        "SystemID": "",
        "MediaID": "",
        "SHA256": "",
        "VMName": "",
        "VCPUs": "",
        "MemoryMiB": "",
        "Offline": false,
        "Disks": null,
        "Files": null,
        "Page": 0
      }
    }
  },
  "preservation": "all observed guests, jobs and source-media metadata unchanged"
}
